#
# There is insufficient memory for the Java Runtime Environment to continue.
# Native memory allocation (malloc) failed to allocate 1283760 bytes. Error detail: Chunk::new
# Possible reasons:
#   The system is out of physical RAM or swap space
#   This process is running with CompressedOops enabled, and the Java Heap may be blocking the growth of the native heap
# Possible solutions:
#   Reduce memory load on the system
#   Increase physical memory or swap space
#   Check if swap backing store is full
#   Decrease Java heap size (-Xmx/-Xms)
#   Decrease number of Java threads
#   Decrease Java thread stack sizes (-Xss)
#   Set larger code cache with -XX:ReservedCodeCacheSize=
#   JVM is running with Unscaled Compressed Oops mode in which the Java heap is
#     placed in the first 4GB address space. The Java Heap base address is the
#     maximum limit for the native heap growth. Please use -XX:HeapBaseMinAddress
#     to set the Java Heap base and to place the Java Heap above 4GB virtual address.
# This output file may be truncated or incomplete.
#
#  Out of Memory Error (arena.cpp:168), pid=15936, tid=1804
#
# JRE version: OpenJDK Runtime Environment Temurin-21.0.10+7 (21.0.10+7) (build 21.0.10+7-LTS)
# Java VM: OpenJDK 64-Bit Server VM Temurin-21.0.10+7 (21.0.10+7-LTS, mixed mode, sharing, tiered, compressed oops, compressed class ptrs, parallel gc, windows-amd64)
# No core dump will be written. Minidumps are not enabled by default on client versions of Windows
#

---------------  S U M M A R Y ------------

Command Line: --add-modules=ALL-SYSTEM --add-opens=java.base/java.util=ALL-UNNAMED --add-opens=java.base/java.lang=ALL-UNNAMED --add-opens=java.base/sun.nio.fs=ALL-UNNAMED -Declipse.application=org.eclipse.jdt.ls.core.id1 -Dosgi.bundles.defaultStartLevel=4 -Declipse.product=org.eclipse.jdt.ls.core.product -Djava.import.generatesMetadataFilesAtProjectRoot=false -DDetectVMInstallationsJob.disabled=true -Dfile.encoding=utf8 -XX:+UseParallelGC -XX:GCTimeRatio=4 -XX:AdaptiveSizePolicyWeight=90 -Dsun.zip.disableMemoryMapping=true -Xmx2G -Xms100m -Xlog:disable -javaagent:c:\Users\atiya\.vscode\extensions\redhat.java-1.53.0-win32-x64\lombok\lombok-1.18.39-4050.jar -XX:+HeapDumpOnOutOfMemoryError -XX:HeapDumpPath=c:\Users\atiya\AppData\Roaming\Code\User\workspaceStorage\c4757375b3221e1285def358a49f61f5\redhat.java -Daether.dependencyCollector.impl=bf c:\Users\atiya\.vscode\extensions\redhat.java-1.53.0-win32-x64\server\plugins\org.eclipse.equinox.launcher_1.7.100.v20251111-0406.jar -configuration c:\Users\atiya\AppData\Roaming\Code\User\globalStorage\redhat.java\1.53.0\config_win -data c:\Users\atiya\AppData\Roaming\Code\User\workspaceStorage\c4757375b3221e1285def358a49f61f5\redhat.java\jdt_ws --pipe=\\.\pipe\lsp-407ef02dbc56e6ec28906efd47714a65-sock

Host: Intel(R) Core(TM) i7-10750H CPU @ 2.60GHz, 12 cores, 15G,  Windows 11 , 64 bit Build 26100 (10.0.26100.8328)
Time: Fri Jun  5 14:03:30 2026 W. Central Africa Standard Time elapsed time: 26.192040 seconds (0d 0h 0m 26s)

---------------  T H R E A D  ---------------

Current thread (0x000002bbf7968f20):  JavaThread "C2 CompilerThread0" daemon [_thread_in_native, id=1804, stack(0x000000fef6000000,0x000000fef6100000) (1024K)]


Current CompileTask:
C2:26192 10388   !   4       java.nio.file.FileTreeWalker::next (144 bytes)

Stack: [0x000000fef6000000,0x000000fef6100000]
Native frames: (J=compiled Java code, j=interpreted, Vv=VM code, C=native code)
V  [jvm.dll+0x6d7a39]
V  [jvm.dll+0x8b4b26]
V  [jvm.dll+0x8b70de]
V  [jvm.dll+0x8b77c3]
V  [jvm.dll+0x284346]
V  [jvm.dll+0xc66ed]
V  [jvm.dll+0xc6c31]
V  [jvm.dll+0x3bec3b]
V  [jvm.dll+0x1e3f69]
V  [jvm.dll+0x24c6b3]
V  [jvm.dll+0x24bb40]
V  [jvm.dll+0x1cb34e]
V  [jvm.dll+0x25b85d]
V  [jvm.dll+0x259dea]
V  [jvm.dll+0x3f857e]
V  [jvm.dll+0x85f59d]
V  [jvm.dll+0x6d626d]
C  [ucrtbase.dll+0x37b0]
C  [KERNEL32.DLL+0x2e957]
C  [ntdll.dll+0x427c]


---------------  P R O C E S S  ---------------

Threads class SMR info:
_java_thread_list=0x000002bbff0c4dc0, length=43, elements={
0x000002bbdfc70320, 0x000002bbdfbfd9a0, 0x000002bbdfc00770, 0x000002bbdfc097c0,
0x000002bbdfc0c4c0, 0x000002bbdfc0cb30, 0x000002bbf7964730, 0x000002bbf7968f20,
0x000002bbf798b240, 0x000002bbf7ba5e70, 0x000002bbf7d00f50, 0x000002bbfd36a7d0,
0x000002bbfd870a20, 0x000002bbfd039350, 0x000002bbfd03a700, 0x000002bbfd03a070,
0x000002bbfd03ad90, 0x000002bbfd03b420, 0x000002bbfd037fa0, 0x000002bbfd03ce60,
0x000002bbfd03db80, 0x000002bbfd03bab0, 0x000002bbfd03d4f0, 0x000002bbfd03e210,
0x000002bbfd03f5c0, 0x000002bbfd03e8a0, 0x000002bbfd03c7d0, 0x000002bbfd03ef30,
0x000002bbfd03c140, 0x000002bbc21463f0, 0x000002bbc21456d0, 0x000002bbc21484c0,
0x000002bbc2145040, 0x000002bbc2146a80, 0x000002bbc21477a0, 0x000002bbc2145d60,
0x000002bbc214a590, 0x000002bbc21491e0, 0x000002bbc2148b50, 0x000002bbc2149f00,
0x000002bbc2147110, 0x000002bbc214ac20, 0x000002bbff0bfb90
}

Java Threads: ( => current thread )
  0x000002bbdfc70320 JavaThread "main"                              [_thread_blocked, id=18920, stack(0x000000fef5600000,0x000000fef5700000) (1024K)]
  0x000002bbdfbfd9a0 JavaThread "Reference Handler"          daemon [_thread_blocked, id=18424, stack(0x000000fef5a00000,0x000000fef5b00000) (1024K)]
  0x000002bbdfc00770 JavaThread "Finalizer"                  daemon [_thread_blocked, id=6832, stack(0x000000fef5b00000,0x000000fef5c00000) (1024K)]
  0x000002bbdfc097c0 JavaThread "Signal Dispatcher"          daemon [_thread_blocked, id=16584, stack(0x000000fef5c00000,0x000000fef5d00000) (1024K)]
  0x000002bbdfc0c4c0 JavaThread "Attach Listener"            daemon [_thread_blocked, id=11500, stack(0x000000fef5d00000,0x000000fef5e00000) (1024K)]
  0x000002bbdfc0cb30 JavaThread "Service Thread"             daemon [_thread_blocked, id=11572, stack(0x000000fef5e00000,0x000000fef5f00000) (1024K)]
  0x000002bbf7964730 JavaThread "Monitor Deflation Thread"   daemon [_thread_blocked, id=28176, stack(0x000000fef5f00000,0x000000fef6000000) (1024K)]
=>0x000002bbf7968f20 JavaThread "C2 CompilerThread0"         daemon [_thread_in_native, id=1804, stack(0x000000fef6000000,0x000000fef6100000) (1024K)]
  0x000002bbf798b240 JavaThread "C1 CompilerThread0"         daemon [_thread_blocked, id=31704, stack(0x000000fef6100000,0x000000fef6200000) (1024K)]
  0x000002bbf7ba5e70 JavaThread "Common-Cleaner"             daemon [_thread_blocked, id=14892, stack(0x000000fef6200000,0x000000fef6300000) (1024K)]
  0x000002bbf7d00f50 JavaThread "Notification Thread"        daemon [_thread_blocked, id=30104, stack(0x000000fef6500000,0x000000fef6600000) (1024K)]
  0x000002bbfd36a7d0 JavaThread "Active Thread: Equinox Container: d34bfad5-2d1f-4375-940b-d166586852ea"        [_thread_blocked, id=28892, stack(0x000000fef7200000,0x000000fef7300000) (1024K)]
  0x000002bbfd870a20 JavaThread "Refresh Thread: Equinox Container: d34bfad5-2d1f-4375-940b-d166586852ea" daemon [_thread_blocked, id=16984, stack(0x000000fef7400000,0x000000fef7500000) (1024K)]
  0x000002bbfd039350 JavaThread "Framework Event Dispatcher: Equinox Container: d34bfad5-2d1f-4375-940b-d166586852ea" daemon [_thread_blocked, id=3728, stack(0x000000fef7d00000,0x000000fef7e00000) (1024K)]
  0x000002bbfd03a700 JavaThread "Start Level: Equinox Container: d34bfad5-2d1f-4375-940b-d166586852ea" daemon [_thread_blocked, id=14160, stack(0x000000fef7e00000,0x000000fef7f00000) (1024K)]
  0x000002bbfd03a070 JavaThread "Bundle File Closer"         daemon [_thread_blocked, id=19268, stack(0x000000fef7f00000,0x000000fef8000000) (1024K)]
  0x000002bbfd03ad90 JavaThread "SCR Component Actor"        daemon [_thread_blocked, id=15788, stack(0x000000fef6300000,0x000000fef6400000) (1024K)]
  0x000002bbfd03b420 JavaThread "Worker-JM"                         [_thread_blocked, id=30340, stack(0x000000fef8100000,0x000000fef8200000) (1024K)]
  0x000002bbfd037fa0 JavaThread "Worker-0"                          [_thread_blocked, id=19492, stack(0x000000fef8200000,0x000000fef8300000) (1024K)]
  0x000002bbfd03ce60 JavaThread "Worker-1: Initialize Workspace"        [_thread_in_native, id=21492, stack(0x000000fef8300000,0x000000fef8400000) (1024K)]
  0x000002bbfd03db80 JavaThread "Java indexing"              daemon [_thread_in_Java, id=11096, stack(0x000000fef8000000,0x000000fef8100000) (1024K)]
  0x000002bbfd03bab0 JavaThread "Worker-2"                          [_thread_blocked, id=1544, stack(0x000000fef8400000,0x000000fef8500000) (1024K)]
  0x000002bbfd03d4f0 JavaThread "JNA Cleaner"                daemon [_thread_blocked, id=25472, stack(0x000000fef8500000,0x000000fef8600000) (1024K)]
  0x000002bbfd03e210 JavaThread "Worker-3: Java indexing... "        [_thread_blocked, id=18804, stack(0x000000fef8800000,0x000000fef8900000) (1024K)]
  0x000002bbfd03f5c0 JavaThread "Worker-4"                          [_thread_blocked, id=21732, stack(0x000000fef8900000,0x000000fef8a00000) (1024K)]
  0x000002bbfd03e8a0 JavaThread "Worker-5"                          [_thread_blocked, id=23276, stack(0x000000fef8a00000,0x000000fef8b00000) (1024K)]
  0x000002bbfd03c7d0 JavaThread "Thread-1"                   daemon [_thread_in_native, id=26336, stack(0x000000fef8b00000,0x000000fef8c00000) (1024K)]
  0x000002bbfd03ef30 JavaThread "Thread-2"                   daemon [_thread_in_native, id=28448, stack(0x000000fef8c00000,0x000000fef8d00000) (1024K)]
  0x000002bbfd03c140 JavaThread "Thread-3"                   daemon [_thread_in_native, id=27676, stack(0x000000fef8d00000,0x000000fef8e00000) (1024K)]
  0x000002bbc21463f0 JavaThread "Thread-4"                   daemon [_thread_in_native, id=25236, stack(0x000000fef8e00000,0x000000fef8f00000) (1024K)]
  0x000002bbc21456d0 JavaThread "Thread-5"                   daemon [_thread_in_native, id=8532, stack(0x000000fef8f00000,0x000000fef9000000) (1024K)]
  0x000002bbc21484c0 JavaThread "Thread-6"                   daemon [_thread_in_native, id=10708, stack(0x000000fef9000000,0x000000fef9100000) (1024K)]
  0x000002bbc2145040 JavaThread "Thread-7"                   daemon [_thread_in_native, id=30912, stack(0x000000fef9100000,0x000000fef9200000) (1024K)]
  0x000002bbc2146a80 JavaThread "Thread-8"                   daemon [_thread_in_native, id=2568, stack(0x000000fef9200000,0x000000fef9300000) (1024K)]
  0x000002bbc21477a0 JavaThread "Thread-9"                   daemon [_thread_in_native, id=21164, stack(0x000000fef9300000,0x000000fef9400000) (1024K)]
  0x000002bbc2145d60 JavaThread "Thread-10"                  daemon [_thread_in_native, id=8652, stack(0x000000fef9400000,0x000000fef9500000) (1024K)]
  0x000002bbc214a590 JavaThread "Thread-11"                  daemon [_thread_in_native, id=19448, stack(0x000000fef9500000,0x000000fef9600000) (1024K)]
  0x000002bbc21491e0 JavaThread "Thread-12"                  daemon [_thread_in_native, id=25640, stack(0x000000fef9600000,0x000000fef9700000) (1024K)]
  0x000002bbc2148b50 JavaThread "Thread-13"                  daemon [_thread_in_native, id=26800, stack(0x000000fef9700000,0x000000fef9800000) (1024K)]
  0x000002bbc2149f00 JavaThread "pool-2-thread-1"                   [_thread_blocked, id=1048, stack(0x000000fef9800000,0x000000fef9900000) (1024K)]
  0x000002bbc2147110 JavaThread "WorkspaceEventsHandler"            [_thread_blocked, id=16472, stack(0x000000fef9900000,0x000000fef9a00000) (1024K)]
  0x000002bbc214ac20 JavaThread "pool-1-thread-1"                   [_thread_blocked, id=3320, stack(0x000000fef9a00000,0x000000fef9b00000) (1024K)]
  0x000002bbff0bfb90 JavaThread "C2 CompilerThread1"         daemon [_thread_in_native, id=2864, stack(0x000000fef9f00000,0x000000fefa000000) (1024K)]
Total: 43

Other Threads:
  0x000002bbdfd05d40 VMThread "VM Thread"                           [id=14124, stack(0x000000fef5900000,0x000000fef5a00000) (1024K)]
  0x000002bbdfaeca00 WatcherThread "VM Periodic Task Thread"        [id=30308, stack(0x000000fef5800000,0x000000fef5900000) (1024K)]
  0x000002bbdfc877d0 WorkerThread "GC Thread#0"                     [id=24664, stack(0x000000fef5700000,0x000000fef5800000) (1024K)]
  0x000002bbfda9c550 WorkerThread "GC Thread#1"                     [id=26768, stack(0x000000fef6600000,0x000000fef6700000) (1024K)]
  0x000002bbfda9ccb0 WorkerThread "GC Thread#2"                     [id=21000, stack(0x000000fef6700000,0x000000fef6800000) (1024K)]
  0x000002bbfda9c900 WorkerThread "GC Thread#3"                     [id=14708, stack(0x000000fef6800000,0x000000fef6900000) (1024K)]
  0x000002bbfda9d060 WorkerThread "GC Thread#4"                     [id=9392, stack(0x000000fef6900000,0x000000fef6a00000) (1024K)]
  0x000002bbfda9d410 WorkerThread "GC Thread#5"                     [id=30512, stack(0x000000fef6a00000,0x000000fef6b00000) (1024K)]
  0x000002bbfda9ba40 WorkerThread "GC Thread#6"                     [id=21756, stack(0x000000fef6b00000,0x000000fef6c00000) (1024K)]
  0x000002bbfd86c2c0 WorkerThread "GC Thread#7"                     [id=13424, stack(0x000000fef7300000,0x000000fef7400000) (1024K)]
  0x000002bbfd86cdd0 WorkerThread "GC Thread#8"                     [id=16440, stack(0x000000fef7b00000,0x000000fef7c00000) (1024K)]
  0x000002bbfd86d530 WorkerThread "GC Thread#9"                     [id=17280, stack(0x000000fef6400000,0x000000fef6500000) (1024K)]
Total: 12

Threads with active compile tasks:
C2 CompilerThread0  26227 10388   !   4       java.nio.file.FileTreeWalker::next (144 bytes)
C2 CompilerThread1  26228 10589       4       sun.nio.fs.WindowsPathParser::normalize (233 bytes)
Total: 2

VM state: not at safepoint (normal execution)

VM Mutex/Monitor currently owned by a thread: None

Heap address: 0x0000000080000000, size: 2048 MB, Compressed Oops mode: 32-bit

CDS archive(s) mapped at: [0x000002bb80000000-0x000002bb80ba0000-0x000002bb80ba0000), size 12189696, SharedBaseAddress: 0x000002bb80000000, ArchiveRelocationMode: 1.
Compressed class space mapped at: 0x000002bb81000000-0x000002bbc1000000, reserved size: 1073741824
Narrow klass base: 0x000002bb80000000, Narrow klass shift: 0, Narrow klass range: 0x100000000

GC Precious Log:
 CardTable entry size: 512
 CPUs: 12 total, 12 available
 Memory: 16160M
 Large Page Support: Disabled
 NUMA Support: Disabled
 Compressed Oops: Enabled (32-bit)
 Alignments: Space 512K, Generation 512K, Heap 2M
 Heap Min Capacity: 100M
 Heap Initial Capacity: 100M
 Heap Max Capacity: 2G
 Pre-touch: Disabled
 Parallel Workers: 10

Heap:
 PSYoungGen      total 17920K, used 11466K [0x00000000d5580000, 0x00000000d6900000, 0x0000000100000000)
  eden space 15872K, 62% used [0x00000000d5580000,0x00000000d5f32a08,0x00000000d6500000)
  from space 2048K, 75% used [0x00000000d6700000,0x00000000d6880000,0x00000000d6900000)
  to   space 2048K, 0% used [0x00000000d6500000,0x00000000d6500000,0x00000000d6700000)
 ParOldGen       total 603648K, used 53068K [0x0000000080000000, 0x00000000a4d80000, 0x00000000d5580000)
  object space 603648K, 8% used [0x0000000080000000,0x00000000833d30a0,0x00000000a4d80000)
 Metaspace       used 57387K, committed 58752K, reserved 1114112K
  class space    used 6150K, committed 6720K, reserved 1048576K

Card table byte_map: [0x000002bbdf600000,0x000002bbdfa10000] _byte_map_base: 0x000002bbdf200000

Marking Bits: (ParMarkBitMap*) 0x00007ffff9363450
 Begin Bits: [0x000002bbf2110000, 0x000002bbf4110000)
 End Bits:   [0x000002bbf4110000, 0x000002bbf6110000)

Polling page: 0x000002bbdda60000

Metaspace:

Usage:
  Non-class:     50.04 MB used.
      Class:      6.01 MB used.
       Both:     56.04 MB used.

Virtual space:
  Non-class space:       64.00 MB reserved,      50.81 MB ( 79%) committed,  1 nodes.
      Class space:        1.00 GB reserved,       6.56 MB ( <1%) committed,  1 nodes.
             Both:        1.06 GB reserved,      57.38 MB (  5%) committed. 

Chunk freelists:
   Non-Class:  12.73 MB
       Class:  9.41 MB
        Both:  22.14 MB

MaxMetaspaceSize: unlimited
CompressedClassSpaceSize: 1.00 GB
Initial GC threshold: 21.00 MB
Current GC threshold: 58.38 MB
CDS: on
 - commit_granule_bytes: 65536.
 - commit_granule_words: 8192.
 - virtual_space_node_default_size: 8388608.
 - enlarge_chunks_in_place: 1.
 - use_allocation_guard: 0.


Internal statistics:


CodeCache:


Exception <a 'sun/nio/fs/WindowsException'{0x00000000d6159e60}> (0x00000000d6159e60) 
thrown [s\src\hotspot\share\prims\jni.cpp, line 520]
Event: 24.938 Thread 0x000002bbfd03ce60 Exception <a 'sun/nio/fs/WindowsException'{0x00000000d617ce00}> (0x00000000d617ce00) 
thrown [s\src\hotspot\share\prims\jni.cpp, line 520]
Event: 24.938 Thread 0x000002bbfd03ce60 Exception <a 'sun/nio/fs/WindowsException'{0x00000000d617d908}> (0x00000000d617d908) 
thrown [s\src\hotspot\share\prims\jni.cpp, line 520]
Event: 25.511 Thread 0x000002bbfd03db80 Implicit null exception at 0x000002bbeaeb4728 to 0x000002bbeaeb4ae0
Event: 25.577 Thread 0x000002bbfd03db80 Exception <a 'java/lang/NoSuchMethodError'{0x00000000d6228930}: 'java.lang.Object java.lang.invoke.DelegatingMethodHandle$Holder.reinvoke_L(java.lang.Object, int, long, java.lang.Object, java.lang.Object, int, java.lang.Object)'> (0x00000000d6228930) 
thrown [s\src\hotspot\share\interpreter\linkResolver.cpp, line 773]

ZGC Phase Switch (0 events):
No events

VM Operations (20 events):
Event: 25.722 Executing safepoint VM operation: ParallelGCFailedAllocation (Allocation Failure)
Event: 25.723 Executing safepoint VM operation: ParallelGCFailedAllocation (Allocation Failure) done
Event: 25.762 Executing safepoint VM operation: ParallelGCFailedAllocation (Allocation Failure)
Event: 25.764 Executing safepoint VM operation: ParallelGCFailedAllocation (Allocation Failure) done
Event: 25.809 Executing non-safepoint VM operation: HandshakeAllThreads (Deoptimize)
Event: 25.809 Executing non-safepoint VM operation: HandshakeAllThreads (Deoptimize) done
Event: 25.840 Executing safepoint VM operation: ParallelGCFailedAllocation (Allocation Failure)
Event: 25.844 Executing safepoint VM operation: ParallelGCFailedAllocation (Allocation Failure) done
Event: 25.882 Executing safepoint VM operation: ParallelGCFailedAllocation (Allocation Failure)
Event: 25.885 Executing safepoint VM operation: ParallelGCFailedAllocation (Allocation Failure) done
Event: 25.927 Executing safepoint VM operation: ParallelGCFailedAllocation (Allocation Failure)
Event: 25.930 Executing safepoint VM operation: ParallelGCFailedAllocation (Allocation Failure) done
Event: 25.963 Executing safepoint VM operation: ParallelGCFailedAllocation (Allocation Failure)
Event: 25.966 Executing safepoint VM operation: ParallelGCFailedAllocation (Allocation Failure) done
Event: 26.022 Executing safepoint VM operation: ParallelGCFailedAllocation (Allocation Failure)
Event: 26.025 Executing safepoint VM operation: ParallelGCFailedAllocation (Allocation Failure) done
Event: 26.078 Executing safepoint VM operation: ParallelGCFailedAllocation (Allocation Failure)
Event: 26.082 Executing safepoint VM operation: ParallelGCFailedAllocation (Allocation Failure) done
Event: 26.156 Executing safepoint VM operation: ParallelGCFailedAllocation (Allocation Failure)
Event: 26.160 Executing safepoint VM operation: ParallelGCFailedAllocation (Allocation Failure) done

Memory protections (0 events):
No events

Nmethod flushes (20 events):
Event: 13.917 Thread 0x000002bbdfd05d40 flushing  nmethod 0x000002bbe3671e90
Event: 13.917 Thread 0x000002bbdfd05d40 flushing  nmethod 0x000002bbe3677c10
Event: 13.917 Thread 0x000002bbdfd05d40 flushing  nmethod 0x000002bbe36a8610
Event: 13.917 Thread 0x000002bbdfd05d40 flushing  nmethod 0x000002bbe36d8b90
Event: 13.917 Thread 0x000002bbdfd05d40 flushing  nmethod 0x000002bbe372b610
Event: 13.917 Thread 0x000002bbdfd05d40 flushing  nmethod 0x000002bbe373c710
Event: 13.917 Thread 0x000002bbdfd05d40 flushing  nmethod 0x000002bbe375d410
Event: 13.917 Thread 0x000002bbdfd05d40 flushing  nmethod 0x000002bbe375d810
Event: 13.917 Thread 0x000002bbdfd05d40 flushing  nmethod 0x000002bbe375e110
Event: 13.917 Thread 0x000002bbdfd05d40 flushing  nmethod 0x000002bbe375f310
Event: 13.917 Thread 0x000002bbdfd05d40 flushing  nmethod 0x000002bbe375fb10
Event: 13.917 Thread 0x000002bbdfd05d40 flushing  nmethod 0x000002bbe3760290
Event: 13.917 Thread 0x000002bbdfd05d40 flushing  nmethod 0x000002bbe3761390
Event: 13.917 Thread 0x000002bbdfd05d40 flushing  nmethod 0x000002bbe3762490
Event: 13.917 Thread 0x000002bbdfd05d40 flushing  nmethod 0x000002bbe3762990
Event: 13.917 Thread 0x000002bbdfd05d40 flushing  nmethod 0x000002bbe3765290
Event: 13.917 Thread 0x000002bbdfd05d40 flushing  nmethod 0x000002bbe3765c10
Event: 13.917 Thread 0x000002bbdfd05d40 flushing  nmethod 0x000002bbe3782210
Event: 13.917 Thread 0x000002bbdfd05d40 flushing  nmethod 0x000002bbe378c490
Event: 13.917 Thread 0x000002bbdfd05d40 flushing  nmethod 0x000002bbe383ad10

Events (20 events):
Event: 24.510 Thread 0x000002bbfd03ce60 Thread added: 0x000002bbc122a360
Event: 24.510 Thread 0x000002bbfd03ce60 Thread added: 0x000002bbc122d7e0
Event: 24.582 Thread 0x000002bbf798b240 Thread added: 0x000002bbff0bfb90
Event: 24.678 Thread 0x000002bbc122c430 Thread exited: 0x000002bbc122c430
Event: 24.678 Thread 0x000002bbc122d150 Thread exited: 0x000002bbc122d150
Event: 24.678 Thread 0x000002bbc122a360 Thread exited: 0x000002bbc122a360
Event: 24.678 Thread 0x000002bbc1229cd0 Thread exited: 0x000002bbc1229cd0
Event: 24.678 Thread 0x000002bbc122d7e0 Thread exited: 0x000002bbc122d7e0
Event: 25.439 Thread 0x000002bbfd038cc0 Thread exited: 0x000002bbfd038cc0
Event: 25.440 Thread 0x000002bbfd0399e0 Thread exited: 0x000002bbfd0399e0
Event: 25.440 Thread 0x000002bbfd5866a0 Thread exited: 0x000002bbfd5866a0
Event: 25.440 Thread 0x000002bbfd8cad40 Thread exited: 0x000002bbfd8cad40
Event: 25.440 Thread 0x000002bbfd870390 Thread exited: 0x000002bbfd870390
Event: 25.440 Thread 0x000002bbfd038630 Thread exited: 0x000002bbfd038630
Event: 25.440 Thread 0x000002bbfd143ec0 Thread exited: 0x000002bbfd143ec0
Event: 25.440 Thread 0x000002bbfd871740 Thread exited: 0x000002bbfd871740
Event: 25.440 Thread 0x000002bbfd8710b0 Thread exited: 0x000002bbfd8710b0
Event: 25.440 Thread 0x000002bbfd5b94e0 Thread exited: 0x000002bbfd5b94e0
Event: 25.454 Thread 0x000002bbfd0e2840 Thread exited: 0x000002bbfd0e2840
Event: 25.454 Thread 0x000002bbfd5ba360 Thread exited: 0x000002bbfd5ba360


Dynamic libraries:
0x00007ff68a370000 - 0x00007ff68a37e000 	c:\Users\atiya\.vscode\extensions\redhat.java-1.53.0-win32-x64\jre\21.0.10-win32-x86_64\bin\java.exe
0x00007ff8a0340000 - 0x00007ff8a05a7000 	C:\WINDOWS\SYSTEM32\ntdll.dll
0x00007ff89f390000 - 0x00007ff89f459000 	C:\WINDOWS\System32\KERNEL32.DLL
0x00007ff89ce20000 - 0x00007ff89d217000 	C:\WINDOWS\System32\KERNELBASE.dll
0x00007ff89a150000 - 0x00007ff89a1f0000 	C:\WINDOWS\SYSTEM32\apphelp.dll
0x00007ff89d450000 - 0x00007ff89d59b000 	C:\WINDOWS\System32\ucrtbase.dll
0x00007ff87ef20000 - 0x00007ff87ef38000 	c:\Users\atiya\.vscode\extensions\redhat.java-1.53.0-win32-x64\jre\21.0.10-win32-x86_64\bin\jli.dll
0x00007ff865e90000 - 0x00007ff865eae000 	c:\Users\atiya\.vscode\extensions\redhat.java-1.53.0-win32-x64\jre\21.0.10-win32-x86_64\bin\VCRUNTIME140.dll
0x00007ff89efd0000 - 0x00007ff89f196000 	C:\WINDOWS\System32\USER32.dll
0x00007ff880880000 - 0x00007ff880b12000 	C:\WINDOWS\WinSxS\amd64_microsoft.windows.common-controls_6595b64144ccf1df_6.0.26100.8457_none_3e0b2faee331e92d\COMCTL32.dll
0x00007ff89d5a0000 - 0x00007ff89d5c7000 	C:\WINDOWS\System32\win32u.dll
0x00007ff89f250000 - 0x00007ff89f2f9000 	C:\WINDOWS\System32\msvcrt.dll
0x00007ff89ef90000 - 0x00007ff89efbb000 	C:\WINDOWS\System32\GDI32.dll
0x00007ff89d690000 - 0x00007ff89d7bc000 	C:\WINDOWS\System32\gdi32full.dll
0x00007ff89cd70000 - 0x00007ff89ce13000 	C:\WINDOWS\System32\msvcp_win.dll
0x00007ff89f1a0000 - 0x00007ff89f1d2000 	C:\WINDOWS\System32\IMM32.DLL
0x00007ff898be0000 - 0x00007ff898bec000 	c:\Users\atiya\.vscode\extensions\redhat.java-1.53.0-win32-x64\jre\21.0.10-win32-x86_64\bin\vcruntime140_1.dll
0x00007ff83c9a0000 - 0x00007ff83ca2d000 	c:\Users\atiya\.vscode\extensions\redhat.java-1.53.0-win32-x64\jre\21.0.10-win32-x86_64\bin\msvcp140.dll
0x00007ffff86a0000 - 0x00007ffff9441000 	c:\Users\atiya\.vscode\extensions\redhat.java-1.53.0-win32-x64\jre\21.0.10-win32-x86_64\bin\server\jvm.dll
0x00007ff89edb0000 - 0x00007ff89ee66000 	C:\WINDOWS\System32\ADVAPI32.dll
0x00007ff89f460000 - 0x00007ff89f507000 	C:\WINDOWS\System32\sechost.dll
0x00007ff89ee70000 - 0x00007ff89ef88000 	C:\WINDOWS\System32\RPCRT4.dll
0x00007ff8a0270000 - 0x00007ff8a02f0000 	C:\WINDOWS\System32\WS2_32.dll
0x00007ff88e480000 - 0x00007ff88e48b000 	C:\WINDOWS\SYSTEM32\VERSION.dll
0x00007ff885220000 - 0x00007ff885256000 	C:\WINDOWS\SYSTEM32\WINMM.dll
0x00007ff89cbd0000 - 0x00007ff89cc2e000 	C:\WINDOWS\SYSTEM32\POWRPROF.dll
0x00007ff89cbb0000 - 0x00007ff89cbc4000 	C:\WINDOWS\SYSTEM32\UMPDC.dll
0x00007ff89bad0000 - 0x00007ff89baeb000 	C:\WINDOWS\SYSTEM32\kernel.appcore.dll
0x00007ff889ac0000 - 0x00007ff889aca000 	c:\Users\atiya\.vscode\extensions\redhat.java-1.53.0-win32-x64\jre\21.0.10-win32-x86_64\bin\jimage.dll
0x00007ff89a430000 - 0x00007ff89a672000 	C:\WINDOWS\SYSTEM32\DBGHELP.DLL
0x00007ff89fa50000 - 0x00007ff89fdd3000 	C:\WINDOWS\System32\combase.dll
0x00007ff89e960000 - 0x00007ff89ea39000 	C:\WINDOWS\System32\OLEAUT32.dll
0x00007ff877540000 - 0x00007ff87757b000 	C:\WINDOWS\SYSTEM32\dbgcore.DLL
0x00007ff89d3a0000 - 0x00007ff89d448000 	C:\WINDOWS\System32\bcryptPrimitives.dll
0x00007ff886fd0000 - 0x00007ff886fdf000 	c:\Users\atiya\.vscode\extensions\redhat.java-1.53.0-win32-x64\jre\21.0.10-win32-x86_64\bin\instrument.dll
0x00007ff865e50000 - 0x00007ff865e70000 	c:\Users\atiya\.vscode\extensions\redhat.java-1.53.0-win32-x64\jre\21.0.10-win32-x86_64\bin\java.dll
0x00007ff89e0c0000 - 0x00007ff89e82e000 	C:\WINDOWS\System32\SHELL32.dll
0x00007ff89d7c0000 - 0x00007ff89e02c000 	C:\WINDOWS\System32\windows.storage.dll
0x00007ff89e840000 - 0x00007ff89e936000 	C:\WINDOWS\System32\SHCORE.dll
0x00007ff89f1e0000 - 0x00007ff89f246000 	C:\WINDOWS\System32\shlwapi.dll
0x00007ff89cc90000 - 0x00007ff89ccb9000 	C:\WINDOWS\SYSTEM32\profapi.dll
0x00007ff865da0000 - 0x00007ff865db8000 	c:\Users\atiya\.vscode\extensions\redhat.java-1.53.0-win32-x64\jre\21.0.10-win32-x86_64\bin\zip.dll
0x00007ff870a90000 - 0x00007ff870aa0000 	C:\Users\atiya\.vscode\extensions\redhat.java-1.53.0-win32-x64\jre\21.0.10-win32-x86_64\bin\net.dll
0x00007ff895090000 - 0x00007ff8951b9000 	C:\WINDOWS\SYSTEM32\WINHTTP.dll
0x00007ff89c070000 - 0x00007ff89c0dc000 	C:\WINDOWS\system32\mswsock.dll
0x00007ff862140000 - 0x00007ff862156000 	C:\Users\atiya\.vscode\extensions\redhat.java-1.53.0-win32-x64\jre\21.0.10-win32-x86_64\bin\nio.dll
0x00007ff86fe30000 - 0x00007ff86fe40000 	c:\Users\atiya\.vscode\extensions\redhat.java-1.53.0-win32-x64\jre\21.0.10-win32-x86_64\bin\verify.dll
0x00007ff853f70000 - 0x00007ff853fb5000 	C:\Users\atiya\AppData\Roaming\Code\User\globalStorage\redhat.java\1.53.0\config_win\org.eclipse.equinox.launcher\org.eclipse.equinox.launcher.win32.win32.x86_64_1.3.0.v20260203-2149\eclipse_11919.dll
0x00007ff89f8b0000 - 0x00007ff89fa47000 	C:\WINDOWS\System32\ole32.dll
0x00007ff86e190000 - 0x00007ff86e19a000 	C:\Users\atiya\.vscode\extensions\redhat.java-1.53.0-win32-x64\jre\21.0.10-win32-x86_64\bin\management.dll
0x00007ff865e40000 - 0x00007ff865e4c000 	C:\Users\atiya\.vscode\extensions\redhat.java-1.53.0-win32-x64\jre\21.0.10-win32-x86_64\bin\management_ext.dll
0x00007ff89f650000 - 0x00007ff89f658000 	C:\WINDOWS\System32\PSAPI.DLL
0x00007ff89c360000 - 0x00007ff89c37b000 	C:\WINDOWS\SYSTEM32\CRYPTSP.dll
0x00007ff89ba30000 - 0x00007ff89ba69000 	C:\WINDOWS\system32\rsaenh.dll
0x00007ff89c120000 - 0x00007ff89c153000 	C:\WINDOWS\SYSTEM32\USERENV.dll
0x00007ff89cc60000 - 0x00007ff89cc8a000 	C:\WINDOWS\SYSTEM32\bcrypt.dll
0x00007ff89c350000 - 0x00007ff89c35c000 	C:\WINDOWS\SYSTEM32\CRYPTBASE.dll
0x00007ff89b4b0000 - 0x00007ff89b4e2000 	C:\WINDOWS\SYSTEM32\IPHLPAPI.DLL
0x00007ff89efc0000 - 0x00007ff89efca000 	C:\WINDOWS\System32\NSI.dll
0x00007ff853db0000 - 0x00007ff853df9000 	C:\Users\atiya\AppData\Local\Temp\jna-93142046\jna16289999506958884745.dll
0x00007ff895850000 - 0x00007ff89586d000 	C:\WINDOWS\SYSTEM32\dhcpcsvc6.DLL
0x00007ff895820000 - 0x00007ff895845000 	C:\WINDOWS\SYSTEM32\dhcpcsvc.DLL

JVMTI agents:
c:\Users\atiya\.vscode\extensions\redhat.java-1.53.0-win32-x64\lombok\lombok-1.18.39-4050.jar path:c:\Users\atiya\.vscode\extensions\redhat.java-1.53.0-win32-x64\jre\21.0.10-win32-x86_64\bin\instrument.dll, loaded, initialized, instrumentlib options:none

dbghelp: loaded successfully - version: 4.0.5 - missing functions: none
symbol engine: initialized successfully - sym options: 0x614 - pdb path: .;c:\Users\atiya\.vscode\extensions\redhat.java-1.53.0-win32-x64\jre\21.0.10-win32-x86_64\bin;C:\WINDOWS\SYSTEM32;C:\WINDOWS\WinSxS\amd64_microsoft.windows.common-controls_6595b64144ccf1df_6.0.26100.8457_none_3e0b2faee331e92d;c:\Users\atiya\.vscode\extensions\redhat.java-1.53.0-win32-x64\jre\21.0.10-win32-x86_64\bin\server;C:\Users\atiya\AppData\Roaming\Code\User\globalStorage\redhat.java\1.53.0\config_win\org.eclipse.equinox.launcher\org.eclipse.equinox.launcher.win32.win32.x86_64_1.3.0.v20260203-2149;C:\Users\atiya\AppData\Local\Temp\jna-93142046

VM Arguments:
jvm_args: --add-modules=ALL-SYSTEM --add-opens=java.base/java.util=ALL-UNNAMED --add-opens=java.base/java.lang=ALL-UNNAMED --add-opens=java.base/sun.nio.fs=ALL-UNNAMED -Declipse.application=org.eclipse.jdt.ls.core.id1 -Dosgi.bundles.defaultStartLevel=4 -Declipse.product=org.eclipse.jdt.ls.core.product -Djava.import.generatesMetadataFilesAtProjectRoot=false -DDetectVMInstallationsJob.disabled=true -Dfile.encoding=utf8 -XX:+UseParallelGC -XX:GCTimeRatio=4 -XX:AdaptiveSizePolicyWeight=90 -Dsun.zip.disableMemoryMapping=true -Xmx2G -Xms100m -Xlog:disable -javaagent:c:\Users\atiya\.vscode\extensions\redhat.java-1.53.0-win32-x64\lombok\lombok-1.18.39-4050.jar -XX:+HeapDumpOnOutOfMemoryError -XX:HeapDumpPath=c:\Users\atiya\AppData\Roaming\Code\User\workspaceStorage\c4757375b3221e1285def358a49f61f5\redhat.java -Daether.dependencyCollector.impl=bf 
java_command: c:\Users\atiya\.vscode\extensions\redhat.java-1.53.0-win32-x64\server\plugins\org.eclipse.equinox.launcher_1.7.100.v20251111-0406.jar -configuration c:\Users\atiya\AppData\Roaming\Code\User\globalStorage\redhat.java\1.53.0\config_win -data c:\Users\atiya\AppData\Roaming\Code\User\workspaceStorage\c4757375b3221e1285def358a49f61f5\redhat.java\jdt_ws --pipe=\\.\pipe\lsp-407ef02dbc56e6ec28906efd47714a65-sock
java_class_path (initial): c:\Users\atiya\.vscode\extensions\redhat.java-1.53.0-win32-x64\server\plugins\org.eclipse.equinox.launcher_1.7.100.v20251111-0406.jar
Launcher Type: SUN_STANDARD

[Global flags]
    uintx AdaptiveSizePolicyWeight                 = 90                                        {product} {command line}
     intx CICompilerCount                          = 4                                         {product} {ergonomic}
    uintx GCTimeRatio                              = 4                                         {product} {command line}
     bool HeapDumpOnOutOfMemoryError               = true                                   {manageable} {command line}
    ccstr HeapDumpPath                             = c:\Users\atiya\AppData\Roaming\Code\User\workspaceStorage\c4757375b3221e1285def358a49f61f5\redhat.java         {manageable} {command line}
   size_t InitialHeapSize                          = 104857600                                 {product} {command line}
   size_t MaxHeapSize                              = 2147483648                                {product} {command line}
   size_t MaxNewSize                               = 715653120                                 {product} {ergonomic}
   size_t MinHeapDeltaBytes                        = 524288                                    {product} {ergonomic}
   size_t MinHeapSize                              = 104857600                                 {product} {command line}
   size_t NewSize                                  = 34603008                                  {product} {ergonomic}
    uintx NonNMethodCodeHeapSize                   = 5839372                                {pd product} {ergonomic}
    uintx NonProfiledCodeHeapSize                  = 122909434                              {pd product} {ergonomic}
   size_t OldSize                                  = 70254592                                  {product} {ergonomic}
    uintx ProfiledCodeHeapSize                     = 122909434                              {pd product} {ergonomic}
    uintx ReservedCodeCacheSize                    = 251658240                              {pd product} {ergonomic}
     bool SegmentedCodeCache                       = true                                      {product} {ergonomic}
   size_t SoftMaxHeapSize                          = 2147483648                             {manageable} {ergonomic}
     bool UseCompressedOops                        = true                           {product lp64_product} {ergonomic}
     bool UseLargePagesIndividualAllocation        = false                                  {pd product} {ergonomic}
     bool UseParallelGC                            = true                                      {product} {command line}

Logging:
Log output configuration:
 #0: stdout all=off uptime,level,tags foldmultilines=false
 #1: stderr all=off uptime,level,tags foldmultilines=false

Release file:
JAVA_VERSION="21.0.10" 
MODULES="java.base java.compiler java.datatransfer java.xml java.prefs java.desktop java.instrument java.logging java.management java.security.sasl java.naming java.rmi java.management.rmi java.net.http java.scripting java.security.jgss java.transaction.xa java.sql java.sql.rowset java.xml.crypto java.se java.smartcardio jdk.accessibility jdk.internal.jvmstat jdk.attach jdk.charsets jdk.internal.opt jdk.zipfs jdk.compiler jdk.crypto.ec jdk.crypto.cryptoki jdk.crypto.mscapi jdk.dynalink jdk.internal.ed jdk.editpad jdk.hotspot.agent jdk.httpserver jdk.internal.le jdk.internal.vm.ci jdk.internal.vm.compiler jdk.internal.vm.compiler.management jdk.jartool jdk.javadoc jdk.jcmd jdk.management jdk.management.agent jdk.jconsole jdk.jdeps jdk.jdwp.agent jdk.jdi jdk.jfr jdk.jshell jdk.jsobject jdk.jstatd jdk.localedata jdk.management.jfr jdk.naming.dns jdk.naming.rmi jdk.net jdk.nio.mapmode jdk.random jdk.sctp jdk.security.auth jdk.security.jgss jdk.unsupported jdk.unsupported.desktop jdk.xml.dom" 

Environment Variables:
JAVA_HOME=C:\Program Files\Eclipse Adoptium\jdk-17.0.14.7-hotspot
PATH=D:\Programs\Microsoft VS Code;C:\oraclexe\app\oracle\product\11.2.0\server\bin;C:\Program Files\Common Files\Oracle\Java\javapath;C:\windows\system32;C:\windows;C:\windows\System32\Wbem;C:\windows\System32\WindowsPowerShell\v1.0\;C:\windows\System32\OpenSSH\;C:\Program Files (x86)\NVIDIA Corporation\PhysX\Common;C:\WINDOWS\system32;C:\WINDOWS;C:\WINDOWS\System32\Wbem;C:\WINDOWS\System32\WindowsPowerShell\v1.0\;C:\WINDOWS\System32\OpenSSH\;C:\Program Files\dotnet\;C:\Program Files\NVIDIA Corporation\NVIDIA app\NvDLISR;C:\Program Files\Oracle\VirtualBox;C:\Program Files\nodejs\;C:\Program Files\MongoDB\Server\8.0\bin;C:\Program Files\Git\cmd;C:\Program Files\apache-maven-3.9.9\bin;D:\Programs\rabbitmq_server-4.0.7\sbin;C:\Program Files\Eclipse Adoptium\jdk-17.0.14.7-hotspot;D:\poppler-23.07.0\Library\bin;C:\poppler-23.07.0\Library\bin;C:\Users\atiya\AppData\Local\Programs\Python\Python312\Scripts\;C:\Users\atiya\AppData\Local\Programs\Python\Python312\;C:\Users\atiya\AppData\Local\Microsoft\WindowsApps;D:\Programs\Microsoft VS Code\bin;C:\Users\atiya\AppData\Roaming\npm;C:\Users\atiya\AppData\Local\Programs\mongosh\;D:\poppler-23.07.0\Library\bin;C:\poppler-23.07.0\Library\bin;;C:\Users\atiya\.bun\bin;C:\Users\atiya\AppData\Local\Programs\Antigravity\bin;C:\Users\atiya\AppData\Local\Programs\Antigravity IDE\bin
USERNAME=atiya
OS=Windows_NT
PROCESSOR_IDENTIFIER=Intel64 Family 6 Model 165 Stepping 2, GenuineIntel
TMP=C:\Users\atiya\AppData\Local\Temp
TEMP=C:\Users\atiya\AppData\Local\Temp




Periodic native trim disabled

---------------  S Y S T E M  ---------------

OS:
 Windows 11 , 64 bit Build 26100 (10.0.26100.8328)
OS uptime: 3 days 14:53 hours
Hyper-V role detected

CPU: total 12 (initial active 12) (6 cores per cpu, 2 threads per core) family 6 model 165 stepping 2 microcode 0xf0, cx8, cmov, fxsr, ht, mmx, 3dnowpref, sse, sse2, sse3, ssse3, sse4.1, sse4.2, popcnt, lzcnt, tsc, tscinvbit, avx, avx2, aes, erms, clmul, bmi1, bmi2, adx, fma, vzeroupper, clflush, clflushopt, hv, rdtscp, f16c
Processor Information for the first 12 processors :
  Max Mhz: 2592, Current Mhz: 2592, Mhz Limit: 2592

Memory: 4k page, system-wide physical 16160M (496M free)
TotalPageFile size 24593M (AvailPageFile size 12M)
current process WorkingSet (physical memory assigned to process): 834M, peak: 834M
current process commit charge ("private bytes"): 893M, peak: 894M

vm_info: OpenJDK 64-Bit Server VM (21.0.10+7-LTS) for windows-amd64 JRE (21.0.10+7-LTS), built on 2026-01-20T00:00:00Z by "admin" with MS VC++ 17.12 (VS2022)

END.
