#
# There is insufficient memory for the Java Runtime Environment to continue.
# Native memory allocation (malloc) failed to allocate 1381936 bytes. Error detail: Chunk::new
# Possible reasons:
#   The system is out of physical RAM or swap space
#   This process is running with CompressedOops enabled, and the Java Heap may be blocking the growth of the native heap
# Possible solutions:
#   Reduce memory load on the system
#   Increase physical memory or swap space
#   Check if swap backing store is full
#   Decrease Java heap size (-Xmx/-Xms)
#   Decrease number of Java threads
#   Decrease Java thread stack sizes (-Xss)
#   Set larger code cache with -XX:ReservedCodeCacheSize=
#   JVM is running with Unscaled Compressed Oops mode in which the Java heap is
#     placed in the first 4GB address space. The Java Heap base address is the
#     maximum limit for the native heap growth. Please use -XX:HeapBaseMinAddress
#     to set the Java Heap base and to place the Java Heap above 4GB virtual address.
# This output file may be truncated or incomplete.
#
#  Out of Memory Error (arena.cpp:168), pid=27132, tid=25676
#
# JRE version: OpenJDK Runtime Environment Temurin-21.0.10+7 (21.0.10+7) (build 21.0.10+7-LTS)
# Java VM: OpenJDK 64-Bit Server VM Temurin-21.0.10+7 (21.0.10+7-LTS, mixed mode, sharing, tiered, compressed oops, compressed class ptrs, parallel gc, windows-amd64)
# No core dump will be written. Minidumps are not enabled by default on client versions of Windows
#

---------------  S U M M A R Y ------------

Command Line: --add-modules=ALL-SYSTEM --add-opens=java.base/java.util=ALL-UNNAMED --add-opens=java.base/java.lang=ALL-UNNAMED --add-opens=java.base/sun.nio.fs=ALL-UNNAMED -Declipse.application=org.eclipse.jdt.ls.core.id1 -Dosgi.bundles.defaultStartLevel=4 -Declipse.product=org.eclipse.jdt.ls.core.product -Djava.import.generatesMetadataFilesAtProjectRoot=false -DDetectVMInstallationsJob.disabled=true -Dfile.encoding=utf8 -XX:+UseParallelGC -XX:GCTimeRatio=4 -XX:AdaptiveSizePolicyWeight=90 -Dsun.zip.disableMemoryMapping=true -Xmx2G -Xms100m -Xlog:disable -javaagent:c:\Users\atiya\.vscode\extensions\redhat.java-1.53.0-win32-x64\lombok\lombok-1.18.39-4050.jar -XX:+HeapDumpOnOutOfMemoryError -XX:HeapDumpPath=c:\Users\atiya\AppData\Roaming\Code\User\workspaceStorage\c4757375b3221e1285def358a49f61f5\redhat.java -Daether.dependencyCollector.impl=bf c:\Users\atiya\.vscode\extensions\redhat.java-1.53.0-win32-x64\server\plugins\org.eclipse.equinox.launcher_1.7.100.v20251111-0406.jar -configuration c:\Users\atiya\AppData\Roaming\Code\User\globalStorage\redhat.java\1.53.0\config_win -data c:\Users\atiya\AppData\Roaming\Code\User\workspaceStorage\c4757375b3221e1285def358a49f61f5\redhat.java\jdt_ws --pipe=\\.\pipe\lsp-43165c12ae98b1344f5b74bede168ac0-sock

Host: Intel(R) Core(TM) i7-10750H CPU @ 2.60GHz, 12 cores, 15G,  Windows 11 , 64 bit Build 26100 (10.0.26100.8328)
Time: Fri Jun  5 14:02:47 2026 W. Central Africa Standard Time elapsed time: 42.666753 seconds (0d 0h 0m 42s)

---------------  T H R E A D  ---------------

Current thread (0x0000020cf615a060):  JavaThread "C2 CompilerThread2" daemon [_thread_in_native, id=25676, stack(0x000000951b100000,0x000000951b200000) (1024K)]


Current CompileTask:
C2:42666 7402 %     4       org.apache.felix.resolver.PackageSpaces::calculatePackageSpaces @ 125 (500 bytes)

Stack: [0x000000951b100000,0x000000951b200000]
Native frames: (J=compiled Java code, j=interpreted, Vv=VM code, C=native code)
V  [jvm.dll+0x6d7a39]
V  [jvm.dll+0x8b4b26]
V  [jvm.dll+0x8b70de]
V  [jvm.dll+0x8b77c3]
V  [jvm.dll+0x284346]
V  [jvm.dll+0xc66ed]
V  [jvm.dll+0xc6c31]
V  [jvm.dll+0x3bec01]
V  [jvm.dll+0x38b162]
V  [jvm.dll+0x38a5aa]
V  [jvm.dll+0x24c560]
V  [jvm.dll+0x24bb40]
V  [jvm.dll+0x1cb34e]
V  [jvm.dll+0x25b85d]
V  [jvm.dll+0x259dea]
V  [jvm.dll+0x3f857e]
V  [jvm.dll+0x85f59d]
V  [jvm.dll+0x6d626d]
C  [ucrtbase.dll+0x37b0]
C  [KERNEL32.DLL+0x2e957]
C  [ntdll.dll+0x427c]


---------------  P R O C E S S  ---------------

Threads class SMR info:
_java_thread_list=0x0000020cf6449430, length=56, elements={
0x0000020cd6e30040, 0x0000020cd6db8f50, 0x0000020cd6dbe1a0, 0x0000020cd6dc03c0,
0x0000020cd6dc6160, 0x0000020cd6dc5440, 0x0000020cd6dc5ad0, 0x0000020cd6dcd5a0,
0x0000020ceeb8b2c0, 0x0000020cd6dc67f0, 0x0000020cd6dc8230, 0x0000020cd6dc88c0,
0x0000020cd6dc6e80, 0x0000020cd6dc7510, 0x0000020cd6dc7ba0, 0x0000020cf4dc4760,
0x0000020cf4dc40d0, 0x0000020cf4dc61a0, 0x0000020cf4dc4df0, 0x0000020cf4dc5b10,
0x0000020cf4dc5480, 0x0000020cf4dc2d20, 0x0000020cf4dc3a40, 0x0000020cf6d7b320,
0x0000020cf6d7a600, 0x0000020cf6d79250, 0x0000020cf6d79f70, 0x0000020cf6d798e0,
0x0000020cf6d78bc0, 0x0000020cf6d7ac90, 0x0000020cf6d77ea0, 0x0000020cf6d7b9b0,
0x0000020cf6d78530, 0x0000020cf6d7c040, 0x0000020cf6d7f4c0, 0x0000020cf6d7da80,
0x0000020cf6d7c6d0, 0x0000020cf6d7e110, 0x0000020cf6d7e7a0, 0x0000020cf6d7cd60,
0x0000020cf6d7d3f0, 0x0000020cf6d7ee30, 0x0000020cf6157e50, 0x0000020cf8f6c9c0,
0x0000020cf8f6d050, 0x0000020cf8f6d6e0, 0x0000020cf8f6ea90, 0x0000020cf8f6c330,
0x0000020cf8f6bca0, 0x0000020cf4465530, 0x0000020cf4466f70, 0x0000020cf4467c90,
0x0000020cf4466250, 0x0000020cf44668e0, 0x0000020cf4468320, 0x0000020cf615a060
}

Java Threads: ( => current thread )
  0x0000020cd6e30040 JavaThread "main"                              [_thread_blocked, id=6508, stack(0x0000009516900000,0x0000009516a00000) (1024K)]
  0x0000020cd6db8f50 JavaThread "Reference Handler"          daemon [_thread_blocked, id=29188, stack(0x0000009516d00000,0x0000009516e00000) (1024K)]
  0x0000020cd6dbe1a0 JavaThread "Finalizer"                  daemon [_thread_blocked, id=15476, stack(0x0000009516e00000,0x0000009516f00000) (1024K)]
  0x0000020cd6dc03c0 JavaThread "Signal Dispatcher"          daemon [_thread_blocked, id=28180, stack(0x0000009516f00000,0x0000009517000000) (1024K)]
  0x0000020cd6dc6160 JavaThread "Attach Listener"            daemon [_thread_blocked, id=12496, stack(0x0000009517000000,0x0000009517100000) (1024K)]
  0x0000020cd6dc5440 JavaThread "Service Thread"             daemon [_thread_blocked, id=18828, stack(0x0000009517100000,0x0000009517200000) (1024K)]
  0x0000020cd6dc5ad0 JavaThread "Monitor Deflation Thread"   daemon [_thread_blocked, id=18920, stack(0x0000009517200000,0x0000009517300000) (1024K)]
  0x0000020cd6dcd5a0 JavaThread "C2 CompilerThread0"         daemon [_thread_blocked, id=21084, stack(0x0000009517300000,0x0000009517400000) (1024K)]
  0x0000020ceeb8b2c0 JavaThread "C1 CompilerThread0"         daemon [_thread_blocked, id=2952, stack(0x0000009517400000,0x0000009517500000) (1024K)]
  0x0000020cd6dc67f0 JavaThread "Common-Cleaner"             daemon [_thread_blocked, id=13736, stack(0x0000009517500000,0x0000009517600000) (1024K)]
  0x0000020cd6dc8230 JavaThread "Notification Thread"        daemon [_thread_blocked, id=18816, stack(0x0000009517700000,0x0000009517800000) (1024K)]
  0x0000020cd6dc88c0 JavaThread "Active Thread: Equinox Container: f105a178-a822-4da5-8998-70150501b95c"        [_thread_blocked, id=27080, stack(0x0000009517f00000,0x0000009518000000) (1024K)]
  0x0000020cd6dc6e80 JavaThread "Refresh Thread: Equinox Container: f105a178-a822-4da5-8998-70150501b95c" daemon [_thread_blocked, id=30288, stack(0x0000009517600000,0x0000009517700000) (1024K)]
  0x0000020cd6dc7510 JavaThread "Framework Event Dispatcher: Equinox Container: f105a178-a822-4da5-8998-70150501b95c" daemon [_thread_blocked, id=21052, stack(0x0000009517800000,0x0000009517900000) (1024K)]
  0x0000020cd6dc7ba0 JavaThread "Start Level: Equinox Container: f105a178-a822-4da5-8998-70150501b95c" daemon [_thread_blocked, id=15984, stack(0x0000009518100000,0x0000009518200000) (1024K)]
  0x0000020cf4dc4760 JavaThread "Bundle File Closer"         daemon [_thread_blocked, id=23792, stack(0x0000009518500000,0x0000009518600000) (1024K)]
  0x0000020cf4dc40d0 JavaThread "SCR Component Actor"        daemon [_thread_blocked, id=25984, stack(0x0000009518200000,0x0000009518300000) (1024K)]
  0x0000020cf4dc61a0 JavaThread "Worker-JM"                         [_thread_blocked, id=31288, stack(0x0000009518900000,0x0000009518a00000) (1024K)]
  0x0000020cf4dc4df0 JavaThread "Worker-0"                          [_thread_blocked, id=30716, stack(0x0000009518a00000,0x0000009518b00000) (1024K)]
  0x0000020cf4dc5b10 JavaThread "Worker-1"                          [_thread_blocked, id=16584, stack(0x0000009518b00000,0x0000009518c00000) (1024K)]
  0x0000020cf4dc5480 JavaThread "Java indexing"              daemon [_thread_blocked, id=11500, stack(0x0000009518e00000,0x0000009518f00000) (1024K)]
  0x0000020cf4dc2d20 JavaThread "Worker-2"                          [_thread_blocked, id=25592, stack(0x0000009518f00000,0x0000009519000000) (1024K)]
  0x0000020cf4dc3a40 JavaThread "Worker-3"                          [_thread_blocked, id=1040, stack(0x0000009519000000,0x0000009519100000) (1024K)]
  0x0000020cf6d7b320 JavaThread "JNA Cleaner"                daemon [_thread_blocked, id=28176, stack(0x0000009519100000,0x0000009519200000) (1024K)]
  0x0000020cf6d7a600 JavaThread "Worker-4"                          [_thread_blocked, id=20464, stack(0x0000009519200000,0x0000009519300000) (1024K)]
  0x0000020cf6d79250 JavaThread "Worker-5"                          [_thread_blocked, id=29724, stack(0x0000009519300000,0x0000009519400000) (1024K)]
  0x0000020cf6d79f70 JavaThread "Thread-1"                   daemon [_thread_in_native, id=24256, stack(0x0000009519400000,0x0000009519500000) (1024K)]
  0x0000020cf6d798e0 JavaThread "Thread-2"                   daemon [_thread_in_native, id=29472, stack(0x0000009519500000,0x0000009519600000) (1024K)]
  0x0000020cf6d78bc0 JavaThread "Thread-3"                   daemon [_thread_in_native, id=22908, stack(0x0000009519600000,0x0000009519700000) (1024K)]
  0x0000020cf6d7ac90 JavaThread "Thread-4"                   daemon [_thread_in_native, id=5776, stack(0x0000009519700000,0x0000009519800000) (1024K)]
  0x0000020cf6d77ea0 JavaThread "Thread-5"                   daemon [_thread_in_native, id=6692, stack(0x0000009519800000,0x0000009519900000) (1024K)]
  0x0000020cf6d7b9b0 JavaThread "Thread-6"                   daemon [_thread_in_native, id=24664, stack(0x0000009519900000,0x0000009519a00000) (1024K)]
  0x0000020cf6d78530 JavaThread "Thread-7"                   daemon [_thread_in_native, id=16084, stack(0x0000009519a00000,0x0000009519b00000) (1024K)]
  0x0000020cf6d7c040 JavaThread "Thread-8"                   daemon [_thread_in_native, id=31704, stack(0x0000009519b00000,0x0000009519c00000) (1024K)]
  0x0000020cf6d7f4c0 JavaThread "Thread-9"                   daemon [_thread_in_native, id=1804, stack(0x0000009519c00000,0x0000009519d00000) (1024K)]
  0x0000020cf6d7da80 JavaThread "Thread-10"                  daemon [_thread_in_native, id=29536, stack(0x0000009519d00000,0x0000009519e00000) (1024K)]
  0x0000020cf6d7c6d0 JavaThread "Thread-11"                  daemon [_thread_in_native, id=14892, stack(0x0000009519e00000,0x0000009519f00000) (1024K)]
  0x0000020cf6d7e110 JavaThread "Thread-12"                  daemon [_thread_in_native, id=26776, stack(0x0000009519f00000,0x000000951a000000) (1024K)]
  0x0000020cf6d7e7a0 JavaThread "Thread-13"                  daemon [_thread_in_native, id=21544, stack(0x000000951a000000,0x000000951a100000) (1024K)]
  0x0000020cf6d7cd60 JavaThread "pool-2-thread-1"                   [_thread_blocked, id=23948, stack(0x000000951a100000,0x000000951a200000) (1024K)]
  0x0000020cf6d7d3f0 JavaThread "WorkspaceEventsHandler"            [_thread_blocked, id=26404, stack(0x000000951a200000,0x000000951a300000) (1024K)]
  0x0000020cf6d7ee30 JavaThread "pool-1-thread-1"                   [_thread_blocked, id=1032, stack(0x000000951a300000,0x000000951a400000) (1024K)]
  0x0000020cf6157e50 JavaThread "C2 CompilerThread1"         daemon [_thread_blocked, id=28508, stack(0x0000009518c00000,0x0000009518d00000) (1024K)]
  0x0000020cf8f6c9c0 JavaThread "Equinox resolver thread - Equinox Container: f105a178-a822-4da5-8998-70150501b95c" daemon [_thread_blocked, id=29884, stack(0x000000951a500000,0x000000951a600000) (1024K)]
  0x0000020cf8f6d050 JavaThread "Equinox resolver thread - Equinox Container: f105a178-a822-4da5-8998-70150501b95c" daemon [_thread_blocked, id=6720, stack(0x000000951a600000,0x000000951a700000) (1024K)]
  0x0000020cf8f6d6e0 JavaThread "Equinox resolver thread - Equinox Container: f105a178-a822-4da5-8998-70150501b95c" daemon [_thread_blocked, id=21756, stack(0x000000951a700000,0x000000951a800000) (1024K)]
  0x0000020cf8f6ea90 JavaThread "Equinox resolver thread - Equinox Container: f105a178-a822-4da5-8998-70150501b95c" daemon [_thread_blocked, id=25072, stack(0x000000951a800000,0x000000951a900000) (1024K)]
  0x0000020cf8f6c330 JavaThread "Equinox resolver thread - Equinox Container: f105a178-a822-4da5-8998-70150501b95c" daemon [_thread_blocked, id=14216, stack(0x000000951a900000,0x000000951aa00000) (1024K)]
  0x0000020cf8f6bca0 JavaThread "Equinox resolver thread - Equinox Container: f105a178-a822-4da5-8998-70150501b95c" daemon [_thread_blocked, id=10404, stack(0x000000951aa00000,0x000000951ab00000) (1024K)]
  0x0000020cf4465530 JavaThread "Equinox resolver thread - Equinox Container: f105a178-a822-4da5-8998-70150501b95c" daemon [_thread_blocked, id=8320, stack(0x000000951ab00000,0x000000951ac00000) (1024K)]
  0x0000020cf4466f70 JavaThread "Equinox resolver thread - Equinox Container: f105a178-a822-4da5-8998-70150501b95c" daemon [_thread_blocked, id=11572, stack(0x000000951ac00000,0x000000951ad00000) (1024K)]
  0x0000020cf4467c90 JavaThread "Equinox resolver thread - Equinox Container: f105a178-a822-4da5-8998-70150501b95c" daemon [_thread_blocked, id=23488, stack(0x000000951ad00000,0x000000951ae00000) (1024K)]
  0x0000020cf4466250 JavaThread "Equinox resolver thread - Equinox Container: f105a178-a822-4da5-8998-70150501b95c" daemon [_thread_blocked, id=24040, stack(0x000000951ae00000,0x000000951af00000) (1024K)]
  0x0000020cf44668e0 JavaThread "Equinox resolver thread - Equinox Container: f105a178-a822-4da5-8998-70150501b95c" daemon [_thread_blocked, id=1824, stack(0x000000951af00000,0x000000951b000000) (1024K)]
  0x0000020cf4468320 JavaThread "Equinox resolver thread - Equinox Container: f105a178-a822-4da5-8998-70150501b95c" daemon [_thread_blocked, id=6780, stack(0x000000951b000000,0x000000951b100000) (1024K)]
=>0x0000020cf615a060 JavaThread "C2 CompilerThread2"         daemon [_thread_in_native, id=25676, stack(0x000000951b100000,0x000000951b200000) (1024K)]
Total: 56

Other Threads:
  0x0000020ceeb20fe0 VMThread "VM Thread"                           [id=25520, stack(0x0000009516c00000,0x0000009516d00000) (1024K)]
  0x0000020cd6caca00 WatcherThread "VM Periodic Task Thread"        [id=13412, stack(0x0000009516b00000,0x0000009516c00000) (1024K)]
  0x0000020cd6e475f0 WorkerThread "GC Thread#0"                     [id=29272, stack(0x0000009516a00000,0x0000009516b00000) (1024K)]
  0x0000020cf47c1170 WorkerThread "GC Thread#1"                     [id=19268, stack(0x0000009517900000,0x0000009517a00000) (1024K)]
  0x0000020cf47be940 WorkerThread "GC Thread#2"                     [id=30452, stack(0x0000009517a00000,0x0000009517b00000) (1024K)]
  0x0000020cf47c1520 WorkerThread "GC Thread#3"                     [id=7676, stack(0x0000009517b00000,0x0000009517c00000) (1024K)]
  0x0000020cf47c18d0 WorkerThread "GC Thread#4"                     [id=23412, stack(0x0000009517c00000,0x0000009517d00000) (1024K)]
  0x0000020cf4157780 WorkerThread "GC Thread#5"                     [id=9908, stack(0x0000009517d00000,0x0000009517e00000) (1024K)]
  0x0000020cf4726630 WorkerThread "GC Thread#6"                     [id=2716, stack(0x0000009517e00000,0x0000009517f00000) (1024K)]
  0x0000020cf46e22b0 WorkerThread "GC Thread#7"                     [id=14824, stack(0x0000009518000000,0x0000009518100000) (1024K)]
  0x0000020ceee1a310 WorkerThread "GC Thread#8"                     [id=23172, stack(0x0000009518300000,0x0000009518400000) (1024K)]
  0x0000020cf4598ee0 WorkerThread "GC Thread#9"                     [id=31452, stack(0x0000009518400000,0x0000009518500000) (1024K)]
Total: 12

Threads with active compile tasks:
C2 CompilerThread2  42720 7402 %     4       org.apache.felix.resolver.PackageSpaces::calculatePackageSpaces @ 125 (500 bytes)
Total: 1

VM state: at safepoint (normal execution)

VM Mutex/Monitor currently owned by a thread:  ([mutex/lock_event])
[0x00007ffff935e560] Threads_lock - owner thread: 0x0000020ceeb20fe0
[0x00007ffff935e660] Heap_lock - owner thread: 0x0000020cf8f6bca0

Heap address: 0x0000000080000000, size: 2048 MB, Compressed Oops mode: 32-bit

CDS archive(s) mapped at: [0x0000020c80000000-0x0000020c80ba0000-0x0000020c80ba0000), size 12189696, SharedBaseAddress: 0x0000020c80000000, ArchiveRelocationMode: 1.
Compressed class space mapped at: 0x0000020c81000000-0x0000020cc1000000, reserved size: 1073741824
Narrow klass base: 0x0000020c80000000, Narrow klass shift: 0, Narrow klass range: 0x100000000

GC Precious Log:
 CardTable entry size: 512
 CPUs: 12 total, 12 available
 Memory: 16160M
 Large Page Support: Disabled
 NUMA Support: Disabled
 Compressed Oops: Enabled (32-bit)
 Alignments: Space 512K, Generation 512K, Heap 2M
 Heap Min Capacity: 100M
 Heap Initial Capacity: 100M
 Heap Max Capacity: 2G
 Pre-touch: Disabled
 Parallel Workers: 10

Heap:
 PSYoungGen      total 17920K, used 17856K [0x00000000d5580000, 0x00000000d6d00000, 0x0000000100000000)
  eden space 13312K, 100% used [0x00000000d5580000,0x00000000d6280000,0x00000000d6280000)
  from space 4608K, 98% used [0x00000000d6880000,0x00000000d6cf0030,0x00000000d6d00000)
  to   space 5120K, 70% used [0x00000000d6300000,0x00000000d6680000,0x00000000d6800000)
 ParOldGen       total 126464K, used 126214K [0x0000000080000000, 0x0000000087b80000, 0x00000000d5580000)
  object space 126464K, 99% used [0x0000000080000000,0x0000000087b41940,0x0000000087b80000)
 Metaspace       used 49921K, committed 51008K, reserved 1114112K
  class space    used 5467K, committed 5952K, reserved 1048576K

Card table byte_map: [0x0000020cd67c0000,0x0000020cd6bd0000] _byte_map_base: 0x0000020cd63c0000

Marking Bits: (ParMarkBitMap*) 0x00007ffff9363450
 Begin Bits: [0x0000020ce92d0000, 0x0000020ceb2d0000)
 End Bits:   [0x0000020ceb2d0000, 0x0000020ced2d0000)

Polling page: 0x0000020cd4db0000

Metaspace:

Usage:
  Non-class:     43.41 MB used.
      Class:      5.34 MB used.
       Both:     48.75 MB used.

Virtual space:
  Non-class space:       64.00 MB reserved,      44.00 MB ( 69%) committed,  1 nodes.
      Class space:        1.00 GB reserved,       5.81 MB ( <1%) committed,  1 nodes.
             Both:        1.06 GB reserved,      49.81 MB (  5%) committed. 

Chunk freelists:
   Non-Class:  3.75 MB
       Class:  10.11 MB
        Both:  13.86 MB

MaxMetaspaceSize: unlimited
CompressedClassSpaceSize: 1.00 GB
Initial GC threshold: 21.00 MB
Current GC threshold: 58.38 MB
CDS: on
 - commit_granule_bytes: 65536.
 - commit_granule_words: 8192.
 - virtual_space_node_default_size: 8388608.
 - enlarge_chunks_in_place: 1.
 - use_allocation_guard: 0.


Internal statistics:

num_allocs_failed_limit: 6.
num_arena_births: 782.
num_arena_deaths: 20.
num_vsnodes_births: 2.
num_vsnodes_deaths: 0.
num_space_committed: 797.
num_space_uncommitted: 0.
num_chunks_returned_to_freelist: 29.
num_chunks_taken_from_freelist: 2769.
num_chunk_merges: 7.
num_chunk_splits: 1725.
num_chunks_enlarged: 1027.
num_inconsistent_stats: 0.

CodeHeap 'non-profiled nmethods': size=120000Kb used=4382Kb max_used=4505Kb free=115618Kb
 bounds [0x0000020ce1af0000, 0x0000020ce1f60000, 0x0000020ce9020000]
CodeHeap 'profiled nmethods': size=120000Kb used=13881Kb max_used=14618Kb free=106118Kb
 bounds [0x0000020cda020000, 0x0000020cdae70000, 0x0000020ce1550000]
CodeHeap 'non-nmethods': size=5760Kb used=1404Kb max_used=1497Kb free=4355Kb
 bounds [0x0000020ce1550000, 0x0000020ce17c0000, 0x0000020ce1af0000]
CodeCache: size=245760Kb, used=19667Kb, max_used=20620Kb, free=226091Kb
 total_blobs=7348, nmethods=6644, adapters=608, full_count=0
Compilation: enabled, stopped_count=0, restarted_count=0

Compilation events (20 events):
Event: 41.866 Thread 0x0000020ceeb8b2c0 nmethod 7397 0x0000020cdae60490 code [0x0000020cdae60660, 0x0000020cdae609b0]
Event: 41.891 Thread 0x0000020ceeb8b2c0 7398       3       org.apache.felix.resolver.ResolveSession::getPermutationCount (31 bytes)
Event: 41.891 Thread 0x0000020ceeb8b2c0 nmethod 7398 0x0000020cdae60b10 code [0x0000020cdae60ce0, 0x0000020cdae61070]
Event: 41.891 Thread 0x0000020cf6157e50 7399 %     4       org.apache.felix.resolver.Candidates::checkSubstitutes @ 204 (370 bytes)
Event: 41.901 Thread 0x0000020ceeb8b2c0 7400 %     3       org.apache.felix.resolver.ProblemReduction::removeUsesViolations @ 217 (377 bytes)
Event: 41.905 Thread 0x0000020ceeb8b2c0 nmethod 7400% 0x0000020cdae61190 code [0x0000020cdae61860, 0x0000020cdae65740]
Event: 41.968 Thread 0x0000020cf6157e50 nmethod 7399% 0x0000020ce1f41290 code [0x0000020ce1f416c0, 0x0000020ce1f439e0]
Event: 41.979 Thread 0x0000020cf615a060 7401       4       java.util.Collections$EmptySet::iterator (4 bytes)
Event: 41.979 Thread 0x0000020cf615a060 nmethod 7401 0x0000020ce1f45690 code [0x0000020ce1f45820, 0x0000020ce1f458b0]
Event: 41.988 Thread 0x0000020cf615a060 7402 %     4       org.apache.felix.resolver.PackageSpaces::calculatePackageSpaces @ 125 (500 bytes)
Event: 42.001 Thread 0x0000020cf6157e50 7403 %     4       org.apache.felix.resolver.Candidates::checkSubstitutes @ 232 (370 bytes)
Event: 42.037 Thread 0x0000020cd6dcd5a0 7404       4       org.apache.felix.resolver.Candidates::addHost (103 bytes)
Event: 42.068 Thread 0x0000020cd6dcd5a0 nmethod 7404 0x0000020ce1f45990 code [0x0000020ce1f45c20, 0x0000020ce1f468a8]
Event: 42.079 Thread 0x0000020cf6157e50 nmethod 7403% 0x0000020ce1f47310 code [0x0000020ce1f47740, 0x0000020ce1f496b8]
Event: 42.188 Thread 0x0000020cd6dcd5a0 7405       4       org.apache.felix.resolver.Candidates::checkSubstitutes (370 bytes)
Event: 42.410 Thread 0x0000020cd6dcd5a0 nmethod 7405 0x0000020ce1f4b410 code [0x0000020ce1f4b9c0, 0x0000020ce1f4f3c0]
Event: 42.536 Thread 0x0000020cd6dcd5a0 7406       4       java.util.TreeMap::getEntry (77 bytes)
Event: 42.561 Thread 0x0000020cd6dcd5a0 nmethod 7406 0x0000020ce1f53910 code [0x0000020ce1f53b00, 0x0000020ce1f54670]
Event: 42.610 Thread 0x0000020cf6157e50 7407       4       org.apache.felix.resolver.PackageSpaces::permuteUsedBlameRequirement (47 bytes)
Event: 42.631 Thread 0x0000020cf6157e50 nmethod 7407 0x0000020ce1f54c10 code [0x0000020ce1f54ea0, 0x0000020ce1f55b80]

GC Heap History (20 events):
Event: 42.214 GC heap before
{Heap before GC invocations=135 (full 2):
 PSYoungGen      total 16384K, used 16000K [0x00000000d5580000, 0x00000000d6980000, 0x0000000100000000)
  eden space 13312K, 100% used [0x00000000d5580000,0x00000000d6280000,0x00000000d6280000)
  from space 3072K, 87% used [0x00000000d6680000,0x00000000d6920000,0x00000000d6980000)
  to   space 3584K, 0% used [0x00000000d6280000,0x00000000d6280000,0x00000000d6600000)
 ParOldGen       total 115712K, used 115449K [0x0000000080000000, 0x0000000087100000, 0x00000000d5580000)
  object space 115712K, 99% used [0x0000000080000000,0x00000000870be708,0x0000000087100000)
 Metaspace       used 49921K, committed 51008K, reserved 1114112K
  class space    used 5467K, committed 5952K, reserved 1048576K
}
Event: 42.217 GC heap after
{Heap after GC invocations=135 (full 2):
 PSYoungGen      total 15360K, used 1760K [0x00000000d5580000, 0x00000000d6780000, 0x0000000100000000)
  eden space 13312K, 0% used [0x00000000d5580000,0x00000000d5580000,0x00000000d6280000)
  from space 2048K, 85% used [0x00000000d6280000,0x00000000d6438000,0x00000000d6480000)
  to   space 2560K, 0% used [0x00000000d6500000,0x00000000d6500000,0x00000000d6780000)
 ParOldGen       total 116224K, used 115846K [0x0000000080000000, 0x0000000087180000, 0x00000000d5580000)
  object space 116224K, 99% used [0x0000000080000000,0x0000000087121978,0x0000000087180000)
 Metaspace       used 49921K, committed 51008K, reserved 1114112K
  class space    used 5467K, committed 5952K, reserved 1048576K
}
Event: 42.252 GC heap before
{Heap before GC invocations=136 (full 2):
 PSYoungGen      total 15360K, used 15072K [0x00000000d5580000, 0x00000000d6780000, 0x0000000100000000)
  eden space 13312K, 100% used [0x00000000d5580000,0x00000000d6280000,0x00000000d6280000)
  from space 2048K, 85% used [0x00000000d6280000,0x00000000d6438000,0x00000000d6480000)
  to   space 2560K, 0% used [0x00000000d6500000,0x00000000d6500000,0x00000000d6780000)
 ParOldGen       total 116224K, used 115846K [0x0000000080000000, 0x0000000087180000, 0x00000000d5580000)
  object space 116224K, 99% used [0x0000000080000000,0x0000000087121978,0x0000000087180000)
 Metaspace       used 49921K, committed 51008K, reserved 1114112K
  class space    used 5467K, committed 5952K, reserved 1048576K
}
Event: 42.254 GC heap after
{Heap after GC invocations=136 (full 2):
 PSYoungGen      total 14336K, used 992K [0x00000000d5580000, 0x00000000d6600000, 0x0000000100000000)
  eden space 13312K, 0% used [0x00000000d5580000,0x00000000d5580000,0x00000000d6280000)
  from space 1024K, 96% used [0x00000000d6500000,0x00000000d65f8000,0x00000000d6600000)
  to   space 1536K, 0% used [0x00000000d6300000,0x00000000d6300000,0x00000000d6480000)
 ParOldGen       total 116224K, used 116222K [0x0000000080000000, 0x0000000087180000, 0x00000000d5580000)
  object space 116224K, 99% used [0x0000000080000000,0x000000008717fb88,0x0000000087180000)
 Metaspace       used 49921K, committed 51008K, reserved 1114112K
  class space    used 5467K, committed 5952K, reserved 1048576K
}
Event: 42.293 GC heap before
{Heap before GC invocations=137 (full 2):
 PSYoungGen      total 14336K, used 14303K [0x00000000d5580000, 0x00000000d6600000, 0x0000000100000000)
  eden space 13312K, 99% used [0x00000000d5580000,0x00000000d627ffe8,0x00000000d6280000)
  from space 1024K, 96% used [0x00000000d6500000,0x00000000d65f8000,0x00000000d6600000)
  to   space 1536K, 0% used [0x00000000d6300000,0x00000000d6300000,0x00000000d6480000)
 ParOldGen       total 116224K, used 116222K [0x0000000080000000, 0x0000000087180000, 0x00000000d5580000)
  object space 116224K, 99% used [0x0000000080000000,0x000000008717fb88,0x0000000087180000)
 Metaspace       used 49921K, committed 51008K, reserved 1114112K
  class space    used 5467K, committed 5952K, reserved 1048576K
}
Event: 42.298 GC heap after
{Heap after GC invocations=137 (full 2):
 PSYoungGen      total 14848K, used 1520K [0x00000000d5580000, 0x00000000d6e80000, 0x0000000100000000)
  eden space 13312K, 0% used [0x00000000d5580000,0x00000000d5580000,0x00000000d6280000)
  from space 1536K, 98% used [0x00000000d6300000,0x00000000d647c018,0x00000000d6480000)
  to   space 6144K, 0% used [0x00000000d6880000,0x00000000d6880000,0x00000000d6e80000)
 ParOldGen       total 120320K, used 119832K [0x0000000080000000, 0x0000000087580000, 0x00000000d5580000)
  object space 120320K, 99% used [0x0000000080000000,0x0000000087506308,0x0000000087580000)
 Metaspace       used 49921K, committed 51008K, reserved 1114112K
  class space    used 5467K, committed 5952K, reserved 1048576K
}
Event: 42.319 GC heap before
{Heap before GC invocations=138 (full 2):
 PSYoungGen      total 14848K, used 14832K [0x00000000d5580000, 0x00000000d6e80000, 0x0000000100000000)
  eden space 13312K, 100% used [0x00000000d5580000,0x00000000d6280000,0x00000000d6280000)
  from space 1536K, 98% used [0x00000000d6300000,0x00000000d647c018,0x00000000d6480000)
  to   space 6144K, 0% used [0x00000000d6880000,0x00000000d6880000,0x00000000d6e80000)
 ParOldGen       total 120320K, used 119832K [0x0000000080000000, 0x0000000087580000, 0x00000000d5580000)
  object space 120320K, 99% used [0x0000000080000000,0x0000000087506308,0x0000000087580000)
 Metaspace       used 49921K, committed 51008K, reserved 1114112K
  class space    used 5467K, committed 5952K, reserved 1048576K
}
Event: 42.323 GC heap after
{Heap after GC invocations=138 (full 2):
 PSYoungGen      total 17920K, used 4336K [0x00000000d5580000, 0x00000000d6d00000, 0x0000000100000000)
  eden space 13312K, 0% used [0x00000000d5580000,0x00000000d5580000,0x00000000d6280000)
  from space 4608K, 94% used [0x00000000d6880000,0x00000000d6cbc018,0x00000000d6d00000)
  to   space 4608K, 0% used [0x00000000d6400000,0x00000000d6400000,0x00000000d6880000)
 ParOldGen       total 120320K, used 120189K [0x0000000080000000, 0x0000000087580000, 0x00000000d5580000)
  object space 120320K, 99% used [0x0000000080000000,0x000000008755f458,0x0000000087580000)
 Metaspace       used 49921K, committed 51008K, reserved 1114112K
  class space    used 5467K, committed 5952K, reserved 1048576K
}
Event: 42.339 GC heap before
{Heap before GC invocations=139 (full 2):
 PSYoungGen      total 17920K, used 17648K [0x00000000d5580000, 0x00000000d6d00000, 0x0000000100000000)
  eden space 13312K, 100% used [0x00000000d5580000,0x00000000d6280000,0x00000000d6280000)
  from space 4608K, 94% used [0x00000000d6880000,0x00000000d6cbc018,0x00000000d6d00000)
  to   space 4608K, 0% used [0x00000000d6400000,0x00000000d6400000,0x00000000d6880000)
 ParOldGen       total 120320K, used 120189K [0x0000000080000000, 0x0000000087580000, 0x00000000d5580000)
  object space 120320K, 99% used [0x0000000080000000,0x000000008755f458,0x0000000087580000)
 Metaspace       used 49921K, committed 51008K, reserved 1114112K
  class space    used 5467K, committed 5952K, reserved 1048576K
}
Event: 42.342 GC heap after
{Heap after GC invocations=139 (full 2):
 PSYoungGen      total 16896K, used 3440K [0x00000000d5580000, 0x00000000d6a80000, 0x0000000100000000)
  eden space 13312K, 0% used [0x00000000d5580000,0x00000000d5580000,0x00000000d6280000)
  from space 3584K, 95% used [0x00000000d6400000,0x00000000d675c018,0x00000000d6780000)
  to   space 3072K, 0% used [0x00000000d6780000,0x00000000d6780000,0x00000000d6a80000)
 ParOldGen       total 120832K, used 120605K [0x0000000080000000, 0x0000000087600000, 0x00000000d5580000)
  object space 120832K, 99% used [0x0000000080000000,0x00000000875c7710,0x0000000087600000)
 Metaspace       used 49921K, committed 51008K, reserved 1114112K
  class space    used 5467K, committed 5952K, reserved 1048576K
}
Event: 42.383 GC heap before
{Heap before GC invocations=140 (full 2):
 PSYoungGen      total 16896K, used 16752K [0x00000000d5580000, 0x00000000d6a80000, 0x0000000100000000)
  eden space 13312K, 100% used [0x00000000d5580000,0x00000000d6280000,0x00000000d6280000)
  from space 3584K, 95% used [0x00000000d6400000,0x00000000d675c018,0x00000000d6780000)
  to   space 3072K, 0% used [0x00000000d6780000,0x00000000d6780000,0x00000000d6a80000)
 ParOldGen       total 120832K, used 120605K [0x0000000080000000, 0x0000000087600000, 0x00000000d5580000)
  object space 120832K, 99% used [0x0000000080000000,0x00000000875c7710,0x0000000087600000)
 Metaspace       used 49921K, committed 51008K, reserved 1114112K
  class space    used 5467K, committed 5952K, reserved 1048576K
}
Event: 42.386 GC heap after
{Heap after GC invocations=140 (full 2):
 PSYoungGen      total 16384K, used 2720K [0x00000000d5580000, 0x00000000d6a80000, 0x0000000100000000)
  eden space 13312K, 0% used [0x00000000d5580000,0x00000000d5580000,0x00000000d6280000)
  from space 3072K, 88% used [0x00000000d6780000,0x00000000d6a28000,0x00000000d6a80000)
  to   space 3072K, 0% used [0x00000000d6480000,0x00000000d6480000,0x00000000d6780000)
 ParOldGen       total 121344K, used 120966K [0x0000000080000000, 0x0000000087680000, 0x00000000d5580000)
  object space 121344K, 99% used [0x0000000080000000,0x0000000087621980,0x0000000087680000)
 Metaspace       used 49921K, committed 51008K, reserved 1114112K
  class space    used 5467K, committed 5952K, reserved 1048576K
}
Event: 42.455 GC heap before
{Heap before GC invocations=141 (full 2):
 PSYoungGen      total 16384K, used 16032K [0x00000000d5580000, 0x00000000d6a80000, 0x0000000100000000)
  eden space 13312K, 100% used [0x00000000d5580000,0x00000000d6280000,0x00000000d6280000)
  from space 3072K, 88% used [0x00000000d6780000,0x00000000d6a28000,0x00000000d6a80000)
  to   space 3072K, 0% used [0x00000000d6480000,0x00000000d6480000,0x00000000d6780000)
 ParOldGen       total 121344K, used 120966K [0x0000000080000000, 0x0000000087680000, 0x00000000d5580000)
  object space 121344K, 99% used [0x0000000080000000,0x0000000087621980,0x0000000087680000)
 Metaspace       used 49921K, committed 51008K, reserved 1114112K
  class space    used 5467K, committed 5952K, reserved 1048576K
}
Event: 42.464 GC heap after
{Heap after GC invocations=141 (full 2):
 PSYoungGen      total 15360K, used 1888K [0x00000000d5580000, 0x00000000d6800000, 0x0000000100000000)
  eden space 13312K, 0% used [0x00000000d5580000,0x00000000d5580000,0x00000000d6280000)
  from space 2048K, 92% used [0x00000000d6480000,0x00000000d6658000,0x00000000d6680000)
  to   space 1536K, 0% used [0x00000000d6680000,0x00000000d6680000,0x00000000d6800000)
 ParOldGen       total 121856K, used 121387K [0x0000000080000000, 0x0000000087700000, 0x00000000d5580000)
  object space 121856K, 99% used [0x0000000080000000,0x000000008768ac68,0x0000000087700000)
 Metaspace       used 49921K, committed 51008K, reserved 1114112K
  class space    used 5467K, committed 5952K, reserved 1048576K
}
Event: 42.538 GC heap before
{Heap before GC invocations=142 (full 2):
 PSYoungGen      total 15360K, used 15200K [0x00000000d5580000, 0x00000000d6800000, 0x0000000100000000)
  eden space 13312K, 100% used [0x00000000d5580000,0x00000000d6280000,0x00000000d6280000)
  from space 2048K, 92% used [0x00000000d6480000,0x00000000d6658000,0x00000000d6680000)
  to   space 1536K, 0% used [0x00000000d6680000,0x00000000d6680000,0x00000000d6800000)
 ParOldGen       total 121856K, used 121387K [0x0000000080000000, 0x0000000087700000, 0x00000000d5580000)
  object space 121856K, 99% used [0x0000000080000000,0x000000008768ac68,0x0000000087700000)
 Metaspace       used 49921K, committed 51008K, reserved 1114112K
  class space    used 5467K, committed 5952K, reserved 1048576K
}
Event: 42.540 GC heap after
{Heap after GC invocations=142 (full 2):
 PSYoungGen      total 14336K, used 896K [0x00000000d5580000, 0x00000000d6780000, 0x0000000100000000)
  eden space 13312K, 0% used [0x00000000d5580000,0x00000000d5580000,0x00000000d6280000)
  from space 1024K, 87% used [0x00000000d6680000,0x00000000d6760000,0x00000000d6780000)
  to   space 1536K, 0% used [0x00000000d6480000,0x00000000d6480000,0x00000000d6600000)
 ParOldGen       total 121856K, used 121743K [0x0000000080000000, 0x0000000087700000, 0x00000000d5580000)
  object space 121856K, 99% used [0x0000000080000000,0x00000000876e3e60,0x0000000087700000)
 Metaspace       used 49921K, committed 51008K, reserved 1114112K
  class space    used 5467K, committed 5952K, reserved 1048576K
}
Event: 42.584 GC heap before
{Heap before GC invocations=143 (full 2):
 PSYoungGen      total 14336K, used 14208K [0x00000000d5580000, 0x00000000d6780000, 0x0000000100000000)
  eden space 13312K, 100% used [0x00000000d5580000,0x00000000d6280000,0x00000000d6280000)
  from space 1024K, 87% used [0x00000000d6680000,0x00000000d6760000,0x00000000d6780000)
  to   space 1536K, 0% used [0x00000000d6480000,0x00000000d6480000,0x00000000d6600000)
 ParOldGen       total 121856K, used 121743K [0x0000000080000000, 0x0000000087700000, 0x00000000d5580000)
  object space 121856K, 99% used [0x0000000080000000,0x00000000876e3e60,0x0000000087700000)
 Metaspace       used 49921K, committed 51008K, reserved 1114112K
  class space    used 5467K, committed 5952K, reserved 1048576K
}
Event: 42.588 GC heap after
{Heap after GC invocations=143 (full 2):
 PSYoungGen      total 14848K, used 1536K [0x00000000d5580000, 0x00000000d6e80000, 0x0000000100000000)
  eden space 13312K, 0% used [0x00000000d5580000,0x00000000d5580000,0x00000000d6280000)
  from space 1536K, 100% used [0x00000000d6480000,0x00000000d6600000,0x00000000d6600000)
  to   space 6144K, 0% used [0x00000000d6880000,0x00000000d6880000,0x00000000d6e80000)
 ParOldGen       total 125952K, used 125449K [0x0000000080000000, 0x0000000087b00000, 0x00000000d5580000)
  object space 125952K, 99% used [0x0000000080000000,0x0000000087a82640,0x0000000087b00000)
 Metaspace       used 49921K, committed 51008K, reserved 1114112K
  class space    used 5467K, committed 5952K, reserved 1048576K
}
Event: 42.622 GC heap before
{Heap before GC invocations=144 (full 2):
 PSYoungGen      total 14848K, used 14848K [0x00000000d5580000, 0x00000000d6e80000, 0x0000000100000000)
  eden space 13312K, 100% used [0x00000000d5580000,0x00000000d6280000,0x00000000d6280000)
  from space 1536K, 100% used [0x00000000d6480000,0x00000000d6600000,0x00000000d6600000)
  to   space 6144K, 0% used [0x00000000d6880000,0x00000000d6880000,0x00000000d6e80000)
 ParOldGen       total 125952K, used 125449K [0x0000000080000000, 0x0000000087b00000, 0x00000000d5580000)
  object space 125952K, 99% used [0x0000000080000000,0x0000000087a82640,0x0000000087b00000)
 Metaspace       used 49921K, committed 51008K, reserved 1114112K
  class space    used 5467K, committed 5952K, reserved 1048576K
}
Event: 42.629 GC heap after
{Heap after GC invocations=144 (full 2):
 PSYoungGen      total 17920K, used 4544K [0x00000000d5580000, 0x00000000d6d00000, 0x0000000100000000)
  eden space 13312K, 0% used [0x00000000d5580000,0x00000000d5580000,0x00000000d6280000)
  from space 4608K, 98% used [0x00000000d6880000,0x00000000d6cf0030,0x00000000d6d00000)
  to   space 5120K, 0% used [0x00000000d6300000,0x00000000d6300000,0x00000000d6800000)
 ParOldGen       total 125952K, used 125909K [0x0000000080000000, 0x0000000087b00000, 0x00000000d5580000)
  object space 125952K, 99% used [0x0000000080000000,0x0000000087af57a8,0x0000000087b00000)
 Metaspace       used 49921K, committed 51008K, reserved 1114112K
  class space    used 5467K, committed 5952K, reserved 1048576K
}

Dll operation events (14 events):
Event: 0.020 Loaded shared library c:\Users\atiya\.vscode\extensions\redhat.java-1.53.0-win32-x64\jre\21.0.10-win32-x86_64\bin\java.dll
Event: 0.152 Loaded shared library c:\Users\atiya\.vscode\extensions\redhat.java-1.53.0-win32-x64\jre\21.0.10-win32-x86_64\bin\zip.dll
Event: 0.187 Loaded shared library C:\Users\atiya\.vscode\extensions\redhat.java-1.53.0-win32-x64\jre\21.0.10-win32-x86_64\bin\instrument.dll
Event: 0.197 Loaded shared library C:\Users\atiya\.vscode\extensions\redhat.java-1.53.0-win32-x64\jre\21.0.10-win32-x86_64\bin\net.dll
Event: 0.202 Loaded shared library C:\Users\atiya\.vscode\extensions\redhat.java-1.53.0-win32-x64\jre\21.0.10-win32-x86_64\bin\nio.dll
Event: 0.213 Loaded shared library C:\Users\atiya\.vscode\extensions\redhat.java-1.53.0-win32-x64\jre\21.0.10-win32-x86_64\bin\zip.dll
Event: 0.242 Loaded shared library C:\Users\atiya\.vscode\extensions\redhat.java-1.53.0-win32-x64\jre\21.0.10-win32-x86_64\bin\jimage.dll
Event: 0.419 Loaded shared library c:\Users\atiya\.vscode\extensions\redhat.java-1.53.0-win32-x64\jre\21.0.10-win32-x86_64\bin\verify.dll
Event: 11.051 Loaded shared library C:\Users\atiya\AppData\Roaming\Code\User\globalStorage\redhat.java\1.53.0\config_win\org.eclipse.equinox.launcher\org.eclipse.equinox.launcher.win32.win32.x86_64_1.3.0.v20260203-2149\eclipse_11919.dll
Event: 25.290 Loaded shared library C:\Users\atiya\.vscode\extensions\redhat.java-1.53.0-win32-x64\jre\21.0.10-win32-x86_64\bin\management.dll
Event: 25.295 Loaded shared library C:\Users\atiya\.vscode\extensions\redhat.java-1.53.0-win32-x64\jre\21.0.10-win32-x86_64\bin\management_ext.dll
Event: 27.501 Loaded shared library C:\Users\atiya\AppData\Local\Temp\jna-93142046\jna8663077963050220267.dll
Event: 28.329 Loaded shared library C:\Users\atiya\.vscode\extensions\redhat.java-1.53.0-win32-x64\jre\21.0.10-win32-x86_64\bin\sunmscapi.dll
Event: 28.547 Loaded shared library C:\Users\atiya\.vscode\extensions\redhat.java-1.53.0-win32-x64\jre\21.0.10-win32-x86_64\bin\extnet.dll

Deoptimization events (20 events):
Event: 40.366 Thread 0x0000020cd6dc6e80 Uncommon trap: trap_request=0xffffff45 fr.pc=0x0000020ce1ea7dc8 relative=0x0000000000003e48
Event: 40.366 Thread 0x0000020cd6dc6e80 Uncommon trap: reason=unstable_if action=reinterpret pc=0x0000020ce1ea7dc8 method=org.apache.felix.resolver.PackageSpaces.checkPackageSpaceConsistency(Lorg/apache/felix/resolver/ResolveSession;Lorg/osgi/resource/Resource;Lorg/apache/felix/resolver/Candida
Event: 40.366 Thread 0x0000020cd6dc6e80 DEOPT PACKING pc=0x0000020ce1ea7dc8 sp=0x00000095176fec10
Event: 40.366 Thread 0x0000020cd6dc6e80 DEOPT UNPACKING pc=0x0000020ce15a3aa2 sp=0x00000095176fec38 mode 2
Event: 41.188 Thread 0x0000020cd6dc6e80 DEOPT PACKING pc=0x0000020cdadf744b sp=0x00000095176fecf0
Event: 41.188 Thread 0x0000020cd6dc6e80 DEOPT UNPACKING pc=0x0000020ce15a4242 sp=0x00000095176fe1f0 mode 0
Event: 41.367 Thread 0x0000020cf8f6d050 Uncommon trap: trap_request=0xffffff45 fr.pc=0x0000020ce1ed980c relative=0x0000000000000e6c
Event: 41.367 Thread 0x0000020cf8f6d050 Uncommon trap: reason=unstable_if action=reinterpret pc=0x0000020ce1ed980c method=java.util.concurrent.ConcurrentHashMap.addCount(JI)V @ 230 c2
Event: 41.367 Thread 0x0000020cf8f6d050 DEOPT PACKING pc=0x0000020ce1ed980c sp=0x000000951a6fef30
Event: 41.367 Thread 0x0000020cf8f6d050 DEOPT UNPACKING pc=0x0000020ce15a3aa2 sp=0x000000951a6fee00 mode 2
Event: 41.686 Thread 0x0000020cf4466250 Uncommon trap: trap_request=0xffffff45 fr.pc=0x0000020ce1ed7d50 relative=0x00000000000002f0
Event: 41.686 Thread 0x0000020cf4466250 Uncommon trap: reason=unstable_if action=reinterpret pc=0x0000020ce1ed7d50 method=java.util.concurrent.ConcurrentHashMap.addCount(JI)V @ 230 c2
Event: 41.686 Thread 0x0000020cf4466250 DEOPT PACKING pc=0x0000020ce1ed7d50 sp=0x000000951aefea60
Event: 41.686 Thread 0x0000020cf4466250 DEOPT UNPACKING pc=0x0000020ce15a3aa2 sp=0x000000951aefe9a0 mode 2
Event: 41.801 Thread 0x0000020cd6dc6e80 DEOPT PACKING pc=0x0000020cdadfac46 sp=0x00000095176feb70
Event: 41.801 Thread 0x0000020cd6dc6e80 DEOPT UNPACKING pc=0x0000020ce15a4242 sp=0x00000095176fe028 mode 0
Event: 42.188 Thread 0x0000020cd6dc6e80 DEOPT PACKING pc=0x0000020cdae3ccd7 sp=0x00000095176fecd0
Event: 42.188 Thread 0x0000020cd6dc6e80 DEOPT UNPACKING pc=0x0000020ce15a4242 sp=0x00000095176fe1e0 mode 0
Event: 42.368 Thread 0x0000020cd6dc6e80 DEOPT PACKING pc=0x0000020cdae3cc74 sp=0x00000095176fecd0
Event: 42.369 Thread 0x0000020cd6dc6e80 DEOPT UNPACKING pc=0x0000020ce15a4242 sp=0x00000095176fe1e0 mode 0

Classes loaded (20 events):
Event: 30.289 Loading class java/nio/file/FileTreeWalker$EventType
Event: 30.289 Loading class java/nio/file/FileTreeWalker$EventType done
Event: 30.289 Loading class java/nio/file/Files$3
Event: 30.289 Loading class java/nio/file/Files$3 done
Event: 30.290 Loading class java/nio/file/FileVisitResult
Event: 30.290 Loading class java/nio/file/FileVisitResult done
Event: 30.492 Loading class sun/net/www/http/KeepAliveCache$1
Event: 30.494 Loading class sun/net/www/http/KeepAliveCache$1 done
Event: 30.494 Loading class sun/net/www/http/KeepAliveCache$ClientVector
Event: 30.494 Loading class sun/net/www/http/KeepAliveCache$ClientVector done
Event: 30.496 Loading class sun/net/www/http/KeepAliveEntry
Event: 30.496 Loading class sun/net/www/http/KeepAliveEntry done
Event: 35.502 Loading class sun/security/ssl/Alert
Event: 35.504 Loading class sun/security/ssl/Alert done
Event: 35.504 Loading class sun/security/ssl/Alert$AlertConsumer
Event: 35.507 Loading class sun/security/ssl/Alert$AlertConsumer done
Event: 35.508 Loading class sun/security/ssl/Alert$Level
Event: 35.508 Loading class sun/security/ssl/Alert$Level done
Event: 37.899 Loading class java/util/concurrent/ThreadPoolExecutor$CallerRunsPolicy
Event: 37.899 Loading class java/util/concurrent/ThreadPoolExecutor$CallerRunsPolicy done

Classes unloaded (10 events):
Event: 26.167 Thread 0x0000020ceeb20fe0 Unloading class 0x0000020c811a8800 'java/lang/invoke/LambdaForm$MH+0x0000020c811a8800'
Event: 26.167 Thread 0x0000020ceeb20fe0 Unloading class 0x0000020c811a8400 'java/lang/invoke/LambdaForm$MH+0x0000020c811a8400'
Event: 26.167 Thread 0x0000020ceeb20fe0 Unloading class 0x0000020c811a8000 'java/lang/invoke/LambdaForm$MH+0x0000020c811a8000'
Event: 26.167 Thread 0x0000020ceeb20fe0 Unloading class 0x0000020c811a7c00 'java/lang/invoke/LambdaForm$MH+0x0000020c811a7c00'
Event: 26.167 Thread 0x0000020ceeb20fe0 Unloading class 0x0000020c811a7800 'java/lang/invoke/LambdaForm$BMH+0x0000020c811a7800'
Event: 26.167 Thread 0x0000020ceeb20fe0 Unloading class 0x0000020c811a7400 'java/lang/invoke/LambdaForm$DMH+0x0000020c811a7400'
Event: 26.167 Thread 0x0000020ceeb20fe0 Unloading class 0x0000020c811a6000 'java/lang/invoke/LambdaForm$DMH+0x0000020c811a6000'
Event: 27.890 Thread 0x0000020ceeb20fe0 Unloading class 0x0000020c81302c00 'java/lang/invoke/LambdaForm$MH+0x0000020c81302c00'
Event: 27.890 Thread 0x0000020ceeb20fe0 Unloading class 0x0000020c81302400 'java/lang/invoke/LambdaForm$MH+0x0000020c81302400'
Event: 27.890 Thread 0x0000020ceeb20fe0 Unloading class 0x0000020c81301c00 'java/lang/invoke/LambdaForm$DMH+0x0000020c81301c00'

Classes redefined (0 events):
No events

Internal exceptions (20 events):
Event: 37.548 Thread 0x0000020cf6d7ee30 Exception <a 'sun/nio/fs/WindowsException'{0x00000000d5f47010}> (0x00000000d5f47010) 
thrown [s\src\hotspot\share\prims\jni.cpp, line 520]
Event: 37.548 Thread 0x0000020cf6d7ee30 Exception <a 'sun/nio/fs/WindowsException'{0x00000000d5f47a58}> (0x00000000d5f47a58) 
thrown [s\src\hotspot\share\prims\jni.cpp, line 520]
Event: 37.548 Thread 0x0000020cf6d7ee30 Exception <a 'sun/nio/fs/WindowsException'{0x00000000d5f485e0}> (0x00000000d5f485e0) 
thrown [s\src\hotspot\share\prims\jni.cpp, line 520]
Event: 37.548 Thread 0x0000020cf6d7ee30 Exception <a 'sun/nio/fs/WindowsException'{0x00000000d5f49028}> (0x00000000d5f49028) 
thrown [s\src\hotspot\share\prims\jni.cpp, line 520]
Event: 37.548 Thread 0x0000020cf6d7ee30 Exception <a 'sun/nio/fs/WindowsException'{0x00000000d5f49bb0}> (0x00000000d5f49bb0) 
thrown [s\src\hotspot\share\prims\jni.cpp, line 520]
Event: 37.548 Thread 0x0000020cf6d7ee30 Exception <a 'sun/nio/fs/WindowsException'{0x00000000d5f4a5f8}> (0x00000000d5f4a5f8) 
thrown [s\src\hotspot\share\prims\jni.cpp, line 520]
Event: 37.549 Thread 0x0000020cf6d7ee30 Exception <a 'sun/nio/fs/WindowsException'{0x00000000d5f4b180}> (0x00000000d5f4b180) 
thrown [s\src\hotspot\share\prims\jni.cpp, line 520]
Event: 37.549 Thread 0x0000020cf6d7ee30 Exception <a 'sun/nio/fs/WindowsException'{0x00000000d5f4bbc8}> (0x00000000d5f4bbc8) 
thrown [s\src\hotspot\share\prims\jni.cpp, line 520]
Event: 37.550 Thread 0x0000020cd6dc7510 Exception <a 'java/io/FileNotFoundException'{0x00000000d5f637a0}> (0x00000000d5f637a0) 
thrown [s\src\hotspot\share\prims\jni.cpp, line 520]
Event: 37.577 Thread 0x0000020cf6d7ee30 Exception <a 'sun/nio/fs/WindowsException'{0x00000000d5f9d200}> (0x00000000d5f9d200) 
thrown [s\src\hotspot\share\prims\jni.cpp, line 520]
Event: 37.577 Thread 0x0000020cf6d7ee30 Exception <a 'sun/nio/fs/WindowsException'{0x00000000d5f9dc48}> (0x00000000d5f9dc48) 
thrown [s\src\hotspot\share\prims\jni.cpp, line 520]
Event: 37.578 Thread 0x0000020cd6dc7510 Exception <a 'java/io/FileNotFoundException'{0x00000000d5fa4110}> (0x00000000d5fa4110) 
thrown [s\src\hotspot\share\prims\jni.cpp, line 520]
Event: 37.780 Thread 0x0000020cd6dc7510 Exception <a 'java/io/FileNotFoundException'{0x00000000d5fffdb0}> (0x00000000d5fffdb0) 
thrown [s\src\hotspot\share\prims\jni.cpp, line 520]
Event: 37.819 Thread 0x0000020cf6d7ee30 Exception <a 'sun/nio/fs/WindowsException'{0x00000000d602d688}> (0x00000000d602d688) 
thrown [s\src\hotspot\share\prims\jni.cpp, line 520]
Event: 37.820 Thread 0x0000020cf6d7ee30 Exception <a 'sun/nio/fs/WindowsException'{0x00000000d602ec10}> (0x00000000d602ec10) 
thrown [s\src\hotspot\share\prims\jni.cpp, line 520]
Event: 37.820 Thread 0x0000020cd6dc7510 Exception <a 'java/io/FileNotFoundException'{0x00000000d6039860}> (0x00000000d6039860) 
thrown [s\src\hotspot\share\prims\jni.cpp, line 520]
Event: 37.828 Thread 0x0000020cd6dc6e80 Exception <a 'sun/nio/fs/WindowsException'{0x00000000d608ce20}> (0x00000000d608ce20) 
thrown [s\src\hotspot\share\prims\jni.cpp, line 520]
Event: 37.828 Thread 0x0000020cd6dc6e80 Exception <a 'sun/nio/fs/WindowsException'{0x00000000d608d5d8}> (0x00000000d608d5d8) 
thrown [s\src\hotspot\share\prims\jni.cpp, line 520]
Event: 37.829 Thread 0x0000020cd6dc6e80 Exception <a 'sun/nio/fs/WindowsException'{0x00000000d608deb0}> (0x00000000d608deb0) 
thrown [s\src\hotspot\share\prims\jni.cpp, line 520]
Event: 37.829 Thread 0x0000020cd6dc6e80 Exception <a 'sun/nio/fs/WindowsException'{0x00000000d608e648}> (0x00000000d608e648) 
thrown [s\src\hotspot\share\prims\jni.cpp, line 520]

ZGC Phase Switch (0 events):
No events

VM Operations (20 events):
Event: 42.214 Executing safepoint VM operation: ParallelGCFailedAllocation (Allocation Failure)
Event: 42.217 Executing safepoint VM operation: ParallelGCFailedAllocation (Allocation Failure) done
Event: 42.252 Executing safepoint VM operation: ParallelGCFailedAllocation (Allocation Failure)
Event: 42.254 Executing safepoint VM operation: ParallelGCFailedAllocation (Allocation Failure) done
Event: 42.292 Executing safepoint VM operation: ParallelGCFailedAllocation (Allocation Failure)
Event: 42.298 Executing safepoint VM operation: ParallelGCFailedAllocation (Allocation Failure) done
Event: 42.319 Executing safepoint VM operation: ParallelGCFailedAllocation (Allocation Failure)
Event: 42.323 Executing safepoint VM operation: ParallelGCFailedAllocation (Allocation Failure) done
Event: 42.339 Executing safepoint VM operation: ParallelGCFailedAllocation (Allocation Failure)
Event: 42.342 Executing safepoint VM operation: ParallelGCFailedAllocation (Allocation Failure) done
Event: 42.383 Executing safepoint VM operation: ParallelGCFailedAllocation (Allocation Failure)
Event: 42.386 Executing safepoint VM operation: ParallelGCFailedAllocation (Allocation Failure) done
Event: 42.454 Executing safepoint VM operation: ParallelGCFailedAllocation (Allocation Failure)
Event: 42.464 Executing safepoint VM operation: ParallelGCFailedAllocation (Allocation Failure) done
Event: 42.538 Executing safepoint VM operation: ParallelGCFailedAllocation (Allocation Failure)
Event: 42.540 Executing safepoint VM operation: ParallelGCFailedAllocation (Allocation Failure) done
Event: 42.584 Executing safepoint VM operation: ParallelGCFailedAllocation (Allocation Failure)
Event: 42.588 Executing safepoint VM operation: ParallelGCFailedAllocation (Allocation Failure) done
Event: 42.622 Executing safepoint VM operation: ParallelGCFailedAllocation (Allocation Failure)
Event: 42.629 Executing safepoint VM operation: ParallelGCFailedAllocation (Allocation Failure) done

Memory protections (0 events):
No events

Nmethod flushes (20 events):
Event: 27.902 Thread 0x0000020ceeb20fe0 flushing  nmethod 0x0000020cda69f890
Event: 27.902 Thread 0x0000020ceeb20fe0 flushing  nmethod 0x0000020cda6cf390
Event: 27.902 Thread 0x0000020ceeb20fe0 flushing  nmethod 0x0000020cda6e8810
Event: 27.902 Thread 0x0000020ceeb20fe0 flushing  nmethod 0x0000020cda706710
Event: 27.902 Thread 0x0000020ceeb20fe0 flushing  nmethod 0x0000020cda711610
Event: 27.902 Thread 0x0000020ceeb20fe0 flushing  nmethod 0x0000020cda711f10
Event: 27.902 Thread 0x0000020ceeb20fe0 flushing  nmethod 0x0000020cda712810
Event: 27.902 Thread 0x0000020ceeb20fe0 flushing  nmethod 0x0000020cda713a10
Event: 27.902 Thread 0x0000020ceeb20fe0 flushing  nmethod 0x0000020cda714210
Event: 27.902 Thread 0x0000020ceeb20fe0 flushing  nmethod 0x0000020cda715310
Event: 27.902 Thread 0x0000020ceeb20fe0 flushing  nmethod 0x0000020cda716810
Event: 27.902 Thread 0x0000020ceeb20fe0 flushing  nmethod 0x0000020cda717090
Event: 27.902 Thread 0x0000020ceeb20fe0 flushing  nmethod 0x0000020cda718190
Event: 27.902 Thread 0x0000020ceeb20fe0 flushing  nmethod 0x0000020cda719410
Event: 27.902 Thread 0x0000020ceeb20fe0 flushing  nmethod 0x0000020cda719910
Event: 27.902 Thread 0x0000020ceeb20fe0 flushing  nmethod 0x0000020cda71a490
Event: 27.902 Thread 0x0000020ceeb20fe0 flushing  nmethod 0x0000020cda76cf10
Event: 27.902 Thread 0x0000020ceeb20fe0 flushing  nmethod 0x0000020cda76d210
Event: 27.902 Thread 0x0000020ceeb20fe0 flushing  nmethod 0x0000020cda7bad10
Event: 27.902 Thread 0x0000020ceeb20fe0 flushing  nmethod 0x0000020cda7ce490

Events (20 events):
Event: 31.599 Thread 0x0000020cf55f13c0 Thread exited: 0x0000020cf55f13c0
Event: 32.198 Thread 0x0000020ceeb8b2c0 Thread added: 0x0000020cf615b4d0
Event: 32.273 Thread 0x0000020cd6dcd5a0 Thread added: 0x0000020cf6157e50
Event: 33.629 Thread 0x0000020cf6157e50 Thread exited: 0x0000020cf6157e50
Event: 33.629 Thread 0x0000020cf615b4d0 Thread exited: 0x0000020cf615b4d0
Event: 37.854 Thread 0x0000020ceeb8b2c0 Thread added: 0x0000020cf6157e50
Event: 37.899 Thread 0x0000020cd6dc6e80 Thread added: 0x0000020cf8f6c9c0
Event: 37.899 Thread 0x0000020cd6dc6e80 Thread added: 0x0000020cf8f6d050
Event: 37.899 Thread 0x0000020cd6dc6e80 Thread added: 0x0000020cf8f6d6e0
Event: 37.900 Thread 0x0000020cd6dc6e80 Thread added: 0x0000020cf8f6ea90
Event: 37.900 Thread 0x0000020cf8f6c9c0 Thread added: 0x0000020cf8f6c330
Event: 37.900 Thread 0x0000020cd6dc6e80 Thread added: 0x0000020cf8f6bca0
Event: 37.900 Thread 0x0000020cf8f6c9c0 Thread added: 0x0000020cf4465530
Event: 37.900 Thread 0x0000020cf8f6d050 Thread added: 0x0000020cf4466f70
Event: 37.900 Thread 0x0000020cf8f6d6e0 Thread added: 0x0000020cf4467c90
Event: 37.900 Thread 0x0000020cd6dc6e80 Thread added: 0x0000020cf4466250
Event: 37.901 Thread 0x0000020cf8f6c9c0 Thread added: 0x0000020cf44668e0
Event: 37.901 Thread 0x0000020cf8f6ea90 Thread added: 0x0000020cf4468320
Event: 37.912 Thread 0x0000020cd6dcd5a0 Thread added: 0x0000020cf615a060
Event: 40.524 Thread 0x0000020cf8f6b610 Thread exited: 0x0000020cf8f6b610


Dynamic libraries:
0x00007ff68a370000 - 0x00007ff68a37e000 	c:\Users\atiya\.vscode\extensions\redhat.java-1.53.0-win32-x64\jre\21.0.10-win32-x86_64\bin\java.exe
0x00007ff8a0340000 - 0x00007ff8a05a7000 	C:\WINDOWS\SYSTEM32\ntdll.dll
0x00007ff89f390000 - 0x00007ff89f459000 	C:\WINDOWS\System32\KERNEL32.DLL
0x00007ff89ce20000 - 0x00007ff89d217000 	C:\WINDOWS\System32\KERNELBASE.dll
0x00007ff89a150000 - 0x00007ff89a1f0000 	C:\WINDOWS\SYSTEM32\apphelp.dll
0x00007ff89d450000 - 0x00007ff89d59b000 	C:\WINDOWS\System32\ucrtbase.dll
0x00007ff87ef20000 - 0x00007ff87ef38000 	c:\Users\atiya\.vscode\extensions\redhat.java-1.53.0-win32-x64\jre\21.0.10-win32-x86_64\bin\jli.dll
0x00007ff89efd0000 - 0x00007ff89f196000 	C:\WINDOWS\System32\USER32.dll
0x00007ff89d5a0000 - 0x00007ff89d5c7000 	C:\WINDOWS\System32\win32u.dll
0x00007ff89ef90000 - 0x00007ff89efbb000 	C:\WINDOWS\System32\GDI32.dll
0x00007ff89d690000 - 0x00007ff89d7bc000 	C:\WINDOWS\System32\gdi32full.dll
0x00007ff89cd70000 - 0x00007ff89ce13000 	C:\WINDOWS\System32\msvcp_win.dll
0x00007ff865e90000 - 0x00007ff865eae000 	c:\Users\atiya\.vscode\extensions\redhat.java-1.53.0-win32-x64\jre\21.0.10-win32-x86_64\bin\VCRUNTIME140.dll
0x00007ff880880000 - 0x00007ff880b12000 	C:\WINDOWS\WinSxS\amd64_microsoft.windows.common-controls_6595b64144ccf1df_6.0.26100.8457_none_3e0b2faee331e92d\COMCTL32.dll
0x00007ff89f250000 - 0x00007ff89f2f9000 	C:\WINDOWS\System32\msvcrt.dll
0x00007ff89f1a0000 - 0x00007ff89f1d2000 	C:\WINDOWS\System32\IMM32.DLL
0x00007ff898be0000 - 0x00007ff898bec000 	c:\Users\atiya\.vscode\extensions\redhat.java-1.53.0-win32-x64\jre\21.0.10-win32-x86_64\bin\vcruntime140_1.dll
0x00007ff83c9a0000 - 0x00007ff83ca2d000 	c:\Users\atiya\.vscode\extensions\redhat.java-1.53.0-win32-x64\jre\21.0.10-win32-x86_64\bin\msvcp140.dll
0x00007ffff86a0000 - 0x00007ffff9441000 	c:\Users\atiya\.vscode\extensions\redhat.java-1.53.0-win32-x64\jre\21.0.10-win32-x86_64\bin\server\jvm.dll
0x00007ff89edb0000 - 0x00007ff89ee66000 	C:\WINDOWS\System32\ADVAPI32.dll
0x00007ff89f460000 - 0x00007ff89f507000 	C:\WINDOWS\System32\sechost.dll
0x00007ff89ee70000 - 0x00007ff89ef88000 	C:\WINDOWS\System32\RPCRT4.dll
0x00007ff8a0270000 - 0x00007ff8a02f0000 	C:\WINDOWS\System32\WS2_32.dll
0x00007ff89cbd0000 - 0x00007ff89cc2e000 	C:\WINDOWS\SYSTEM32\POWRPROF.dll
0x00007ff885220000 - 0x00007ff885256000 	C:\WINDOWS\SYSTEM32\WINMM.dll
0x00007ff88e480000 - 0x00007ff88e48b000 	C:\WINDOWS\SYSTEM32\VERSION.dll
0x00007ff89cbb0000 - 0x00007ff89cbc4000 	C:\WINDOWS\SYSTEM32\UMPDC.dll
0x00007ff89bad0000 - 0x00007ff89baeb000 	C:\WINDOWS\SYSTEM32\kernel.appcore.dll
0x00007ff889ac0000 - 0x00007ff889aca000 	c:\Users\atiya\.vscode\extensions\redhat.java-1.53.0-win32-x64\jre\21.0.10-win32-x86_64\bin\jimage.dll
0x00007ff89a430000 - 0x00007ff89a672000 	C:\WINDOWS\SYSTEM32\DBGHELP.DLL
0x00007ff89fa50000 - 0x00007ff89fdd3000 	C:\WINDOWS\System32\combase.dll
0x00007ff89e960000 - 0x00007ff89ea39000 	C:\WINDOWS\System32\OLEAUT32.dll
0x00007ff877540000 - 0x00007ff87757b000 	C:\WINDOWS\SYSTEM32\dbgcore.DLL
0x00007ff89d3a0000 - 0x00007ff89d448000 	C:\WINDOWS\System32\bcryptPrimitives.dll
0x00007ff886fd0000 - 0x00007ff886fdf000 	c:\Users\atiya\.vscode\extensions\redhat.java-1.53.0-win32-x64\jre\21.0.10-win32-x86_64\bin\instrument.dll
0x00007ff865e50000 - 0x00007ff865e70000 	c:\Users\atiya\.vscode\extensions\redhat.java-1.53.0-win32-x64\jre\21.0.10-win32-x86_64\bin\java.dll
0x00007ff89e0c0000 - 0x00007ff89e82e000 	C:\WINDOWS\System32\SHELL32.dll
0x00007ff89d7c0000 - 0x00007ff89e02c000 	C:\WINDOWS\System32\windows.storage.dll
0x00007ff89e840000 - 0x00007ff89e936000 	C:\WINDOWS\System32\SHCORE.dll
0x00007ff89f1e0000 - 0x00007ff89f246000 	C:\WINDOWS\System32\shlwapi.dll
0x00007ff89cc90000 - 0x00007ff89ccb9000 	C:\WINDOWS\SYSTEM32\profapi.dll
0x00007ff865da0000 - 0x00007ff865db8000 	c:\Users\atiya\.vscode\extensions\redhat.java-1.53.0-win32-x64\jre\21.0.10-win32-x86_64\bin\zip.dll
0x00007ff870a90000 - 0x00007ff870aa0000 	C:\Users\atiya\.vscode\extensions\redhat.java-1.53.0-win32-x64\jre\21.0.10-win32-x86_64\bin\net.dll
0x00007ff895090000 - 0x00007ff8951b9000 	C:\WINDOWS\SYSTEM32\WINHTTP.dll
0x00007ff89c070000 - 0x00007ff89c0dc000 	C:\WINDOWS\system32\mswsock.dll
0x00007ff862140000 - 0x00007ff862156000 	C:\Users\atiya\.vscode\extensions\redhat.java-1.53.0-win32-x64\jre\21.0.10-win32-x86_64\bin\nio.dll
0x00007ff86fe30000 - 0x00007ff86fe40000 	c:\Users\atiya\.vscode\extensions\redhat.java-1.53.0-win32-x64\jre\21.0.10-win32-x86_64\bin\verify.dll
0x00007ff853f70000 - 0x00007ff853fb5000 	C:\Users\atiya\AppData\Roaming\Code\User\globalStorage\redhat.java\1.53.0\config_win\org.eclipse.equinox.launcher\org.eclipse.equinox.launcher.win32.win32.x86_64_1.3.0.v20260203-2149\eclipse_11919.dll
0x00007ff89f8b0000 - 0x00007ff89fa47000 	C:\WINDOWS\System32\ole32.dll
0x00007ff86e190000 - 0x00007ff86e19a000 	C:\Users\atiya\.vscode\extensions\redhat.java-1.53.0-win32-x64\jre\21.0.10-win32-x86_64\bin\management.dll
0x00007ff865e40000 - 0x00007ff865e4c000 	C:\Users\atiya\.vscode\extensions\redhat.java-1.53.0-win32-x64\jre\21.0.10-win32-x86_64\bin\management_ext.dll
0x00007ff89f650000 - 0x00007ff89f658000 	C:\WINDOWS\System32\PSAPI.DLL
0x00007ff89c360000 - 0x00007ff89c37b000 	C:\WINDOWS\SYSTEM32\CRYPTSP.dll
0x00007ff89ba30000 - 0x00007ff89ba69000 	C:\WINDOWS\system32\rsaenh.dll
0x00007ff89c120000 - 0x00007ff89c153000 	C:\WINDOWS\SYSTEM32\USERENV.dll
0x00007ff89cc60000 - 0x00007ff89cc8a000 	C:\WINDOWS\SYSTEM32\bcrypt.dll
0x00007ff89c350000 - 0x00007ff89c35c000 	C:\WINDOWS\SYSTEM32\CRYPTBASE.dll
0x00007ff89b4b0000 - 0x00007ff89b4e2000 	C:\WINDOWS\SYSTEM32\IPHLPAPI.DLL
0x00007ff89efc0000 - 0x00007ff89efca000 	C:\WINDOWS\System32\NSI.dll
0x00007ff814920000 - 0x00007ff814969000 	C:\Users\atiya\AppData\Local\Temp\jna-93142046\jna8663077963050220267.dll
0x00007ff895850000 - 0x00007ff89586d000 	C:\WINDOWS\SYSTEM32\dhcpcsvc6.DLL
0x00007ff895820000 - 0x00007ff895845000 	C:\WINDOWS\SYSTEM32\dhcpcsvc.DLL
0x00007ff898c60000 - 0x00007ff898c6e000 	C:\Users\atiya\.vscode\extensions\redhat.java-1.53.0-win32-x64\jre\21.0.10-win32-x86_64\bin\sunmscapi.dll
0x00007ff89d220000 - 0x00007ff89d398000 	C:\WINDOWS\System32\CRYPT32.dll
0x00007ff89c570000 - 0x00007ff89c5a0000 	C:\WINDOWS\SYSTEM32\ncrypt.dll
0x00007ff89c520000 - 0x00007ff89c55f000 	C:\WINDOWS\SYSTEM32\NTASN1.dll
0x00007ff89b5a0000 - 0x00007ff89b6d2000 	C:\WINDOWS\SYSTEM32\DNSAPI.dll
0x00007ff88d4d0000 - 0x00007ff88d4db000 	C:\Windows\System32\rasadhlp.dll
0x00007ff88fa60000 - 0x00007ff88fae6000 	C:\WINDOWS\System32\fwpuclnt.dll
0x00007ff889b40000 - 0x00007ff889b49000 	C:\Users\atiya\.vscode\extensions\redhat.java-1.53.0-win32-x64\jre\21.0.10-win32-x86_64\bin\extnet.dll

JVMTI agents:
c:\Users\atiya\.vscode\extensions\redhat.java-1.53.0-win32-x64\lombok\lombok-1.18.39-4050.jar path:c:\Users\atiya\.vscode\extensions\redhat.java-1.53.0-win32-x64\jre\21.0.10-win32-x86_64\bin\instrument.dll, loaded, initialized, instrumentlib options:none

dbghelp: loaded successfully - version: 4.0.5 - missing functions: none
symbol engine: initialized successfully - sym options: 0x614 - pdb path: .;c:\Users\atiya\.vscode\extensions\redhat.java-1.53.0-win32-x64\jre\21.0.10-win32-x86_64\bin;C:\WINDOWS\SYSTEM32;C:\WINDOWS\WinSxS\amd64_microsoft.windows.common-controls_6595b64144ccf1df_6.0.26100.8457_none_3e0b2faee331e92d;c:\Users\atiya\.vscode\extensions\redhat.java-1.53.0-win32-x64\jre\21.0.10-win32-x86_64\bin\server;C:\Users\atiya\AppData\Roaming\Code\User\globalStorage\redhat.java\1.53.0\config_win\org.eclipse.equinox.launcher\org.eclipse.equinox.launcher.win32.win32.x86_64_1.3.0.v20260203-2149;C:\Users\atiya\AppData\Local\Temp\jna-93142046

VM Arguments:
jvm_args: --add-modules=ALL-SYSTEM --add-opens=java.base/java.util=ALL-UNNAMED --add-opens=java.base/java.lang=ALL-UNNAMED --add-opens=java.base/sun.nio.fs=ALL-UNNAMED -Declipse.application=org.eclipse.jdt.ls.core.id1 -Dosgi.bundles.defaultStartLevel=4 -Declipse.product=org.eclipse.jdt.ls.core.product -Djava.import.generatesMetadataFilesAtProjectRoot=false -DDetectVMInstallationsJob.disabled=true -Dfile.encoding=utf8 -XX:+UseParallelGC -XX:GCTimeRatio=4 -XX:AdaptiveSizePolicyWeight=90 -Dsun.zip.disableMemoryMapping=true -Xmx2G -Xms100m -Xlog:disable -javaagent:c:\Users\atiya\.vscode\extensions\redhat.java-1.53.0-win32-x64\lombok\lombok-1.18.39-4050.jar -XX:+HeapDumpOnOutOfMemoryError -XX:HeapDumpPath=c:\Users\atiya\AppData\Roaming\Code\User\workspaceStorage\c4757375b3221e1285def358a49f61f5\redhat.java -Daether.dependencyCollector.impl=bf 
java_command: c:\Users\atiya\.vscode\extensions\redhat.java-1.53.0-win32-x64\server\plugins\org.eclipse.equinox.launcher_1.7.100.v20251111-0406.jar -configuration c:\Users\atiya\AppData\Roaming\Code\User\globalStorage\redhat.java\1.53.0\config_win -data c:\Users\atiya\AppData\Roaming\Code\User\workspaceStorage\c4757375b3221e1285def358a49f61f5\redhat.java\jdt_ws --pipe=\\.\pipe\lsp-43165c12ae98b1344f5b74bede168ac0-sock
java_class_path (initial): c:\Users\atiya\.vscode\extensions\redhat.java-1.53.0-win32-x64\server\plugins\org.eclipse.equinox.launcher_1.7.100.v20251111-0406.jar
Launcher Type: SUN_STANDARD

[Global flags]
    uintx AdaptiveSizePolicyWeight                 = 90                                        {product} {command line}
     intx CICompilerCount                          = 4                                         {product} {ergonomic}
    uintx GCTimeRatio                              = 4                                         {product} {command line}
     bool HeapDumpOnOutOfMemoryError               = true                                   {manageable} {command line}
    ccstr HeapDumpPath                             = c:\Users\atiya\AppData\Roaming\Code\User\workspaceStorage\c4757375b3221e1285def358a49f61f5\redhat.java         {manageable} {command line}
   size_t InitialHeapSize                          = 104857600                                 {product} {command line}
   size_t MaxHeapSize                              = 2147483648                                {product} {command line}
   size_t MaxNewSize                               = 715653120                                 {product} {ergonomic}
   size_t MinHeapDeltaBytes                        = 524288                                    {product} {ergonomic}
   size_t MinHeapSize                              = 104857600                                 {product} {command line}
   size_t NewSize                                  = 34603008                                  {product} {ergonomic}
    uintx NonNMethodCodeHeapSize                   = 5839372                                {pd product} {ergonomic}
    uintx NonProfiledCodeHeapSize                  = 122909434                              {pd product} {ergonomic}
   size_t OldSize                                  = 70254592                                  {product} {ergonomic}
    uintx ProfiledCodeHeapSize                     = 122909434                              {pd product} {ergonomic}
    uintx ReservedCodeCacheSize                    = 251658240                              {pd product} {ergonomic}
     bool SegmentedCodeCache                       = true                                      {product} {ergonomic}
   size_t SoftMaxHeapSize                          = 2147483648                             {manageable} {ergonomic}
     bool UseCompressedOops                        = true                           {product lp64_product} {ergonomic}
     bool UseLargePagesIndividualAllocation        = false                                  {pd product} {ergonomic}
     bool UseParallelGC                            = true                                      {product} {command line}

Logging:
Log output configuration:
 #0: stdout all=off uptime,level,tags foldmultilines=false
 #1: stderr all=off uptime,level,tags foldmultilines=false

Release file:
JAVA_VERSION="21.0.10" 
MODULES="java.base java.compiler java.datatransfer java.xml java.prefs java.desktop java.instrument java.logging java.management java.security.sasl java.naming java.rmi java.management.rmi java.net.http java.scripting java.security.jgss java.transaction.xa java.sql java.sql.rowset java.xml.crypto java.se java.smartcardio jdk.accessibility jdk.internal.jvmstat jdk.attach jdk.charsets jdk.internal.opt jdk.zipfs jdk.compiler jdk.crypto.ec jdk.crypto.cryptoki jdk.crypto.mscapi jdk.dynalink jdk.internal.ed jdk.editpad jdk.hotspot.agent jdk.httpserver jdk.internal.le jdk.internal.vm.ci jdk.internal.vm.compiler jdk.internal.vm.compiler.management jdk.jartool jdk.javadoc jdk.jcmd jdk.management jdk.management.agent jdk.jconsole jdk.jdeps jdk.jdwp.agent jdk.jdi jdk.jfr jdk.jshell jdk.jsobject jdk.jstatd jdk.localedata jdk.management.jfr jdk.naming.dns jdk.naming.rmi jdk.net jdk.nio.mapmode jdk.random jdk.sctp jdk.security.auth jdk.security.jgss jdk.unsupported jdk.unsupported.desktop jdk.xml.dom" 

Environment Variables:
JAVA_HOME=C:\Program Files\Eclipse Adoptium\jdk-17.0.14.7-hotspot
PATH=D:\Programs\Microsoft VS Code;C:\oraclexe\app\oracle\product\11.2.0\server\bin;C:\Program Files\Common Files\Oracle\Java\javapath;C:\windows\system32;C:\windows;C:\windows\System32\Wbem;C:\windows\System32\WindowsPowerShell\v1.0\;C:\windows\System32\OpenSSH\;C:\Program Files (x86)\NVIDIA Corporation\PhysX\Common;C:\WINDOWS\system32;C:\WINDOWS;C:\WINDOWS\System32\Wbem;C:\WINDOWS\System32\WindowsPowerShell\v1.0\;C:\WINDOWS\System32\OpenSSH\;C:\Program Files\dotnet\;C:\Program Files\NVIDIA Corporation\NVIDIA app\NvDLISR;C:\Program Files\Oracle\VirtualBox;C:\Program Files\nodejs\;C:\Program Files\MongoDB\Server\8.0\bin;C:\Program Files\Git\cmd;C:\Program Files\apache-maven-3.9.9\bin;D:\Programs\rabbitmq_server-4.0.7\sbin;C:\Program Files\Eclipse Adoptium\jdk-17.0.14.7-hotspot;D:\poppler-23.07.0\Library\bin;C:\poppler-23.07.0\Library\bin;C:\Users\atiya\AppData\Local\Programs\Python\Python312\Scripts\;C:\Users\atiya\AppData\Local\Programs\Python\Python312\;C:\Users\atiya\AppData\Local\Microsoft\WindowsApps;D:\Programs\Microsoft VS Code\bin;C:\Users\atiya\AppData\Roaming\npm;C:\Users\atiya\AppData\Local\Programs\mongosh\;D:\poppler-23.07.0\Library\bin;C:\poppler-23.07.0\Library\bin;;C:\Users\atiya\.bun\bin;C:\Users\atiya\AppData\Local\Programs\Antigravity\bin;C:\Users\atiya\AppData\Local\Programs\Antigravity IDE\bin
USERNAME=atiya
OS=Windows_NT
PROCESSOR_IDENTIFIER=Intel64 Family 6 Model 165 Stepping 2, GenuineIntel
TMP=C:\Users\atiya\AppData\Local\Temp
TEMP=C:\Users\atiya\AppData\Local\Temp




Periodic native trim disabled

---------------  S Y S T E M  ---------------

OS:
 Windows 11 , 64 bit Build 26100 (10.0.26100.8328)
OS uptime: 3 days 14:52 hours
Hyper-V role detected

CPU: total 12 (initial active 12) (6 cores per cpu, 2 threads per core) family 6 model 165 stepping 2 microcode 0xf0, cx8, cmov, fxsr, ht, mmx, 3dnowpref, sse, sse2, sse3, ssse3, sse4.1, sse4.2, popcnt, lzcnt, tsc, tscinvbit, avx, avx2, aes, erms, clmul, bmi1, bmi2, adx, fma, vzeroupper, clflush, clflushopt, hv, rdtscp, f16c
Processor Information for the first 12 processors :
  Max Mhz: 2592, Current Mhz: 2592, Mhz Limit: 2592

Memory: 4k page, system-wide physical 16160M (416M free)
TotalPageFile size 24593M (AvailPageFile size 4M)
current process WorkingSet (physical memory assigned to process): 339M, peak: 339M
current process commit charge ("private bytes"): 413M, peak: 1655M

vm_info: OpenJDK 64-Bit Server VM (21.0.10+7-LTS) for windows-amd64 JRE (21.0.10+7-LTS), built on 2026-01-20T00:00:00Z by "admin" with MS VC++ 17.12 (VS2022)

END.
