#
# There is insufficient memory for the Java Runtime Environment to continue.
# Native memory allocation (malloc) failed to allocate 2146336 bytes. Error detail: Chunk::new
# Possible reasons:
#   The system is out of physical RAM or swap space
#   This process is running with CompressedOops enabled, and the Java Heap may be blocking the growth of the native heap
# Possible solutions:
#   Reduce memory load on the system
#   Increase physical memory or swap space
#   Check if swap backing store is full
#   Decrease Java heap size (-Xmx/-Xms)
#   Decrease number of Java threads
#   Decrease Java thread stack sizes (-Xss)
#   Set larger code cache with -XX:ReservedCodeCacheSize=
#   JVM is running with Unscaled Compressed Oops mode in which the Java heap is
#     placed in the first 4GB address space. The Java Heap base address is the
#     maximum limit for the native heap growth. Please use -XX:HeapBaseMinAddress
#     to set the Java Heap base and to place the Java Heap above 4GB virtual address.
# This output file may be truncated or incomplete.
#
#  Out of Memory Error (arena.cpp:168), pid=5008, tid=9248
#
# JRE version: OpenJDK Runtime Environment Temurin-21.0.10+7 (21.0.10+7) (build 21.0.10+7-LTS)
# Java VM: OpenJDK 64-Bit Server VM Temurin-21.0.10+7 (21.0.10+7-LTS, mixed mode, sharing, tiered, compressed oops, compressed class ptrs, parallel gc, windows-amd64)
# No core dump will be written. Minidumps are not enabled by default on client versions of Windows
#

---------------  S U M M A R Y ------------

Command Line: --add-modules=ALL-SYSTEM --add-opens=java.base/java.util=ALL-UNNAMED --add-opens=java.base/java.lang=ALL-UNNAMED --add-opens=java.base/sun.nio.fs=ALL-UNNAMED -Declipse.application=org.eclipse.jdt.ls.core.id1 -Dosgi.bundles.defaultStartLevel=4 -Declipse.product=org.eclipse.jdt.ls.core.product -Djava.import.generatesMetadataFilesAtProjectRoot=false -DDetectVMInstallationsJob.disabled=true -Dfile.encoding=utf8 -XX:+UseParallelGC -XX:GCTimeRatio=4 -XX:AdaptiveSizePolicyWeight=90 -Dsun.zip.disableMemoryMapping=true -Xmx2G -Xms100m -Xlog:disable -javaagent:c:\Users\atiya\.vscode\extensions\redhat.java-1.53.0-win32-x64\lombok\lombok-1.18.39-4050.jar -XX:+HeapDumpOnOutOfMemoryError -XX:HeapDumpPath=c:\Users\atiya\AppData\Roaming\Code\User\workspaceStorage\c4757375b3221e1285def358a49f61f5\redhat.java -Daether.dependencyCollector.impl=bf c:\Users\atiya\.vscode\extensions\redhat.java-1.53.0-win32-x64\server\plugins\org.eclipse.equinox.launcher_1.7.100.v20251111-0406.jar -configuration c:\Users\atiya\AppData\Roaming\Code\User\globalStorage\redhat.java\1.53.0\config_win -data c:\Users\atiya\AppData\Roaming\Code\User\workspaceStorage\c4757375b3221e1285def358a49f61f5\redhat.java\jdt_ws --pipe=\\.\pipe\lsp-935396213be44e436c8b0c5e893f0d73-sock

Host: Intel(R) Core(TM) i7-10750H CPU @ 2.60GHz, 12 cores, 15G,  Windows 11 , 64 bit Build 26100 (10.0.26100.8328)
Time: Fri Jun  5 14:03:04 2026 W. Central Africa Standard Time elapsed time: 16.736247 seconds (0d 0h 0m 16s)

---------------  T H R E A D  ---------------

Current thread (0x000001ef144d5d90):  JavaThread "C2 CompilerThread1" daemon [_thread_in_native, id=9248, stack(0x0000000be8800000,0x0000000be8900000) (1024K)]


Current CompileTask:
C2:16736 6896       4       org.apache.felix.resolver.PackageSpaces::mergeUses (494 bytes)

Stack: [0x0000000be8800000,0x0000000be8900000]
Native frames: (J=compiled Java code, j=interpreted, Vv=VM code, C=native code)
V  [jvm.dll+0x6d7a39]
V  [jvm.dll+0x8b4b26]
V  [jvm.dll+0x8b70de]
V  [jvm.dll+0x8b77c3]
V  [jvm.dll+0x284346]
V  [jvm.dll+0xc66ed]
V  [jvm.dll+0xc6c31]
V  [jvm.dll+0x3bec3b]
V  [jvm.dll+0x1e3f69]
V  [jvm.dll+0x24c6b3]
V  [jvm.dll+0x24bb40]
V  [jvm.dll+0x1cb34e]
V  [jvm.dll+0x25b85d]
V  [jvm.dll+0x259dea]
V  [jvm.dll+0x3f857e]
V  [jvm.dll+0x85f59d]
V  [jvm.dll+0x6d626d]
C  [ucrtbase.dll+0x37b0]
C  [KERNEL32.DLL+0x2e957]
C  [ntdll.dll+0x427c]


---------------  P R O C E S S  ---------------

Threads class SMR info:
_java_thread_list=0x000001ef13ec70c0, length=55, elements={
0x000001eeb1003dc0, 0x000001eec9db73c0, 0x000001eec9dbc3a0, 0x000001eec9dc2db0,
0x000001eec9dc3bc0, 0x000001eec9dcb400, 0x000001eec9dcdc30, 0x000001ef0c141f50,
0x000001ef0c146b40, 0x000001ef0c31a6c0, 0x000001ef0c3e84e0, 0x000001ef12184ee0,
0x000001ef12185550, 0x000001ef12185bc0, 0x000001ef12101090, 0x000001ef12101700,
0x000001ef120eb920, 0x000001ef121f42a0, 0x000001ef12197750, 0x000001ef120917b0,
0x000001ef12501a40, 0x000001ef12500d20, 0x000001ef125020d0, 0x000001ef12503b10,
0x000001ef125013b0, 0x000001ef125041a0, 0x000001ef12502760, 0x000001ef12502df0,
0x000001ef144d5d90, 0x000001ef12503480, 0x000001ef0c409590, 0x000001ef0c4081e0,
0x000001ef0c4074c0, 0x000001ef0c408f00, 0x000001ef0c409c20, 0x000001ef0c408870,
0x000001ef0c40afd0, 0x000001ef0c40a940, 0x000001ef0c40a2b0, 0x000001ef0c407b50,
0x000001ef0c40e450, 0x000001ef0c40ddc0, 0x000001ef0c40ca10, 0x000001ef0c40d0a0,
0x000001ef0c40bcf0, 0x000001ef0c40d730, 0x000001ef0c40eae0, 0x000001ef0c40c380,
0x000001ef0c40b660, 0x000001ef12c916e0, 0x000001ef12c91050, 0x000001ef12c91d70,
0x000001ef12c8ef80, 0x000001ef12c92400, 0x000001ef12c92a90
}

Java Threads: ( => current thread )
  0x000001eeb1003dc0 JavaThread "main"                              [_thread_blocked, id=28172, stack(0x0000000be7900000,0x0000000be7a00000) (1024K)]
  0x000001eec9db73c0 JavaThread "Reference Handler"          daemon [_thread_blocked, id=22212, stack(0x0000000be7d00000,0x0000000be7e00000) (1024K)]
  0x000001eec9dbc3a0 JavaThread "Finalizer"                  daemon [_thread_blocked, id=7652, stack(0x0000000be7e00000,0x0000000be7f00000) (1024K)]
  0x000001eec9dc2db0 JavaThread "Signal Dispatcher"          daemon [_thread_blocked, id=9176, stack(0x0000000be7f00000,0x0000000be8000000) (1024K)]
  0x000001eec9dc3bc0 JavaThread "Attach Listener"            daemon [_thread_blocked, id=26988, stack(0x0000000be8000000,0x0000000be8100000) (1024K)]
  0x000001eec9dcb400 JavaThread "Service Thread"             daemon [_thread_blocked, id=20304, stack(0x0000000be8100000,0x0000000be8200000) (1024K)]
  0x000001eec9dcdc30 JavaThread "Monitor Deflation Thread"   daemon [_thread_blocked, id=3316, stack(0x0000000be8200000,0x0000000be8300000) (1024K)]
  0x000001ef0c141f50 JavaThread "C2 CompilerThread0"         daemon [_thread_in_native, id=17888, stack(0x0000000be8300000,0x0000000be8400000) (1024K)]
  0x000001ef0c146b40 JavaThread "C1 CompilerThread0"         daemon [_thread_blocked, id=6464, stack(0x0000000be8400000,0x0000000be8500000) (1024K)]
  0x000001ef0c31a6c0 JavaThread "Common-Cleaner"             daemon [_thread_blocked, id=17836, stack(0x0000000be8600000,0x0000000be8700000) (1024K)]
  0x000001ef0c3e84e0 JavaThread "Notification Thread"        daemon [_thread_blocked, id=8964, stack(0x0000000be8700000,0x0000000be8800000) (1024K)]
  0x000001ef12184ee0 JavaThread "Equinox resolver thread - Equinox Container: 5482fbdf-36a6-475d-ba4a-8152d16e369c" daemon [_thread_blocked, id=24556, stack(0x0000000be8f00000,0x0000000be9000000) (1024K)]
  0x000001ef12185550 JavaThread "Equinox resolver thread - Equinox Container: 5482fbdf-36a6-475d-ba4a-8152d16e369c" daemon [_thread_blocked, id=14836, stack(0x0000000be9000000,0x0000000be9100000) (1024K)]
  0x000001ef12185bc0 JavaThread "Equinox resolver thread - Equinox Container: 5482fbdf-36a6-475d-ba4a-8152d16e369c" daemon [_thread_blocked, id=18332, stack(0x0000000be9100000,0x0000000be9200000) (1024K)]
  0x000001ef12101090 JavaThread "Equinox resolver thread - Equinox Container: 5482fbdf-36a6-475d-ba4a-8152d16e369c" daemon [_thread_blocked, id=8220, stack(0x0000000be9200000,0x0000000be9300000) (1024K)]
  0x000001ef12101700 JavaThread "Equinox resolver thread - Equinox Container: 5482fbdf-36a6-475d-ba4a-8152d16e369c" daemon [_thread_blocked, id=15056, stack(0x0000000be9300000,0x0000000be9400000) (1024K)]
  0x000001ef120eb920 JavaThread "Equinox resolver thread - Equinox Container: 5482fbdf-36a6-475d-ba4a-8152d16e369c" daemon [_thread_blocked, id=18632, stack(0x0000000be9400000,0x0000000be9500000) (1024K)]
  0x000001ef121f42a0 JavaThread "Active Thread: Equinox Container: 5482fbdf-36a6-475d-ba4a-8152d16e369c"        [_thread_blocked, id=21968, stack(0x0000000be9500000,0x0000000be9600000) (1024K)]
  0x000001ef12197750 JavaThread "Refresh Thread: Equinox Container: 5482fbdf-36a6-475d-ba4a-8152d16e369c" daemon [_thread_blocked, id=14160, stack(0x0000000be9700000,0x0000000be9800000) (1024K)]
  0x000001ef120917b0 JavaThread "Equinox resolver thread - Equinox Container: 5482fbdf-36a6-475d-ba4a-8152d16e369c" daemon [_thread_blocked, id=19268, stack(0x0000000be9800000,0x0000000be9900000) (1024K)]
  0x000001ef12501a40 JavaThread "Equinox resolver thread - Equinox Container: 5482fbdf-36a6-475d-ba4a-8152d16e369c" daemon [_thread_blocked, id=7676, stack(0x0000000be9900000,0x0000000be9a00000) (1024K)]
  0x000001ef12500d20 JavaThread "Equinox resolver thread - Equinox Container: 5482fbdf-36a6-475d-ba4a-8152d16e369c" daemon [_thread_blocked, id=23412, stack(0x0000000be9a00000,0x0000000be9b00000) (1024K)]
  0x000001ef125020d0 JavaThread "Equinox resolver thread - Equinox Container: 5482fbdf-36a6-475d-ba4a-8152d16e369c" daemon [_thread_blocked, id=9908, stack(0x0000000be9b00000,0x0000000be9c00000) (1024K)]
  0x000001ef12503b10 JavaThread "Equinox resolver thread - Equinox Container: 5482fbdf-36a6-475d-ba4a-8152d16e369c" daemon [_thread_blocked, id=2716, stack(0x0000000be9c00000,0x0000000be9d00000) (1024K)]
  0x000001ef125013b0 JavaThread "Equinox resolver thread - Equinox Container: 5482fbdf-36a6-475d-ba4a-8152d16e369c" daemon [_thread_blocked, id=14824, stack(0x0000000be9d00000,0x0000000be9e00000) (1024K)]
  0x000001ef125041a0 JavaThread "Framework Event Dispatcher: Equinox Container: 5482fbdf-36a6-475d-ba4a-8152d16e369c" daemon [_thread_blocked, id=15788, stack(0x0000000be9f00000,0x0000000bea000000) (1024K)]
  0x000001ef12502760 JavaThread "Start Level: Equinox Container: 5482fbdf-36a6-475d-ba4a-8152d16e369c" daemon [_thread_blocked, id=27844, stack(0x0000000bea000000,0x0000000bea100000) (1024K)]
  0x000001ef12502df0 JavaThread "Bundle File Closer"         daemon [_thread_blocked, id=19984, stack(0x0000000bea100000,0x0000000bea200000) (1024K)]
=>0x000001ef144d5d90 JavaThread "C2 CompilerThread1"         daemon [_thread_in_native, id=9248, stack(0x0000000be8800000,0x0000000be8900000) (1024K)]
  0x000001ef12503480 JavaThread "SCR Component Actor"        daemon [_thread_blocked, id=30340, stack(0x0000000bea200000,0x0000000bea300000) (1024K)]
  0x000001ef0c409590 JavaThread "Worker-JM"                         [_thread_blocked, id=28488, stack(0x0000000bea300000,0x0000000bea400000) (1024K)]
  0x000001ef0c4081e0 JavaThread "Worker-0"                          [_thread_blocked, id=23556, stack(0x0000000bea400000,0x0000000bea500000) (1024K)]
  0x000001ef0c4074c0 JavaThread "Worker-1: Initialize Workspace"        [_thread_in_Java, id=14116, stack(0x0000000bea500000,0x0000000bea600000) (1024K)]
  0x000001ef0c408f00 JavaThread "Java indexing"              daemon [_thread_blocked, id=12844, stack(0x0000000bea600000,0x0000000bea700000) (1024K)]
  0x000001ef0c409c20 JavaThread "JNA Cleaner"                daemon [_thread_blocked, id=5564, stack(0x0000000bea700000,0x0000000bea800000) (1024K)]
  0x000001ef0c408870 JavaThread "Worker-2"                          [_thread_blocked, id=18112, stack(0x0000000beaa00000,0x0000000beab00000) (1024K)]
  0x000001ef0c40afd0 JavaThread "Worker-3"                          [_thread_blocked, id=19492, stack(0x0000000beab00000,0x0000000beac00000) (1024K)]
  0x000001ef0c40a940 JavaThread "Worker-4"                          [_thread_blocked, id=21492, stack(0x0000000beac00000,0x0000000bead00000) (1024K)]
  0x000001ef0c40a2b0 JavaThread "Worker-5"                          [_thread_blocked, id=19728, stack(0x0000000bead00000,0x0000000beae00000) (1024K)]
  0x000001ef0c407b50 JavaThread "Thread-1"                   daemon [_thread_in_native, id=30268, stack(0x0000000beae00000,0x0000000beaf00000) (1024K)]
  0x000001ef0c40e450 JavaThread "Thread-2"                   daemon [_thread_in_native, id=23508, stack(0x0000000beaf00000,0x0000000beb000000) (1024K)]
  0x000001ef0c40ddc0 JavaThread "Thread-3"                   daemon [_thread_in_native, id=18604, stack(0x0000000beb000000,0x0000000beb100000) (1024K)]
  0x000001ef0c40ca10 JavaThread "Thread-4"                   daemon [_thread_in_native, id=26552, stack(0x0000000beb100000,0x0000000beb200000) (1024K)]
  0x000001ef0c40d0a0 JavaThread "Thread-5"                   daemon [_thread_in_native, id=24892, stack(0x0000000beb200000,0x0000000beb300000) (1024K)]
  0x000001ef0c40bcf0 JavaThread "Thread-6"                   daemon [_thread_in_native, id=17492, stack(0x0000000beb300000,0x0000000beb400000) (1024K)]
  0x000001ef0c40d730 JavaThread "Thread-7"                   daemon [_thread_in_native, id=16012, stack(0x0000000beb400000,0x0000000beb500000) (1024K)]
  0x000001ef0c40eae0 JavaThread "Thread-8"                   daemon [_thread_in_native, id=25092, stack(0x0000000beb500000,0x0000000beb600000) (1024K)]
  0x000001ef0c40c380 JavaThread "Thread-9"                   daemon [_thread_in_native, id=15748, stack(0x0000000beb600000,0x0000000beb700000) (1024K)]
  0x000001ef0c40b660 JavaThread "Thread-10"                  daemon [_thread_in_native, id=16412, stack(0x0000000beb700000,0x0000000beb800000) (1024K)]
  0x000001ef12c916e0 JavaThread "Thread-11"                  daemon [_thread_in_native, id=24952, stack(0x0000000beb800000,0x0000000beb900000) (1024K)]
  0x000001ef12c91050 JavaThread "Thread-12"                  daemon [_thread_in_native, id=13480, stack(0x0000000beb900000,0x0000000beba00000) (1024K)]
  0x000001ef12c91d70 JavaThread "Thread-13"                  daemon [_thread_in_native, id=16592, stack(0x0000000beba00000,0x0000000bebb00000) (1024K)]
  0x000001ef12c8ef80 JavaThread "pool-2-thread-1"                   [_thread_blocked, id=21056, stack(0x0000000bebb00000,0x0000000bebc00000) (1024K)]
  0x000001ef12c92400 JavaThread "WorkspaceEventsHandler"            [_thread_blocked, id=19088, stack(0x0000000bebc00000,0x0000000bebd00000) (1024K)]
  0x000001ef12c92a90 JavaThread "pool-1-thread-1"                   [_thread_blocked, id=20568, stack(0x0000000bebd00000,0x0000000bebe00000) (1024K)]
Total: 55

Other Threads:
  0x000001eeb33c2f80 VMThread "VM Thread"                           [id=27484, stack(0x0000000be7c00000,0x0000000be7d00000) (1024K)]
  0x000001eec9caca00 WatcherThread "VM Periodic Task Thread"        [id=31740, stack(0x0000000be7b00000,0x0000000be7c00000) (1024K)]
  0x000001eeb3346970 WorkerThread "GC Thread#0"                     [id=29320, stack(0x0000000be7a00000,0x0000000be7b00000) (1024K)]
  0x000001ef12153f80 WorkerThread "GC Thread#1"                     [id=26328, stack(0x0000000be8900000,0x0000000be8a00000) (1024K)]
  0x000001ef12154330 WorkerThread "GC Thread#2"                     [id=17280, stack(0x0000000be8a00000,0x0000000be8b00000) (1024K)]
  0x000001ef120da6a0 WorkerThread "GC Thread#3"                     [id=12980, stack(0x0000000be8b00000,0x0000000be8c00000) (1024K)]
  0x000001ef120daa50 WorkerThread "GC Thread#4"                     [id=14420, stack(0x0000000be8c00000,0x0000000be8d00000) (1024K)]
  0x000001ef0d26ae60 WorkerThread "GC Thread#5"                     [id=27472, stack(0x0000000be8d00000,0x0000000be8e00000) (1024K)]
  0x000001ef0d26b210 WorkerThread "GC Thread#6"                     [id=20396, stack(0x0000000be8e00000,0x0000000be8f00000) (1024K)]
  0x000001ef0d877210 WorkerThread "GC Thread#7"                     [id=3728, stack(0x0000000be9600000,0x0000000be9700000) (1024K)]
  0x000001ef12070870 WorkerThread "GC Thread#8"                     [id=31452, stack(0x0000000be9e00000,0x0000000be9f00000) (1024K)]
  0x000001ef140e93f0 WorkerThread "GC Thread#9"                     [id=856, stack(0x0000000be8500000,0x0000000be8600000) (1024K)]
Total: 12

Threads with active compile tasks:
C2 CompilerThread0  16778 6889       4       org.apache.felix.resolver.PackageSpaces::getPackageSourcesInternal (474 bytes)
C2 CompilerThread1  16778 6896       4       org.apache.felix.resolver.PackageSpaces::mergeUses (494 bytes)
Total: 2

VM state: not at safepoint (normal execution)

VM Mutex/Monitor currently owned by a thread: None

Heap address: 0x0000000080000000, size: 2048 MB, Compressed Oops mode: 32-bit

CDS archive(s) mapped at: [0x000001eeca000000-0x000001eecaba0000-0x000001eecaba0000), size 12189696, SharedBaseAddress: 0x000001eeca000000, ArchiveRelocationMode: 1.
Compressed class space mapped at: 0x000001eecb000000-0x000001ef0b000000, reserved size: 1073741824
Narrow klass base: 0x000001eeca000000, Narrow klass shift: 0, Narrow klass range: 0x100000000

GC Precious Log:
 CardTable entry size: 512
 CPUs: 12 total, 12 available
 Memory: 16160M
 Large Page Support: Disabled
 NUMA Support: Disabled
 Compressed Oops: Enabled (32-bit)
 Alignments: Space 512K, Generation 512K, Heap 2M
 Heap Min Capacity: 100M
 Heap Initial Capacity: 100M
 Heap Max Capacity: 2G
 Pre-touch: Disabled
 Parallel Workers: 10

Heap:
 PSYoungGen      total 20480K, used 19481K [0x00000000d5580000, 0x00000000d6e00000, 0x0000000100000000)
  eden space 19456K, 95% used [0x00000000d5580000,0x00000000d67ba5c8,0x00000000d6880000)
  from space 1024K, 79% used [0x00000000d6b00000,0x00000000d6bcc010,0x00000000d6c00000)
  to   space 2560K, 0% used [0x00000000d6880000,0x00000000d6880000,0x00000000d6b00000)
 ParOldGen       total 614912K, used 28952K [0x0000000080000000, 0x00000000a5880000, 0x00000000d5580000)
  object space 614912K, 4% used [0x0000000080000000,0x0000000081c46120,0x00000000a5880000)
 Metaspace       used 45294K, committed 46336K, reserved 1114112K
  class space    used 4914K, committed 5376K, reserved 1048576K

Card table byte_map: [0x000001eeb2cd0000,0x000001eeb30e0000] _byte_map_base: 0x000001eeb28d0000

Marking Bits: (ParMarkBitMap*) 0x00007ffff9363450
 Begin Bits: [0x000001eec57d0000, 0x000001eec77d0000)
 End Bits:   [0x000001eec77d0000, 0x000001eec97d0000)

Polling page: 0x000001eeb0fb0000

Metaspace:

Usage:
  Non-class:     39.43 MB used.
      Class:      4.80 MB used.
       Both:     44.23 MB used.

Virtual space:
  Non-class space:       64.00 MB reserved,      40.00 MB ( 62%) committed,  1 nodes.
      Class space:        1.00 GB reserved,       5.25 MB ( <1%) committed,  1 nodes.
             Both:        1.06 GB reserved,      45.25 MB (  4%) committed. 

Chunk freelists:
   Non-Class:  7.38 MB
       Class:  10.60 MB
        Both:  17.97 MB

MaxMetaspaceSize: unlimited
CompressedClassSpaceSize: 1.00 GB
Initial GC threshold: 21.00 MB
Current GC threshold: 58.38 MB
CDS: on
 - commit_granule_bytes: 65536.
 - commit_granule_words: 8192.
 - virtual_space_node_default_size: 8388608.
 - enlarge_chunks_in_place: 1.
 - use_allocation_guard: 0.


Internal statistics:

num_allocs_failed_limit: 6.
num_arena_births: 782.
num_arena_deaths: 26.
num_vsnodes_births: 2.
num_vsnodes_deaths: 0.
num_space_committed: 724.
num_space_uncommitted: 0.
num_chunks_returned_to_freelist: 34.
num_chunks_taken_from_freelist: 2725.
num_chunk_merges: 10.
num_chunk_splits: 1727.
num_chunks_enlarged: 1055.
num_inconsistent_stats: 0.

CodeHeap 'non-profiled nmethods': size=120000Kb used=3413Kb max_used=3872Kb free=116586Kb
 bounds [0x000001eebdff0000, 0x000001eebe3c0000, 0x000001eec5520000]
CodeHeap 'profiled nmethods': size=120000Kb used=12781Kb max_used=12781Kb free=107218Kb
 bounds [0x000001eeb6520000, 0x000001eeb71a0000, 0x000001eebda50000]
CodeHeap 'non-nmethods': size=5760Kb used=1364Kb max_used=1454Kb free=4395Kb
 bounds [0x000001eebda50000, 0x000001eebdcc0000, 0x000001eebdff0000]
CodeCache: size=245760Kb, used=17558Kb, max_used=18107Kb, free=228199Kb
 total_blobs=6783, nmethods=6124, adapters=564, full_count=0
Compilation: enabled, stopped_count=0, restarted_count=0

Compilation events (20 events):
Event: 16.471 Thread 0x000001ef0c146b40 7191       2       java.util.concurrent.ScheduledThreadPoolExecutor$ScheduledFutureTask::compareTo (9 bytes)
Event: 16.471 Thread 0x000001ef0c146b40 nmethod 7191 0x000001eeb7195710 code [0x000001eeb71958c0, 0x000001eeb7195a40]
Event: 16.471 Thread 0x000001ef0c146b40 7192       2       java.util.concurrent.ScheduledThreadPoolExecutor$ScheduledFutureTask::compareTo (101 bytes)
Event: 16.472 Thread 0x000001ef0c146b40 nmethod 7192 0x000001eeb7195b10 code [0x000001eeb7195d00, 0x000001eeb7196130]
Event: 16.472 Thread 0x000001ef0c146b40 7193   !   2       org.eclipse.core.internal.jobs.JobManager::withWriteLock (70 bytes)
Event: 16.472 Thread 0x000001ef0c146b40 nmethod 7193 0x000001eeb7196290 code [0x000001eeb7196480, 0x000001eeb7196830]
Event: 16.502 Thread 0x000001ef0c146b40 7194       2       java.util.concurrent.ScheduledThreadPoolExecutor$DelayedWorkQueue::setIndex (16 bytes)
Event: 16.502 Thread 0x000001ef0c146b40 nmethod 7194 0x000001eeb7196a90 code [0x000001eeb7196c20, 0x000001eeb7196d90]
Event: 16.502 Thread 0x000001ef0c146b40 7195       2       java.util.concurrent.locks.AbstractQueuedSynchronizer$Node::<init> (5 bytes)
Event: 16.502 Thread 0x000001ef0c146b40 nmethod 7195 0x000001eeb7196e90 code [0x000001eeb7197020, 0x000001eeb7197128]
Event: 16.620 Thread 0x000001ef0c146b40 7198       3       sun.nio.fs.WindowsFileAttributes::isSameFile (39 bytes)
Event: 16.620 Thread 0x000001ef0c146b40 nmethod 7198 0x000001eeb7197210 code [0x000001eeb71973c0, 0x000001eeb7197578]
Event: 16.620 Thread 0x000001ef0c146b40 7199       3       java.util.ArrayDeque$DeqIterator::next (62 bytes)
Event: 16.621 Thread 0x000001ef0c146b40 nmethod 7199 0x000001eeb7197690 code [0x000001eeb7197880, 0x000001eeb7197ce8]
Event: 16.621 Thread 0x000001ef0c146b40 7200   !   3       sun.nio.fs.WindowsFileSystemProvider::isSameFile (180 bytes)
Event: 16.623 Thread 0x000001ef0c146b40 nmethod 7200 0x000001eeb7197f10 code [0x000001eeb71982c0, 0x000001eeb7199ac8]
Event: 16.699 Thread 0x000001ef0c146b40 7201       2       sun.nio.fs.WindowsException::translateToIOException (109 bytes)
Event: 16.700 Thread 0x000001ef0c146b40 nmethod 7201 0x000001eeb719a390 code [0x000001eeb719a5c0, 0x000001eeb719abd8]
Event: 16.719 Thread 0x000001ef0c146b40 7203       2       java.util.concurrent.atomic.AtomicLong::incrementAndGet (14 bytes)
Event: 16.719 Thread 0x000001ef0c146b40 nmethod 7203 0x000001eeb719ae90 code [0x000001eeb719b020, 0x000001eeb719b140]

GC Heap History (20 events):
Event: 13.769 GC heap before
{Heap before GC invocations=381 (full 1):
 PSYoungGen      total 21504K, used 3992K [0x00000000d5580000, 0x00000000d6f00000, 0x0000000100000000)
  eden space 19968K, 12% used [0x00000000d5580000,0x00000000d57e6020,0x00000000d6900000)
  from space 1536K, 100% used [0x00000000d6900000,0x00000000d6a80000,0x00000000d6a80000)
  to   space 3072K, 0% used [0x00000000d6c00000,0x00000000d6c00000,0x00000000d6f00000)
 ParOldGen       total 614912K, used 24804K [0x0000000080000000, 0x00000000a5880000, 0x00000000d5580000)
  object space 614912K, 4% used [0x0000000080000000,0x00000000818393b0,0x00000000a5880000)
 Metaspace       used 34783K, committed 35840K, reserved 1114112K
  class space    used 3592K, committed 4096K, reserved 1048576K
}
Event: 13.770 GC heap after
{Heap after GC invocations=381 (full 1):
 PSYoungGen      total 20480K, used 320K [0x00000000d5580000, 0x00000000d6c80000, 0x0000000100000000)
  eden space 19968K, 0% used [0x00000000d5580000,0x00000000d5580000,0x00000000d6900000)
  from space 512K, 62% used [0x00000000d6c00000,0x00000000d6c50000,0x00000000d6c80000)
  to   space 1536K, 0% used [0x00000000d6980000,0x00000000d6980000,0x00000000d6b00000)
 ParOldGen       total 614912K, used 26268K [0x0000000080000000, 0x00000000a5880000, 0x00000000d5580000)
  object space 614912K, 4% used [0x0000000080000000,0x00000000819a73c0,0x00000000a5880000)
 Metaspace       used 34783K, committed 35840K, reserved 1114112K
  class space    used 3592K, committed 4096K, reserved 1048576K
}
Event: 13.770 GC heap before
{Heap before GC invocations=382 (full 2):
 PSYoungGen      total 20480K, used 320K [0x00000000d5580000, 0x00000000d6c80000, 0x0000000100000000)
  eden space 19968K, 0% used [0x00000000d5580000,0x00000000d5580000,0x00000000d6900000)
  from space 512K, 62% used [0x00000000d6c00000,0x00000000d6c50000,0x00000000d6c80000)
  to   space 1536K, 0% used [0x00000000d6980000,0x00000000d6980000,0x00000000d6b00000)
 ParOldGen       total 614912K, used 26268K [0x0000000080000000, 0x00000000a5880000, 0x00000000d5580000)
  object space 614912K, 4% used [0x0000000080000000,0x00000000819a73c0,0x00000000a5880000)
 Metaspace       used 34783K, committed 35840K, reserved 1114112K
  class space    used 3592K, committed 4096K, reserved 1048576K
}
Event: 13.813 GC heap after
{Heap after GC invocations=382 (full 2):
 PSYoungGen      total 20480K, used 0K [0x00000000d5580000, 0x00000000d6c80000, 0x0000000100000000)
  eden space 19968K, 0% used [0x00000000d5580000,0x00000000d5580000,0x00000000d6900000)
  from space 512K, 0% used [0x00000000d6c00000,0x00000000d6c00000,0x00000000d6c80000)
  to   space 1536K, 0% used [0x00000000d6980000,0x00000000d6980000,0x00000000d6b00000)
 ParOldGen       total 614912K, used 19297K [0x0000000080000000, 0x00000000a5880000, 0x00000000d5580000)
  object space 614912K, 3% used [0x0000000080000000,0x00000000812d8748,0x00000000a5880000)
 Metaspace       used 34773K, committed 35840K, reserved 1114112K
  class space    used 3589K, committed 4096K, reserved 1048576K
}
Event: 14.037 GC heap before
{Heap before GC invocations=383 (full 2):
 PSYoungGen      total 20480K, used 19968K [0x00000000d5580000, 0x00000000d6c80000, 0x0000000100000000)
  eden space 19968K, 100% used [0x00000000d5580000,0x00000000d6900000,0x00000000d6900000)
  from space 512K, 0% used [0x00000000d6c00000,0x00000000d6c00000,0x00000000d6c80000)
  to   space 1536K, 0% used [0x00000000d6980000,0x00000000d6980000,0x00000000d6b00000)
 ParOldGen       total 614912K, used 19297K [0x0000000080000000, 0x00000000a5880000, 0x00000000d5580000)
  object space 614912K, 3% used [0x0000000080000000,0x00000000812d8748,0x00000000a5880000)
 Metaspace       used 36285K, committed 37376K, reserved 1114112K
  class space    used 3793K, committed 4288K, reserved 1048576K
}
Event: 14.039 GC heap after
{Heap after GC invocations=383 (full 2):
 PSYoungGen      total 21504K, used 1184K [0x00000000d5580000, 0x00000000d6c80000, 0x0000000100000000)
  eden space 19968K, 0% used [0x00000000d5580000,0x00000000d5580000,0x00000000d6900000)
  from space 1536K, 77% used [0x00000000d6980000,0x00000000d6aa8000,0x00000000d6b00000)
  to   space 1536K, 0% used [0x00000000d6b00000,0x00000000d6b00000,0x00000000d6c80000)
 ParOldGen       total 614912K, used 19305K [0x0000000080000000, 0x00000000a5880000, 0x00000000d5580000)
  object space 614912K, 3% used [0x0000000080000000,0x00000000812da748,0x00000000a5880000)
 Metaspace       used 36285K, committed 37376K, reserved 1114112K
  class space    used 3793K, committed 4288K, reserved 1048576K
}
Event: 14.292 GC heap before
{Heap before GC invocations=384 (full 2):
 PSYoungGen      total 21504K, used 21152K [0x00000000d5580000, 0x00000000d6c80000, 0x0000000100000000)
  eden space 19968K, 100% used [0x00000000d5580000,0x00000000d6900000,0x00000000d6900000)
  from space 1536K, 77% used [0x00000000d6980000,0x00000000d6aa8000,0x00000000d6b00000)
  to   space 1536K, 0% used [0x00000000d6b00000,0x00000000d6b00000,0x00000000d6c80000)
 ParOldGen       total 614912K, used 19305K [0x0000000080000000, 0x00000000a5880000, 0x00000000d5580000)
  object space 614912K, 3% used [0x0000000080000000,0x00000000812da748,0x00000000a5880000)
 Metaspace       used 37833K, committed 38848K, reserved 1114112K
  class space    used 3995K, committed 4416K, reserved 1048576K
}
Event: 14.294 GC heap after
{Heap after GC invocations=384 (full 2):
 PSYoungGen      total 20992K, used 608K [0x00000000d5580000, 0x00000000d6c00000, 0x0000000100000000)
  eden space 19968K, 0% used [0x00000000d5580000,0x00000000d5580000,0x00000000d6900000)
  from space 1024K, 59% used [0x00000000d6b00000,0x00000000d6b98000,0x00000000d6c00000)
  to   space 1024K, 0% used [0x00000000d6a00000,0x00000000d6a00000,0x00000000d6b00000)
 ParOldGen       total 614912K, used 20273K [0x0000000080000000, 0x00000000a5880000, 0x00000000d5580000)
  object space 614912K, 3% used [0x0000000080000000,0x00000000813cc758,0x00000000a5880000)
 Metaspace       used 37833K, committed 38848K, reserved 1114112K
  class space    used 3995K, committed 4416K, reserved 1048576K
}
Event: 14.614 GC heap before
{Heap before GC invocations=385 (full 2):
 PSYoungGen      total 20992K, used 20576K [0x00000000d5580000, 0x00000000d6c00000, 0x0000000100000000)
  eden space 19968K, 100% used [0x00000000d5580000,0x00000000d6900000,0x00000000d6900000)
  from space 1024K, 59% used [0x00000000d6b00000,0x00000000d6b98000,0x00000000d6c00000)
  to   space 1024K, 0% used [0x00000000d6a00000,0x00000000d6a00000,0x00000000d6b00000)
 ParOldGen       total 614912K, used 20273K [0x0000000080000000, 0x00000000a5880000, 0x00000000d5580000)
  object space 614912K, 3% used [0x0000000080000000,0x00000000813cc758,0x00000000a5880000)
 Metaspace       used 40106K, committed 41152K, reserved 1114112K
  class space    used 4283K, committed 4736K, reserved 1048576K
}
Event: 14.615 GC heap after
{Heap after GC invocations=385 (full 2):
 PSYoungGen      total 20992K, used 1024K [0x00000000d5580000, 0x00000000d6d00000, 0x0000000100000000)
  eden space 19968K, 0% used [0x00000000d5580000,0x00000000d5580000,0x00000000d6900000)
  from space 1024K, 100% used [0x00000000d6a00000,0x00000000d6b00000,0x00000000d6b00000)
  to   space 2048K, 0% used [0x00000000d6b00000,0x00000000d6b00000,0x00000000d6d00000)
 ParOldGen       total 614912K, used 20713K [0x0000000080000000, 0x00000000a5880000, 0x00000000d5580000)
  object space 614912K, 3% used [0x0000000080000000,0x000000008143a758,0x00000000a5880000)
 Metaspace       used 40106K, committed 41152K, reserved 1114112K
  class space    used 4283K, committed 4736K, reserved 1048576K
}
Event: 15.059 GC heap before
{Heap before GC invocations=386 (full 2):
 PSYoungGen      total 20992K, used 20992K [0x00000000d5580000, 0x00000000d6d00000, 0x0000000100000000)
  eden space 19968K, 100% used [0x00000000d5580000,0x00000000d6900000,0x00000000d6900000)
  from space 1024K, 100% used [0x00000000d6a00000,0x00000000d6b00000,0x00000000d6b00000)
  to   space 2048K, 0% used [0x00000000d6b00000,0x00000000d6b00000,0x00000000d6d00000)
 ParOldGen       total 614912K, used 20713K [0x0000000080000000, 0x00000000a5880000, 0x00000000d5580000)
  object space 614912K, 3% used [0x0000000080000000,0x000000008143a758,0x00000000a5880000)
 Metaspace       used 42387K, committed 43392K, reserved 1114112K
  class space    used 4598K, committed 5056K, reserved 1048576K
}
Event: 15.060 GC heap after
{Heap after GC invocations=386 (full 2):
 PSYoungGen      total 21504K, used 1312K [0x00000000d5580000, 0x00000000d6c80000, 0x0000000100000000)
  eden space 19968K, 0% used [0x00000000d5580000,0x00000000d5580000,0x00000000d6900000)
  from space 1536K, 85% used [0x00000000d6b00000,0x00000000d6c48000,0x00000000d6c80000)
  to   space 1536K, 0% used [0x00000000d6980000,0x00000000d6980000,0x00000000d6b00000)
 ParOldGen       total 614912K, used 21549K [0x0000000080000000, 0x00000000a5880000, 0x00000000d5580000)
  object space 614912K, 3% used [0x0000000080000000,0x000000008150b468,0x00000000a5880000)
 Metaspace       used 42387K, committed 43392K, reserved 1114112K
  class space    used 4598K, committed 5056K, reserved 1048576K
}
Event: 15.515 GC heap before
{Heap before GC invocations=387 (full 2):
 PSYoungGen      total 21504K, used 21280K [0x00000000d5580000, 0x00000000d6c80000, 0x0000000100000000)
  eden space 19968K, 100% used [0x00000000d5580000,0x00000000d6900000,0x00000000d6900000)
  from space 1536K, 85% used [0x00000000d6b00000,0x00000000d6c48000,0x00000000d6c80000)
  to   space 1536K, 0% used [0x00000000d6980000,0x00000000d6980000,0x00000000d6b00000)
 ParOldGen       total 614912K, used 21549K [0x0000000080000000, 0x00000000a5880000, 0x00000000d5580000)
  object space 614912K, 3% used [0x0000000080000000,0x000000008150b468,0x00000000a5880000)
 Metaspace       used 44309K, committed 45440K, reserved 1114112K
  class space    used 4824K, committed 5312K, reserved 1048576K
}
Event: 15.518 GC heap after
{Heap after GC invocations=387 (full 2):
 PSYoungGen      total 21504K, used 1250K [0x00000000d5580000, 0x00000000d6c00000, 0x0000000100000000)
  eden space 19968K, 0% used [0x00000000d5580000,0x00000000d5580000,0x00000000d6900000)
  from space 1536K, 81% used [0x00000000d6980000,0x00000000d6ab8a20,0x00000000d6b00000)
  to   space 1024K, 0% used [0x00000000d6b00000,0x00000000d6b00000,0x00000000d6c00000)
 ParOldGen       total 614912K, used 22665K [0x0000000080000000, 0x00000000a5880000, 0x00000000d5580000)
  object space 614912K, 3% used [0x0000000080000000,0x0000000081622478,0x00000000a5880000)
 Metaspace       used 44309K, committed 45440K, reserved 1114112K
  class space    used 4824K, committed 5312K, reserved 1048576K
}
Event: 15.578 GC heap before
{Heap before GC invocations=388 (full 2):
 PSYoungGen      total 21504K, used 21218K [0x00000000d5580000, 0x00000000d6c00000, 0x0000000100000000)
  eden space 19968K, 100% used [0x00000000d5580000,0x00000000d6900000,0x00000000d6900000)
  from space 1536K, 81% used [0x00000000d6980000,0x00000000d6ab8a20,0x00000000d6b00000)
  to   space 1024K, 0% used [0x00000000d6b00000,0x00000000d6b00000,0x00000000d6c00000)
 ParOldGen       total 614912K, used 22665K [0x0000000080000000, 0x00000000a5880000, 0x00000000d5580000)
  object space 614912K, 3% used [0x0000000080000000,0x0000000081622478,0x00000000a5880000)
 Metaspace       used 44316K, committed 45440K, reserved 1114112K
  class space    used 4824K, committed 5312K, reserved 1048576K
}
Event: 15.582 GC heap after
{Heap after GC invocations=388 (full 2):
 PSYoungGen      total 20992K, used 1024K [0x00000000d5580000, 0x00000000d6c00000, 0x0000000100000000)
  eden space 19968K, 0% used [0x00000000d5580000,0x00000000d5580000,0x00000000d6900000)
  from space 1024K, 100% used [0x00000000d6b00000,0x00000000d6c00000,0x00000000d6c00000)
  to   space 1536K, 0% used [0x00000000d6980000,0x00000000d6980000,0x00000000d6b00000)
 ParOldGen       total 614912K, used 24599K [0x0000000080000000, 0x00000000a5880000, 0x00000000d5580000)
  object space 614912K, 4% used [0x0000000080000000,0x0000000081805c58,0x00000000a5880000)
 Metaspace       used 44316K, committed 45440K, reserved 1114112K
  class space    used 4824K, committed 5312K, reserved 1048576K
}
Event: 15.621 GC heap before
{Heap before GC invocations=389 (full 2):
 PSYoungGen      total 20992K, used 20992K [0x00000000d5580000, 0x00000000d6c00000, 0x0000000100000000)
  eden space 19968K, 100% used [0x00000000d5580000,0x00000000d6900000,0x00000000d6900000)
  from space 1024K, 100% used [0x00000000d6b00000,0x00000000d6c00000,0x00000000d6c00000)
  to   space 1536K, 0% used [0x00000000d6980000,0x00000000d6980000,0x00000000d6b00000)
 ParOldGen       total 614912K, used 24599K [0x0000000080000000, 0x00000000a5880000, 0x00000000d5580000)
  object space 614912K, 4% used [0x0000000080000000,0x0000000081805c58,0x00000000a5880000)
 Metaspace       used 44317K, committed 45440K, reserved 1114112K
  class space    used 4824K, committed 5312K, reserved 1048576K
}
Event: 15.625 GC heap after
{Heap after GC invocations=389 (full 2):
 PSYoungGen      total 21504K, used 1536K [0x00000000d5580000, 0x00000000d6c00000, 0x0000000100000000)
  eden space 19968K, 0% used [0x00000000d5580000,0x00000000d5580000,0x00000000d6900000)
  from space 1536K, 100% used [0x00000000d6980000,0x00000000d6b00000,0x00000000d6b00000)
  to   space 1024K, 0% used [0x00000000d6b00000,0x00000000d6b00000,0x00000000d6c00000)
 ParOldGen       total 614912K, used 28080K [0x0000000080000000, 0x00000000a5880000, 0x00000000d5580000)
  object space 614912K, 4% used [0x0000000080000000,0x0000000081b6c048,0x00000000a5880000)
 Metaspace       used 44317K, committed 45440K, reserved 1114112K
  class space    used 4824K, committed 5312K, reserved 1048576K
}
Event: 15.681 GC heap before
{Heap before GC invocations=390 (full 2):
 PSYoungGen      total 21504K, used 21504K [0x00000000d5580000, 0x00000000d6c00000, 0x0000000100000000)
  eden space 19968K, 100% used [0x00000000d5580000,0x00000000d6900000,0x00000000d6900000)
  from space 1536K, 100% used [0x00000000d6980000,0x00000000d6b00000,0x00000000d6b00000)
  to   space 1024K, 0% used [0x00000000d6b00000,0x00000000d6b00000,0x00000000d6c00000)
 ParOldGen       total 614912K, used 28080K [0x0000000080000000, 0x00000000a5880000, 0x00000000d5580000)
  object space 614912K, 4% used [0x0000000080000000,0x0000000081b6c048,0x00000000a5880000)
 Metaspace       used 44324K, committed 45440K, reserved 1114112K
  class space    used 4824K, committed 5312K, reserved 1048576K
}
Event: 15.683 GC heap after
{Heap after GC invocations=390 (full 2):
 PSYoungGen      total 20480K, used 816K [0x00000000d5580000, 0x00000000d6e00000, 0x0000000100000000)
  eden space 19456K, 0% used [0x00000000d5580000,0x00000000d5580000,0x00000000d6880000)
  from space 1024K, 79% used [0x00000000d6b00000,0x00000000d6bcc010,0x00000000d6c00000)
  to   space 2560K, 0% used [0x00000000d6880000,0x00000000d6880000,0x00000000d6b00000)
 ParOldGen       total 614912K, used 28952K [0x0000000080000000, 0x00000000a5880000, 0x00000000d5580000)
  object space 614912K, 4% used [0x0000000080000000,0x0000000081c46120,0x00000000a5880000)
 Metaspace       used 44324K, committed 45440K, reserved 1114112K
  class space    used 4824K, committed 5312K, reserved 1048576K
}

Dll operation events (12 events):
Event: 0.022 Loaded shared library c:\Users\atiya\.vscode\extensions\redhat.java-1.53.0-win32-x64\jre\21.0.10-win32-x86_64\bin\java.dll
Event: 0.115 Loaded shared library c:\Users\atiya\.vscode\extensions\redhat.java-1.53.0-win32-x64\jre\21.0.10-win32-x86_64\bin\zip.dll
Event: 0.161 Loaded shared library C:\Users\atiya\.vscode\extensions\redhat.java-1.53.0-win32-x64\jre\21.0.10-win32-x86_64\bin\instrument.dll
Event: 0.170 Loaded shared library C:\Users\atiya\.vscode\extensions\redhat.java-1.53.0-win32-x64\jre\21.0.10-win32-x86_64\bin\net.dll
Event: 0.175 Loaded shared library C:\Users\atiya\.vscode\extensions\redhat.java-1.53.0-win32-x64\jre\21.0.10-win32-x86_64\bin\nio.dll
Event: 0.180 Loaded shared library C:\Users\atiya\.vscode\extensions\redhat.java-1.53.0-win32-x64\jre\21.0.10-win32-x86_64\bin\zip.dll
Event: 0.204 Loaded shared library C:\Users\atiya\.vscode\extensions\redhat.java-1.53.0-win32-x64\jre\21.0.10-win32-x86_64\bin\jimage.dll
Event: 0.322 Loaded shared library c:\Users\atiya\.vscode\extensions\redhat.java-1.53.0-win32-x64\jre\21.0.10-win32-x86_64\bin\verify.dll
Event: 1.944 Loaded shared library C:\Users\atiya\AppData\Roaming\Code\User\globalStorage\redhat.java\1.53.0\config_win\org.eclipse.equinox.launcher\org.eclipse.equinox.launcher.win32.win32.x86_64_1.3.0.v20260203-2149\eclipse_11919.dll
Event: 11.723 Loaded shared library C:\Users\atiya\.vscode\extensions\redhat.java-1.53.0-win32-x64\jre\21.0.10-win32-x86_64\bin\management.dll
Event: 11.727 Loaded shared library C:\Users\atiya\.vscode\extensions\redhat.java-1.53.0-win32-x64\jre\21.0.10-win32-x86_64\bin\management_ext.dll
Event: 13.266 Loaded shared library C:\Users\atiya\AppData\Local\Temp\jna-93142046\jna1420683673785811157.dll

Deoptimization events (20 events):
Event: 15.804 Thread 0x000001ef12c92a90 Uncommon trap: trap_request=0xffffff45 fr.pc=0x000001eebe2529ec relative=0x00000000000002ec
Event: 15.804 Thread 0x000001ef12c92a90 Uncommon trap: reason=unstable_if action=reinterpret pc=0x000001eebe2529ec method=com.google.gson.stream.JsonReader.doPeek()I @ 331 c2
Event: 15.804 Thread 0x000001ef12c92a90 DEOPT PACKING pc=0x000001eebe2529ec sp=0x0000000bebdfec20
Event: 15.804 Thread 0x000001ef12c92a90 DEOPT UNPACKING pc=0x000001eebdaa3aa2 sp=0x0000000bebdfeb98 mode 2
Event: 15.804 Thread 0x000001ef12c92a90 Uncommon trap: trap_request=0xffffff45 fr.pc=0x000001eebe119e38 relative=0x00000000000000f8
Event: 15.804 Thread 0x000001ef12c92a90 Uncommon trap: reason=unstable_if action=reinterpret pc=0x000001eebe119e38 method=com.google.gson.stream.JsonReader.nextString()Ljava/lang/String; @ 6 c2
Event: 15.804 Thread 0x000001ef12c92a90 DEOPT PACKING pc=0x000001eebe119e38 sp=0x0000000bebdfeb20
Event: 15.804 Thread 0x000001ef12c92a90 DEOPT UNPACKING pc=0x000001eebdaa3aa2 sp=0x0000000bebdfeab0 mode 2
Event: 15.805 Thread 0x000001ef12c92a90 Uncommon trap: trap_request=0xffffff45 fr.pc=0x000001eebe25234c relative=0x00000000000000ac
Event: 15.805 Thread 0x000001ef12c92a90 Uncommon trap: reason=unstable_if action=reinterpret pc=0x000001eebe25234c method=com.google.gson.stream.JsonReader.peek()Lcom/google/gson/stream/JsonToken; @ 15 c2
Event: 15.805 Thread 0x000001ef12c92a90 DEOPT PACKING pc=0x000001eebe25234c sp=0x0000000bebdfe7c0
Event: 15.805 Thread 0x000001ef12c92a90 DEOPT UNPACKING pc=0x000001eebdaa3aa2 sp=0x0000000bebdfe748 mode 2
Event: 16.019 Thread 0x000001ef0c4074c0 DEOPT PACKING pc=0x000001eeb6a4d53d sp=0x0000000bea5fe920
Event: 16.019 Thread 0x000001ef0c4074c0 DEOPT UNPACKING pc=0x000001eebdaa4242 sp=0x0000000bea5fde00 mode 0
Event: 16.077 Thread 0x000001ef0c4074c0 DEOPT PACKING pc=0x000001eeb6e5c0f2 sp=0x0000000bea5fe9e0
Event: 16.077 Thread 0x000001ef0c4074c0 DEOPT UNPACKING pc=0x000001eebdaa4242 sp=0x0000000bea5fdf00 mode 0
Event: 16.312 Thread 0x000001ef0c4074c0 DEOPT PACKING pc=0x000001eeb7146ab0 sp=0x0000000bea5fe9f0
Event: 16.312 Thread 0x000001ef0c4074c0 DEOPT UNPACKING pc=0x000001eebdaa4242 sp=0x0000000bea5fded8 mode 0
Event: 16.380 Thread 0x000001ef0c4074c0 DEOPT PACKING pc=0x000001eeb693abc6 sp=0x0000000bea5fe820
Event: 16.380 Thread 0x000001ef0c4074c0 DEOPT UNPACKING pc=0x000001eebdaa4242 sp=0x0000000bea5fdda0 mode 0

Classes loaded (20 events):
Event: 15.777 Loading class java/util/regex/Pattern$Caret
Event: 15.777 Loading class java/util/regex/Pattern$Caret done
Event: 15.777 Loading class java/util/regex/Pattern$LineEnding
Event: 15.777 Loading class java/util/regex/Pattern$LineEnding done
Event: 15.808 Loading class java/util/TreeMap$ValueSpliterator
Event: 15.808 Loading class java/util/TreeMap$TreeMapSpliterator
Event: 15.808 Loading class java/util/TreeMap$TreeMapSpliterator done
Event: 15.808 Loading class java/util/TreeMap$ValueSpliterator done
Event: 15.835 Loading class java/util/concurrent/CompletionException
Event: 15.835 Loading class java/util/concurrent/CompletionException done
Event: 15.844 Loading class java/nio/file/FileTreeWalker$1
Event: 15.844 Loading class java/nio/file/FileTreeWalker$1 done
Event: 15.845 Loading class sun/nio/fs/Globs
Event: 15.845 Loading class sun/nio/fs/Globs done
Event: 15.846 Loading class java/util/regex/Pattern$SliceU
Event: 15.846 Loading class java/util/regex/Pattern$SliceU done
Event: 15.846 Loading class sun/nio/fs/WindowsFileSystem$2
Event: 15.846 Loading class java/nio/file/PathMatcher
Event: 15.846 Loading class java/nio/file/PathMatcher done
Event: 15.846 Loading class sun/nio/fs/WindowsFileSystem$2 done

Classes unloaded (13 events):
Event: 12.352 Thread 0x000001eeb33c2f80 Unloading class 0x000001eecb1ac800 'java/lang/invoke/LambdaForm$MH+0x000001eecb1ac800'
Event: 12.352 Thread 0x000001eeb33c2f80 Unloading class 0x000001eecb1ac400 'java/lang/invoke/LambdaForm$MH+0x000001eecb1ac400'
Event: 12.352 Thread 0x000001eeb33c2f80 Unloading class 0x000001eecb1ac000 'java/lang/invoke/LambdaForm$MH+0x000001eecb1ac000'
Event: 12.352 Thread 0x000001eeb33c2f80 Unloading class 0x000001eecb1abc00 'java/lang/invoke/LambdaForm$MH+0x000001eecb1abc00'
Event: 12.352 Thread 0x000001eeb33c2f80 Unloading class 0x000001eecb1ab800 'java/lang/invoke/LambdaForm$BMH+0x000001eecb1ab800'
Event: 12.352 Thread 0x000001eeb33c2f80 Unloading class 0x000001eecb1ab400 'java/lang/invoke/LambdaForm$DMH+0x000001eecb1ab400'
Event: 12.352 Thread 0x000001eeb33c2f80 Unloading class 0x000001eecb1aa000 'java/lang/invoke/LambdaForm$DMH+0x000001eecb1aa000'
Event: 13.777 Thread 0x000001eeb33c2f80 Unloading class 0x000001eecb32d800 'java/lang/invoke/LambdaForm$MH+0x000001eecb32d800'
Event: 13.777 Thread 0x000001eeb33c2f80 Unloading class 0x000001eecb32cc00 'java/lang/invoke/LambdaForm$MH+0x000001eecb32cc00'
Event: 13.777 Thread 0x000001eeb33c2f80 Unloading class 0x000001eecb32c400 'java/lang/invoke/LambdaForm$MH+0x000001eecb32c400'
Event: 13.777 Thread 0x000001eeb33c2f80 Unloading class 0x000001eecb32bc00 'java/lang/invoke/LambdaForm$MH+0x000001eecb32bc00'
Event: 13.777 Thread 0x000001eeb33c2f80 Unloading class 0x000001eecb32b400 'java/lang/invoke/LambdaForm$DMH+0x000001eecb32b400'
Event: 13.777 Thread 0x000001eeb33c2f80 Unloading class 0x000001eecb32ac00 'java/lang/invoke/LambdaForm$MH+0x000001eecb32ac00'

Classes redefined (0 events):
No events

Internal exceptions (20 events):
Event: 16.717 Thread 0x000001ef0c4074c0 Exception <a 'sun/nio/fs/WindowsException'{0x00000000d66d1e68}> (0x00000000d66d1e68) 
thrown [s\src\hotspot\share\prims\jni.cpp, line 520]
Event: 16.717 Thread 0x000001ef0c4074c0 Exception <a 'sun/nio/fs/WindowsException'{0x00000000d66d2488}> (0x00000000d66d2488) 
thrown [s\src\hotspot\share\prims\jni.cpp, line 520]
Event: 16.717 Thread 0x000001ef0c4074c0 Exception <a 'sun/nio/fs/WindowsException'{0x00000000d66d2d10}> (0x00000000d66d2d10) 
thrown [s\src\hotspot\share\prims\jni.cpp, line 520]
Event: 16.718 Thread 0x000001ef0c4074c0 Exception <a 'sun/nio/fs/WindowsException'{0x00000000d66d62f8}> (0x00000000d66d62f8) 
thrown [s\src\hotspot\share\prims\jni.cpp, line 520]
Event: 16.718 Thread 0x000001ef0c4074c0 Exception <a 'sun/nio/fs/WindowsException'{0x00000000d66d6928}> (0x00000000d66d6928) 
thrown [s\src\hotspot\share\prims\jni.cpp, line 520]
Event: 16.718 Thread 0x000001ef0c4074c0 Exception <a 'sun/nio/fs/WindowsException'{0x00000000d66d6f58}> (0x00000000d66d6f58) 
thrown [s\src\hotspot\share\prims\jni.cpp, line 520]
Event: 16.718 Thread 0x000001ef0c4074c0 Exception <a 'sun/nio/fs/WindowsException'{0x00000000d66d75a8}> (0x00000000d66d75a8) 
thrown [s\src\hotspot\share\prims\jni.cpp, line 520]
Event: 16.720 Thread 0x000001ef0c4074c0 Exception <a 'sun/nio/fs/WindowsException'{0x00000000d66dcef8}> (0x00000000d66dcef8) 
thrown [s\src\hotspot\share\prims\jni.cpp, line 520]
Event: 16.721 Thread 0x000001ef0c4074c0 Exception <a 'sun/nio/fs/WindowsException'{0x00000000d66df978}> (0x00000000d66df978) 
thrown [s\src\hotspot\share\prims\jni.cpp, line 520]
Event: 16.722 Thread 0x000001ef0c4074c0 Exception <a 'sun/nio/fs/WindowsException'{0x00000000d66e2e80}> (0x00000000d66e2e80) 
thrown [s\src\hotspot\share\prims\jni.cpp, line 520]
Event: 16.723 Thread 0x000001ef0c4074c0 Exception <a 'sun/nio/fs/WindowsException'{0x00000000d66e7d48}> (0x00000000d66e7d48) 
thrown [s\src\hotspot\share\prims\jni.cpp, line 520]
Event: 16.724 Thread 0x000001ef0c4074c0 Exception <a 'sun/nio/fs/WindowsException'{0x00000000d66ead48}> (0x00000000d66ead48) 
thrown [s\src\hotspot\share\prims\jni.cpp, line 520]
Event: 16.724 Thread 0x000001ef0c4074c0 Exception <a 'sun/nio/fs/WindowsException'{0x00000000d66edde0}> (0x00000000d66edde0) 
thrown [s\src\hotspot\share\prims\jni.cpp, line 520]
Event: 16.725 Thread 0x000001ef0c4074c0 Exception <a 'sun/nio/fs/WindowsException'{0x00000000d66f1068}> (0x00000000d66f1068) 
thrown [s\src\hotspot\share\prims\jni.cpp, line 520]
Event: 16.726 Thread 0x000001ef0c4074c0 Exception <a 'sun/nio/fs/WindowsException'{0x00000000d66f4300}> (0x00000000d66f4300) 
thrown [s\src\hotspot\share\prims\jni.cpp, line 520]
Event: 16.727 Thread 0x000001ef0c4074c0 Exception <a 'sun/nio/fs/WindowsException'{0x00000000d66f7528}> (0x00000000d66f7528) 
thrown [s\src\hotspot\share\prims\jni.cpp, line 520]
Event: 16.728 Thread 0x000001ef0c4074c0 Exception <a 'sun/nio/fs/WindowsException'{0x00000000d66fa3c0}> (0x00000000d66fa3c0) 
thrown [s\src\hotspot\share\prims\jni.cpp, line 520]
Event: 16.729 Thread 0x000001ef0c4074c0 Exception <a 'sun/nio/fs/WindowsException'{0x00000000d66fd210}> (0x00000000d66fd210) 
thrown [s\src\hotspot\share\prims\jni.cpp, line 520]
Event: 16.730 Thread 0x000001ef0c4074c0 Exception <a 'sun/nio/fs/WindowsException'{0x00000000d6700a88}> (0x00000000d6700a88) 
thrown [s\src\hotspot\share\prims\jni.cpp, line 520]
Event: 16.731 Thread 0x000001ef0c4074c0 Exception <a 'sun/nio/fs/WindowsException'{0x00000000d67038e0}> (0x00000000d67038e0) 
thrown [s\src\hotspot\share\prims\jni.cpp, line 520]

ZGC Phase Switch (0 events):
No events

VM Operations (20 events):
Event: 15.046 Executing safepoint VM operation: ICBufferFull
Event: 15.046 Executing safepoint VM operation: ICBufferFull done
Event: 15.059 Executing safepoint VM operation: ParallelGCFailedAllocation (Allocation Failure)
Event: 15.060 Executing safepoint VM operation: ParallelGCFailedAllocation (Allocation Failure) done
Event: 15.309 Executing non-safepoint VM operation: HandshakeAllThreads (Deoptimize)
Event: 15.309 Executing non-safepoint VM operation: HandshakeAllThreads (Deoptimize) done
Event: 15.427 Executing safepoint VM operation: ICBufferFull
Event: 15.427 Executing safepoint VM operation: ICBufferFull done
Event: 15.515 Executing safepoint VM operation: ParallelGCFailedAllocation (Allocation Failure)
Event: 15.518 Executing safepoint VM operation: ParallelGCFailedAllocation (Allocation Failure) done
Event: 15.578 Executing safepoint VM operation: ParallelGCFailedAllocation (Allocation Failure)
Event: 15.582 Executing safepoint VM operation: ParallelGCFailedAllocation (Allocation Failure) done
Event: 15.620 Executing safepoint VM operation: ParallelGCFailedAllocation (Allocation Failure)
Event: 15.625 Executing safepoint VM operation: ParallelGCFailedAllocation (Allocation Failure) done
Event: 15.681 Executing safepoint VM operation: ParallelGCFailedAllocation (Allocation Failure)
Event: 15.683 Executing safepoint VM operation: ParallelGCFailedAllocation (Allocation Failure) done
Event: 15.712 Executing non-safepoint VM operation: HandshakeAllThreads (Deoptimize)
Event: 15.713 Executing non-safepoint VM operation: HandshakeAllThreads (Deoptimize) done
Event: 16.716 Executing safepoint VM operation: Cleanup
Event: 16.717 Executing safepoint VM operation: Cleanup done

Memory protections (0 events):
No events

Nmethod flushes (20 events):
Event: 13.789 Thread 0x000001eeb33c2f80 flushing  nmethod 0x000001eeb6d87290
Event: 13.789 Thread 0x000001eeb33c2f80 flushing  nmethod 0x000001eeb6db3710
Event: 13.789 Thread 0x000001eeb33c2f80 flushing  nmethod 0x000001eeb6dd7c90
Event: 13.789 Thread 0x000001eeb33c2f80 flushing  nmethod 0x000001eeb6e22590
Event: 13.789 Thread 0x000001eeb33c2f80 flushing  nmethod 0x000001eeb6e3b790
Event: 13.789 Thread 0x000001eeb33c2f80 flushing  nmethod 0x000001eeb6e56390
Event: 13.789 Thread 0x000001eeb33c2f80 flushing  nmethod 0x000001eeb6e56790
Event: 13.789 Thread 0x000001eeb33c2f80 flushing  nmethod 0x000001eeb6e57090
Event: 13.789 Thread 0x000001eeb33c2f80 flushing  nmethod 0x000001eeb6e58290
Event: 13.789 Thread 0x000001eeb33c2f80 flushing  nmethod 0x000001eeb6e58a90
Event: 13.789 Thread 0x000001eeb33c2f80 flushing  nmethod 0x000001eeb6e5af90
Event: 13.789 Thread 0x000001eeb33c2f80 flushing  nmethod 0x000001eeb6e5b490
Event: 13.789 Thread 0x000001eeb33c2f80 flushing  nmethod 0x000001eeb6e5c190
Event: 13.789 Thread 0x000001eeb33c2f80 flushing  nmethod 0x000001eeb6e5c610
Event: 13.789 Thread 0x000001eeb33c2f80 flushing  nmethod 0x000001eeb6e5df10
Event: 13.789 Thread 0x000001eeb33c2f80 flushing  nmethod 0x000001eeb6e5fa90
Event: 13.789 Thread 0x000001eeb33c2f80 flushing  nmethod 0x000001eeb6e79890
Event: 13.789 Thread 0x000001eeb33c2f80 flushing  nmethod 0x000001eeb6e95b90
Event: 13.789 Thread 0x000001eeb33c2f80 flushing  nmethod 0x000001eeb6e98290
Event: 13.789 Thread 0x000001eeb33c2f80 flushing  nmethod 0x000001eeb6ee9790

Events (20 events):
Event: 13.323 Thread 0x000001ef0c4081e0 Thread added: 0x000001ef0c408870
Event: 13.358 Thread 0x000001ef0c408870 Thread added: 0x000001ef0c40afd0
Event: 13.416 Thread 0x000001ef0c40afd0 Thread added: 0x000001ef0c40a940
Event: 13.417 Thread 0x000001ef0c40a940 Thread added: 0x000001ef0c40a2b0
Event: 13.525 Thread 0x000001eeb1003dc0 Thread added: 0x000001ef0c407b50
Event: 13.526 Thread 0x000001eeb1003dc0 Thread added: 0x000001ef0c40e450
Event: 13.527 Thread 0x000001eeb1003dc0 Thread added: 0x000001ef0c40ddc0
Event: 13.527 Thread 0x000001eeb1003dc0 Thread added: 0x000001ef0c40ca10
Event: 13.527 Thread 0x000001eeb1003dc0 Thread added: 0x000001ef0c40d0a0
Event: 13.528 Thread 0x000001eeb1003dc0 Thread added: 0x000001ef0c40bcf0
Event: 13.528 Thread 0x000001eeb1003dc0 Thread added: 0x000001ef0c40d730
Event: 13.528 Thread 0x000001eeb1003dc0 Thread added: 0x000001ef0c40eae0
Event: 13.528 Thread 0x000001eeb1003dc0 Thread added: 0x000001ef0c40c380
Event: 13.528 Thread 0x000001eeb1003dc0 Thread added: 0x000001ef0c40b660
Event: 13.529 Thread 0x000001eeb1003dc0 Thread added: 0x000001ef12c916e0
Event: 13.529 Thread 0x000001eeb1003dc0 Thread added: 0x000001ef12c91050
Event: 13.529 Thread 0x000001eeb1003dc0 Thread added: 0x000001ef12c91d70
Event: 13.583 Thread 0x000001eeb1003dc0 Thread added: 0x000001ef12c8ef80
Event: 13.878 Thread 0x000001eeb1003dc0 Thread added: 0x000001ef12c92400
Event: 13.878 Thread 0x000001eeb1003dc0 Thread added: 0x000001ef12c92a90


Dynamic libraries:
0x00007ff68a370000 - 0x00007ff68a37e000 	c:\Users\atiya\.vscode\extensions\redhat.java-1.53.0-win32-x64\jre\21.0.10-win32-x86_64\bin\java.exe
0x00007ff8a0340000 - 0x00007ff8a05a7000 	C:\WINDOWS\SYSTEM32\ntdll.dll
0x00007ff89f390000 - 0x00007ff89f459000 	C:\WINDOWS\System32\KERNEL32.DLL
0x00007ff89ce20000 - 0x00007ff89d217000 	C:\WINDOWS\System32\KERNELBASE.dll
0x00007ff89a150000 - 0x00007ff89a1f0000 	C:\WINDOWS\SYSTEM32\apphelp.dll
0x00007ff89d450000 - 0x00007ff89d59b000 	C:\WINDOWS\System32\ucrtbase.dll
0x00007ff865e90000 - 0x00007ff865eae000 	c:\Users\atiya\.vscode\extensions\redhat.java-1.53.0-win32-x64\jre\21.0.10-win32-x86_64\bin\VCRUNTIME140.dll
0x00007ff87ef20000 - 0x00007ff87ef38000 	c:\Users\atiya\.vscode\extensions\redhat.java-1.53.0-win32-x64\jre\21.0.10-win32-x86_64\bin\jli.dll
0x00007ff89efd0000 - 0x00007ff89f196000 	C:\WINDOWS\System32\USER32.dll
0x00007ff89d5a0000 - 0x00007ff89d5c7000 	C:\WINDOWS\System32\win32u.dll
0x00007ff89ef90000 - 0x00007ff89efbb000 	C:\WINDOWS\System32\GDI32.dll
0x00007ff880880000 - 0x00007ff880b12000 	C:\WINDOWS\WinSxS\amd64_microsoft.windows.common-controls_6595b64144ccf1df_6.0.26100.8457_none_3e0b2faee331e92d\COMCTL32.dll
0x00007ff89f250000 - 0x00007ff89f2f9000 	C:\WINDOWS\System32\msvcrt.dll
0x00007ff89d690000 - 0x00007ff89d7bc000 	C:\WINDOWS\System32\gdi32full.dll
0x00007ff89cd70000 - 0x00007ff89ce13000 	C:\WINDOWS\System32\msvcp_win.dll
0x00007ff89f1a0000 - 0x00007ff89f1d2000 	C:\WINDOWS\System32\IMM32.DLL
0x00007ff898be0000 - 0x00007ff898bec000 	c:\Users\atiya\.vscode\extensions\redhat.java-1.53.0-win32-x64\jre\21.0.10-win32-x86_64\bin\vcruntime140_1.dll
0x00007ff83c9a0000 - 0x00007ff83ca2d000 	c:\Users\atiya\.vscode\extensions\redhat.java-1.53.0-win32-x64\jre\21.0.10-win32-x86_64\bin\msvcp140.dll
0x00007ffff86a0000 - 0x00007ffff9441000 	c:\Users\atiya\.vscode\extensions\redhat.java-1.53.0-win32-x64\jre\21.0.10-win32-x86_64\bin\server\jvm.dll
0x00007ff89edb0000 - 0x00007ff89ee66000 	C:\WINDOWS\System32\ADVAPI32.dll
0x00007ff89f460000 - 0x00007ff89f507000 	C:\WINDOWS\System32\sechost.dll
0x00007ff89ee70000 - 0x00007ff89ef88000 	C:\WINDOWS\System32\RPCRT4.dll
0x00007ff8a0270000 - 0x00007ff8a02f0000 	C:\WINDOWS\System32\WS2_32.dll
0x00007ff89cbd0000 - 0x00007ff89cc2e000 	C:\WINDOWS\SYSTEM32\POWRPROF.dll
0x00007ff885220000 - 0x00007ff885256000 	C:\WINDOWS\SYSTEM32\WINMM.dll
0x00007ff88e480000 - 0x00007ff88e48b000 	C:\WINDOWS\SYSTEM32\VERSION.dll
0x00007ff89cbb0000 - 0x00007ff89cbc4000 	C:\WINDOWS\SYSTEM32\UMPDC.dll
0x00007ff89bad0000 - 0x00007ff89baeb000 	C:\WINDOWS\SYSTEM32\kernel.appcore.dll
0x00007ff889ac0000 - 0x00007ff889aca000 	c:\Users\atiya\.vscode\extensions\redhat.java-1.53.0-win32-x64\jre\21.0.10-win32-x86_64\bin\jimage.dll
0x00007ff89a430000 - 0x00007ff89a672000 	C:\WINDOWS\SYSTEM32\DBGHELP.DLL
0x00007ff89fa50000 - 0x00007ff89fdd3000 	C:\WINDOWS\System32\combase.dll
0x00007ff89e960000 - 0x00007ff89ea39000 	C:\WINDOWS\System32\OLEAUT32.dll
0x00007ff877540000 - 0x00007ff87757b000 	C:\WINDOWS\SYSTEM32\dbgcore.DLL
0x00007ff89d3a0000 - 0x00007ff89d448000 	C:\WINDOWS\System32\bcryptPrimitives.dll
0x00007ff886fd0000 - 0x00007ff886fdf000 	c:\Users\atiya\.vscode\extensions\redhat.java-1.53.0-win32-x64\jre\21.0.10-win32-x86_64\bin\instrument.dll
0x00007ff865e50000 - 0x00007ff865e70000 	c:\Users\atiya\.vscode\extensions\redhat.java-1.53.0-win32-x64\jre\21.0.10-win32-x86_64\bin\java.dll
0x00007ff89e0c0000 - 0x00007ff89e82e000 	C:\WINDOWS\System32\SHELL32.dll
0x00007ff89d7c0000 - 0x00007ff89e02c000 	C:\WINDOWS\System32\windows.storage.dll
0x00007ff89e840000 - 0x00007ff89e936000 	C:\WINDOWS\System32\SHCORE.dll
0x00007ff89f1e0000 - 0x00007ff89f246000 	C:\WINDOWS\System32\shlwapi.dll
0x00007ff89cc90000 - 0x00007ff89ccb9000 	C:\WINDOWS\SYSTEM32\profapi.dll
0x00007ff865da0000 - 0x00007ff865db8000 	c:\Users\atiya\.vscode\extensions\redhat.java-1.53.0-win32-x64\jre\21.0.10-win32-x86_64\bin\zip.dll
0x00007ff870a90000 - 0x00007ff870aa0000 	C:\Users\atiya\.vscode\extensions\redhat.java-1.53.0-win32-x64\jre\21.0.10-win32-x86_64\bin\net.dll
0x00007ff895090000 - 0x00007ff8951b9000 	C:\WINDOWS\SYSTEM32\WINHTTP.dll
0x00007ff89c070000 - 0x00007ff89c0dc000 	C:\WINDOWS\system32\mswsock.dll
0x00007ff862140000 - 0x00007ff862156000 	C:\Users\atiya\.vscode\extensions\redhat.java-1.53.0-win32-x64\jre\21.0.10-win32-x86_64\bin\nio.dll
0x00007ff86fe30000 - 0x00007ff86fe40000 	c:\Users\atiya\.vscode\extensions\redhat.java-1.53.0-win32-x64\jre\21.0.10-win32-x86_64\bin\verify.dll
0x00007ff853f70000 - 0x00007ff853fb5000 	C:\Users\atiya\AppData\Roaming\Code\User\globalStorage\redhat.java\1.53.0\config_win\org.eclipse.equinox.launcher\org.eclipse.equinox.launcher.win32.win32.x86_64_1.3.0.v20260203-2149\eclipse_11919.dll
0x00007ff89f8b0000 - 0x00007ff89fa47000 	C:\WINDOWS\System32\ole32.dll
0x00007ff86e190000 - 0x00007ff86e19a000 	C:\Users\atiya\.vscode\extensions\redhat.java-1.53.0-win32-x64\jre\21.0.10-win32-x86_64\bin\management.dll
0x00007ff865e40000 - 0x00007ff865e4c000 	C:\Users\atiya\.vscode\extensions\redhat.java-1.53.0-win32-x64\jre\21.0.10-win32-x86_64\bin\management_ext.dll
0x00007ff89f650000 - 0x00007ff89f658000 	C:\WINDOWS\System32\PSAPI.DLL
0x00007ff89c360000 - 0x00007ff89c37b000 	C:\WINDOWS\SYSTEM32\CRYPTSP.dll
0x00007ff89ba30000 - 0x00007ff89ba69000 	C:\WINDOWS\system32\rsaenh.dll
0x00007ff89c120000 - 0x00007ff89c153000 	C:\WINDOWS\SYSTEM32\USERENV.dll
0x00007ff89cc60000 - 0x00007ff89cc8a000 	C:\WINDOWS\SYSTEM32\bcrypt.dll
0x00007ff89c350000 - 0x00007ff89c35c000 	C:\WINDOWS\SYSTEM32\CRYPTBASE.dll
0x00007ff89b4b0000 - 0x00007ff89b4e2000 	C:\WINDOWS\SYSTEM32\IPHLPAPI.DLL
0x00007ff89efc0000 - 0x00007ff89efca000 	C:\WINDOWS\System32\NSI.dll
0x00007ff853db0000 - 0x00007ff853df9000 	C:\Users\atiya\AppData\Local\Temp\jna-93142046\jna1420683673785811157.dll
0x00007ff895850000 - 0x00007ff89586d000 	C:\WINDOWS\SYSTEM32\dhcpcsvc6.DLL
0x00007ff895820000 - 0x00007ff895845000 	C:\WINDOWS\SYSTEM32\dhcpcsvc.DLL

JVMTI agents:
c:\Users\atiya\.vscode\extensions\redhat.java-1.53.0-win32-x64\lombok\lombok-1.18.39-4050.jar path:c:\Users\atiya\.vscode\extensions\redhat.java-1.53.0-win32-x64\jre\21.0.10-win32-x86_64\bin\instrument.dll, loaded, initialized, instrumentlib options:none

dbghelp: loaded successfully - version: 4.0.5 - missing functions: none
symbol engine: initialized successfully - sym options: 0x614 - pdb path: .;c:\Users\atiya\.vscode\extensions\redhat.java-1.53.0-win32-x64\jre\21.0.10-win32-x86_64\bin;C:\WINDOWS\SYSTEM32;C:\WINDOWS\WinSxS\amd64_microsoft.windows.common-controls_6595b64144ccf1df_6.0.26100.8457_none_3e0b2faee331e92d;c:\Users\atiya\.vscode\extensions\redhat.java-1.53.0-win32-x64\jre\21.0.10-win32-x86_64\bin\server;C:\Users\atiya\AppData\Roaming\Code\User\globalStorage\redhat.java\1.53.0\config_win\org.eclipse.equinox.launcher\org.eclipse.equinox.launcher.win32.win32.x86_64_1.3.0.v20260203-2149;C:\Users\atiya\AppData\Local\Temp\jna-93142046

VM Arguments:
jvm_args: --add-modules=ALL-SYSTEM --add-opens=java.base/java.util=ALL-UNNAMED --add-opens=java.base/java.lang=ALL-UNNAMED --add-opens=java.base/sun.nio.fs=ALL-UNNAMED -Declipse.application=org.eclipse.jdt.ls.core.id1 -Dosgi.bundles.defaultStartLevel=4 -Declipse.product=org.eclipse.jdt.ls.core.product -Djava.import.generatesMetadataFilesAtProjectRoot=false -DDetectVMInstallationsJob.disabled=true -Dfile.encoding=utf8 -XX:+UseParallelGC -XX:GCTimeRatio=4 -XX:AdaptiveSizePolicyWeight=90 -Dsun.zip.disableMemoryMapping=true -Xmx2G -Xms100m -Xlog:disable -javaagent:c:\Users\atiya\.vscode\extensions\redhat.java-1.53.0-win32-x64\lombok\lombok-1.18.39-4050.jar -XX:+HeapDumpOnOutOfMemoryError -XX:HeapDumpPath=c:\Users\atiya\AppData\Roaming\Code\User\workspaceStorage\c4757375b3221e1285def358a49f61f5\redhat.java -Daether.dependencyCollector.impl=bf 
java_command: c:\Users\atiya\.vscode\extensions\redhat.java-1.53.0-win32-x64\server\plugins\org.eclipse.equinox.launcher_1.7.100.v20251111-0406.jar -configuration c:\Users\atiya\AppData\Roaming\Code\User\globalStorage\redhat.java\1.53.0\config_win -data c:\Users\atiya\AppData\Roaming\Code\User\workspaceStorage\c4757375b3221e1285def358a49f61f5\redhat.java\jdt_ws --pipe=\\.\pipe\lsp-935396213be44e436c8b0c5e893f0d73-sock
java_class_path (initial): c:\Users\atiya\.vscode\extensions\redhat.java-1.53.0-win32-x64\server\plugins\org.eclipse.equinox.launcher_1.7.100.v20251111-0406.jar
Launcher Type: SUN_STANDARD

[Global flags]
    uintx AdaptiveSizePolicyWeight                 = 90                                        {product} {command line}
     intx CICompilerCount                          = 4                                         {product} {ergonomic}
    uintx GCTimeRatio                              = 4                                         {product} {command line}
     bool HeapDumpOnOutOfMemoryError               = true                                   {manageable} {command line}
    ccstr HeapDumpPath                             = c:\Users\atiya\AppData\Roaming\Code\User\workspaceStorage\c4757375b3221e1285def358a49f61f5\redhat.java         {manageable} {command line}
   size_t InitialHeapSize                          = 104857600                                 {product} {command line}
   size_t MaxHeapSize                              = 2147483648                                {product} {command line}
   size_t MaxNewSize                               = 715653120                                 {product} {ergonomic}
   size_t MinHeapDeltaBytes                        = 524288                                    {product} {ergonomic}
   size_t MinHeapSize                              = 104857600                                 {product} {command line}
   size_t NewSize                                  = 34603008                                  {product} {ergonomic}
    uintx NonNMethodCodeHeapSize                   = 5839372                                {pd product} {ergonomic}
    uintx NonProfiledCodeHeapSize                  = 122909434                              {pd product} {ergonomic}
   size_t OldSize                                  = 70254592                                  {product} {ergonomic}
    uintx ProfiledCodeHeapSize                     = 122909434                              {pd product} {ergonomic}
    uintx ReservedCodeCacheSize                    = 251658240                              {pd product} {ergonomic}
     bool SegmentedCodeCache                       = true                                      {product} {ergonomic}
   size_t SoftMaxHeapSize                          = 2147483648                             {manageable} {ergonomic}
     bool UseCompressedOops                        = true                           {product lp64_product} {ergonomic}
     bool UseLargePagesIndividualAllocation        = false                                  {pd product} {ergonomic}
     bool UseParallelGC                            = true                                      {product} {command line}

Logging:
Log output configuration:
 #0: stdout all=off uptime,level,tags foldmultilines=false
 #1: stderr all=off uptime,level,tags foldmultilines=false

Release file:
JAVA_VERSION="21.0.10" 
MODULES="java.base java.compiler java.datatransfer java.xml java.prefs java.desktop java.instrument java.logging java.management java.security.sasl java.naming java.rmi java.management.rmi java.net.http java.scripting java.security.jgss java.transaction.xa java.sql java.sql.rowset java.xml.crypto java.se java.smartcardio jdk.accessibility jdk.internal.jvmstat jdk.attach jdk.charsets jdk.internal.opt jdk.zipfs jdk.compiler jdk.crypto.ec jdk.crypto.cryptoki jdk.crypto.mscapi jdk.dynalink jdk.internal.ed jdk.editpad jdk.hotspot.agent jdk.httpserver jdk.internal.le jdk.internal.vm.ci jdk.internal.vm.compiler jdk.internal.vm.compiler.management jdk.jartool jdk.javadoc jdk.jcmd jdk.management jdk.management.agent jdk.jconsole jdk.jdeps jdk.jdwp.agent jdk.jdi jdk.jfr jdk.jshell jdk.jsobject jdk.jstatd jdk.localedata jdk.management.jfr jdk.naming.dns jdk.naming.rmi jdk.net jdk.nio.mapmode jdk.random jdk.sctp jdk.security.auth jdk.security.jgss jdk.unsupported jdk.unsupported.desktop jdk.xml.dom" 

Environment Variables:
JAVA_HOME=C:\Program Files\Eclipse Adoptium\jdk-17.0.14.7-hotspot
PATH=D:\Programs\Microsoft VS Code;C:\oraclexe\app\oracle\product\11.2.0\server\bin;C:\Program Files\Common Files\Oracle\Java\javapath;C:\windows\system32;C:\windows;C:\windows\System32\Wbem;C:\windows\System32\WindowsPowerShell\v1.0\;C:\windows\System32\OpenSSH\;C:\Program Files (x86)\NVIDIA Corporation\PhysX\Common;C:\WINDOWS\system32;C:\WINDOWS;C:\WINDOWS\System32\Wbem;C:\WINDOWS\System32\WindowsPowerShell\v1.0\;C:\WINDOWS\System32\OpenSSH\;C:\Program Files\dotnet\;C:\Program Files\NVIDIA Corporation\NVIDIA app\NvDLISR;C:\Program Files\Oracle\VirtualBox;C:\Program Files\nodejs\;C:\Program Files\MongoDB\Server\8.0\bin;C:\Program Files\Git\cmd;C:\Program Files\apache-maven-3.9.9\bin;D:\Programs\rabbitmq_server-4.0.7\sbin;C:\Program Files\Eclipse Adoptium\jdk-17.0.14.7-hotspot;D:\poppler-23.07.0\Library\bin;C:\poppler-23.07.0\Library\bin;C:\Users\atiya\AppData\Local\Programs\Python\Python312\Scripts\;C:\Users\atiya\AppData\Local\Programs\Python\Python312\;C:\Users\atiya\AppData\Local\Microsoft\WindowsApps;D:\Programs\Microsoft VS Code\bin;C:\Users\atiya\AppData\Roaming\npm;C:\Users\atiya\AppData\Local\Programs\mongosh\;D:\poppler-23.07.0\Library\bin;C:\poppler-23.07.0\Library\bin;;C:\Users\atiya\.bun\bin;C:\Users\atiya\AppData\Local\Programs\Antigravity\bin;C:\Users\atiya\AppData\Local\Programs\Antigravity IDE\bin
USERNAME=atiya
OS=Windows_NT
PROCESSOR_IDENTIFIER=Intel64 Family 6 Model 165 Stepping 2, GenuineIntel
TMP=C:\Users\atiya\AppData\Local\Temp
TEMP=C:\Users\atiya\AppData\Local\Temp




Periodic native trim disabled

---------------  S Y S T E M  ---------------

OS:
 Windows 11 , 64 bit Build 26100 (10.0.26100.8328)
OS uptime: 3 days 14:52 hours
Hyper-V role detected

CPU: total 12 (initial active 12) (6 cores per cpu, 2 threads per core) family 6 model 165 stepping 2 microcode 0xf0, cx8, cmov, fxsr, ht, mmx, 3dnowpref, sse, sse2, sse3, ssse3, sse4.1, sse4.2, popcnt, lzcnt, tsc, tscinvbit, avx, avx2, aes, erms, clmul, bmi1, bmi2, adx, fma, vzeroupper, clflush, clflushopt, hv, rdtscp, f16c
Processor Information for the first 12 processors :
  Max Mhz: 2592, Current Mhz: 2592, Mhz Limit: 2592

Memory: 4k page, system-wide physical 16160M (531M free)
TotalPageFile size 24593M (AvailPageFile size 49M)
current process WorkingSet (physical memory assigned to process): 823M, peak: 827M
current process commit charge ("private bytes"): 886M, peak: 891M

vm_info: OpenJDK 64-Bit Server VM (21.0.10+7-LTS) for windows-amd64 JRE (21.0.10+7-LTS), built on 2026-01-20T00:00:00Z by "admin" with MS VC++ 17.12 (VS2022)

END.
