#
# There is insufficient memory for the Java Runtime Environment to continue.
# Native memory allocation (mmap) failed to map 266338304 bytes for G1 virtual space
# Possible reasons:
#   The system is out of physical RAM or swap space
#   The process is running with CompressedOops enabled, and the Java Heap may be blocking the growth of the native heap
# Possible solutions:
#   Reduce memory load on the system
#   Increase physical memory or swap space
#   Check if swap backing store is full
#   Decrease Java heap size (-Xmx/-Xms)
#   Decrease number of Java threads
#   Decrease Java thread stack sizes (-Xss)
#   Set larger code cache with -XX:ReservedCodeCacheSize=
#   JVM is running with Zero Based Compressed Oops mode in which the Java heap is
#     placed in the first 32GB address space. The Java Heap base address is the
#     maximum limit for the native heap growth. Please use -XX:HeapBaseMinAddress
#     to set the Java Heap base and to place the Java Heap above 32GB virtual address.
# This output file may be truncated or incomplete.
#
#  Out of Memory Error (os_windows.cpp:3548), pid=28104, tid=25412
#
# JRE version:  (17.0.12+8) (build )
# Java VM: Java HotSpot(TM) 64-Bit Server VM (17.0.12+8-LTS-286, mixed mode, sharing, tiered, compressed oops, compressed class ptrs, g1 gc, windows-amd64)
# No core dump will be written. Minidumps are not enabled by default on client versions of Windows
#

---------------  S U M M A R Y ------------

Command Line: --enable-native-access=ALL-UNNAMED 

Host: Intel(R) Core(TM) i7-8750H CPU @ 2.20GHz, 12 cores, 15G,  Windows 11 , 64 bit Build 26100 (10.0.26100.8246)
Time: Thu May 21 17:04:06 2026 W. Central Africa Standard Time elapsed time: 0.011615 seconds (0d 0h 0m 0s)

---------------  T H R E A D  ---------------

Current thread (0x0000019377bedf90):  JavaThread "Unknown thread" [_thread_in_vm, id=25412, stack(0x0000007163100000,0x0000007163200000)]

Stack: [0x0000007163100000,0x0000007163200000]
Native frames: (J=compiled Java code, j=interpreted, Vv=VM code, C=native code)
V  [jvm.dll+0x67a04a]
V  [jvm.dll+0x7da4ed]
V  [jvm.dll+0x7dbe33]
V  [jvm.dll+0x7dc4a3]
V  [jvm.dll+0x24508f]
V  [jvm.dll+0x677089]
V  [jvm.dll+0x66bd32]
V  [jvm.dll+0x301fa6]
V  [jvm.dll+0x309546]
V  [jvm.dll+0x359d2e]
V  [jvm.dll+0x359f5f]
V  [jvm.dll+0x2d9078]
V  [jvm.dll+0x2d9fe4]
V  [jvm.dll+0x7aca21]
V  [jvm.dll+0x367591]
V  [jvm.dll+0x78b999]
V  [jvm.dll+0x3ec83f]
V  [jvm.dll+0x3ee471]
C  [jli.dll+0x5297]
C  [ucrtbase.dll+0x37b0]
C  [KERNEL32.DLL+0x2e8d7]
C  [ntdll.dll+0x8c3fc]


---------------  P R O C E S S  ---------------

Threads class SMR info:
_java_thread_list=0x00007ffc98437a18, length=0, elements={
}

Java Threads: ( => current thread )

Other Threads:
  0x0000019377c5bc40 GCTaskThread "GC Thread#0" [stack: 0x0000007163200000,0x0000007163300000] [id=27768]
  0x0000019377c6d5f0 ConcurrentGCThread "G1 Main Marker" [stack: 0x0000007163300000,0x0000007163400000] [id=28128]
  0x0000019377c6e000 ConcurrentGCThread "G1 Conc#0" [stack: 0x0000007163400000,0x0000007163500000] [id=3092]

[error occurred during error reporting (printing all threads), id 0xc0000005, EXCEPTION_ACCESS_VIOLATION (0xc0000005) at pc=0x00007ffc97c69b67]

VM state: not at safepoint (not fully initialized)

VM Mutex/Monitor currently owned by a thread:  ([mutex/lock_event])
[0x0000019377beaec0] Heap_lock - owner thread: 0x0000019377bedf90

Heap address: 0x0000000702600000, size: 4058 MB, Compressed Oops mode: Zero based, Oop shift amount: 3

CDS archive(s) mapped at: [0x0000000000000000-0x0000000000000000-0x0000000000000000), size 0, SharedBaseAddress: 0x0000000800000000, ArchiveRelocationMode: 1.
Narrow klass base: 0x0000000000000000, Narrow klass shift: 0, Narrow klass range: 0x0

GC Precious Log:
<Empty>

Heap:
 garbage-first heap   total 0K, used 0K [0x0000000702600000, 0x0000000800000000)
  region size 2048K, 0 young (0K), 0 survivors (0K)

[error occurred during error reporting (printing heap information), id 0xc0000005, EXCEPTION_ACCESS_VIOLATION (0xc0000005) at pc=0x00007ffc98053859]

GC Heap History (0 events):
No events

Deoptimization events (0 events):
No events

Classes unloaded (0 events):
No events

Classes redefined (0 events):
No events

Internal exceptions (0 events):
No events

VM Operations (0 events):
No events

Events (1 events):
Event: 0.008 Loaded shared library C:\Program Files\Java\jdk-17\bin\java.dll


Dynamic libraries:
0x00007ff765820000 - 0x00007ff765830000 	C:\Program Files\Java\jdk-17\bin\java.exe
0x00007ffda3680000 - 0x00007ffda38e7000 	C:\WINDOWS\SYSTEM32\ntdll.dll
0x00007ffda2910000 - 0x00007ffda29d9000 	C:\WINDOWS\System32\KERNEL32.DLL
0x00007ffda0c10000 - 0x00007ffda1004000 	C:\WINDOWS\System32\KERNELBASE.dll
0x00007ffd9ff50000 - 0x00007ffda009b000 	C:\WINDOWS\System32\ucrtbase.dll
0x00007ffd314a0000 - 0x00007ffd314bb000 	C:\Program Files\Java\jdk-17\bin\VCRUNTIME140.dll
0x00007ffd314c0000 - 0x00007ffd314d9000 	C:\Program Files\Java\jdk-17\bin\jli.dll
0x00007ffda1830000 - 0x00007ffda18e6000 	C:\WINDOWS\System32\ADVAPI32.dll
0x00007ffda3480000 - 0x00007ffda3529000 	C:\WINDOWS\System32\msvcrt.dll
0x00007ffda2860000 - 0x00007ffda2907000 	C:\WINDOWS\System32\sechost.dll
0x00007ffda15e0000 - 0x00007ffda16f8000 	C:\WINDOWS\System32\RPCRT4.dll
0x00007ffda2620000 - 0x00007ffda27e5000 	C:\WINDOWS\System32\USER32.dll
0x00007ffda0210000 - 0x00007ffda0237000 	C:\WINDOWS\System32\win32u.dll
0x00007ffd8b160000 - 0x00007ffd8b3f3000 	C:\WINDOWS\WinSxS\amd64_microsoft.windows.common-controls_6595b64144ccf1df_6.0.26100.8115_none_3e075c82e3354f9c\COMCTL32.dll
0x00007ffda2ac0000 - 0x00007ffda2aeb000 	C:\WINDOWS\System32\GDI32.dll
0x00007ffda1010000 - 0x00007ffda113b000 	C:\WINDOWS\System32\gdi32full.dll
0x00007ffda0b60000 - 0x00007ffda0c03000 	C:\WINDOWS\System32\msvcp_win.dll
0x00007ffd92980000 - 0x00007ffd9298b000 	C:\WINDOWS\SYSTEM32\VERSION.dll
0x00007ffda2a70000 - 0x00007ffda2aa2000 	C:\WINDOWS\System32\IMM32.DLL
0x00007ffd7b670000 - 0x00007ffd7b67c000 	C:\Program Files\Java\jdk-17\bin\vcruntime140_1.dll
0x00007ffd0f3e0000 - 0x00007ffd0f46e000 	C:\Program Files\Java\jdk-17\bin\msvcp140.dll
0x00007ffc97980000 - 0x00007ffc98560000 	C:\Program Files\Java\jdk-17\bin\server\jvm.dll
0x00007ffda3630000 - 0x00007ffda3638000 	C:\WINDOWS\System32\PSAPI.DLL
0x00007ffd8c180000 - 0x00007ffd8c18a000 	C:\WINDOWS\SYSTEM32\WSOCK32.dll
0x00007ffd8b400000 - 0x00007ffd8b436000 	C:\WINDOWS\SYSTEM32\WINMM.dll
0x00007ffda3160000 - 0x00007ffda31e0000 	C:\WINDOWS\System32\WS2_32.dll
0x00007ffd9eca0000 - 0x00007ffd9ecbb000 	C:\WINDOWS\SYSTEM32\kernel.appcore.dll
0x00007ffd76480000 - 0x00007ffd7648a000 	C:\Program Files\Java\jdk-17\bin\jimage.dll
0x00007ffd8b440000 - 0x00007ffd8b682000 	C:\WINDOWS\SYSTEM32\DBGHELP.DLL
0x00007ffda2190000 - 0x00007ffda2512000 	C:\WINDOWS\System32\combase.dll
0x00007ffda31f0000 - 0x00007ffda32c8000 	C:\WINDOWS\System32\OLEAUT32.dll
0x00007ffd8bed0000 - 0x00007ffd8bf0b000 	C:\WINDOWS\SYSTEM32\dbgcore.DLL
0x00007ffda0240000 - 0x00007ffda02e5000 	C:\WINDOWS\System32\bcryptPrimitives.dll
0x00007ffd2cfd0000 - 0x00007ffd2cff5000 	C:\Program Files\Java\jdk-17\bin\java.dll

dbghelp: loaded successfully - version: 4.0.5 - missing functions: none
symbol engine: initialized successfully - sym options: 0x614 - pdb path: .;C:\Program Files\Java\jdk-17\bin;C:\WINDOWS\SYSTEM32;C:\WINDOWS\WinSxS\amd64_microsoft.windows.common-controls_6595b64144ccf1df_6.0.26100.8115_none_3e075c82e3354f9c;C:\Program Files\Java\jdk-17\bin\server

VM Arguments:
jvm_args: --enable-native-access=ALL-UNNAMED 
java_command: <unknown>
java_class_path (initial): <not set>
Launcher Type: SUN_STANDARD

[Global flags]
     intx CICompilerCount                          = 4                                         {product} {ergonomic}
     uint ConcGCThreads                            = 3                                         {product} {ergonomic}
     uint G1ConcRefinementThreads                  = 10                                        {product} {ergonomic}
   size_t G1HeapRegionSize                         = 2097152                                   {product} {ergonomic}
    uintx GCDrainStackTargetSize                   = 64                                        {product} {ergonomic}
   size_t InitialHeapSize                          = 266338304                                 {product} {ergonomic}
   size_t MarkStackSize                            = 4194304                                   {product} {ergonomic}
   size_t MaxHeapSize                              = 4255121408                                {product} {ergonomic}
   size_t MinHeapDeltaBytes                        = 2097152                                   {product} {ergonomic}
   size_t MinHeapSize                              = 8388608                                   {product} {ergonomic}
    uintx NonNMethodCodeHeapSize                   = 5839372                                {pd product} {ergonomic}
    uintx NonProfiledCodeHeapSize                  = 122909434                              {pd product} {ergonomic}
    uintx ProfiledCodeHeapSize                     = 122909434                              {pd product} {ergonomic}
    uintx ReservedCodeCacheSize                    = 251658240                              {pd product} {ergonomic}
     bool SegmentedCodeCache                       = true                                      {product} {ergonomic}
   size_t SoftMaxHeapSize                          = 4255121408                             {manageable} {ergonomic}
     bool UseCompressedClassPointers               = true                           {product lp64_product} {ergonomic}
     bool UseCompressedOops                        = true                           {product lp64_product} {ergonomic}
     bool UseG1GC                                  = true                                      {product} {ergonomic}
     bool UseLargePagesIndividualAllocation        = false                                  {pd product} {ergonomic}

Logging:
Log output configuration:
 #0: stdout all=warning uptime,level,tags
 #1: stderr all=off uptime,level,tags

Environment Variables:
PATH=C:\Program Files\Common Files\Oracle\Java\javapath;C:\Program Files (x86)\Common Files\Oracle\Java\javapath;C:\WINDOWS\system32;C:\WINDOWS;C:\WINDOWS\System32\Wbem;C:\WINDOWS\System32\WindowsPowerShell\v1.0\;C:\WINDOWS\System32\OpenSSH\;C:\Windows\System32\Wbem;C:\Program Files\Apache Software Foundation\Tomcat 9.0;G:\program files\nodejs\;C:\ProgramData\chocolatey\bin;C:\Program Files\Docker\Docker\resources;G:\program files\apache;G:\program files\tomcat\bin;G:\program files\Git\cmd;G:\Downloads\apache-maven-3.9.12-bin\apache-maven-3.9.12\bin;C:\Users\boyof\AppData\Local\Microsoft\WindowsApps;C:\Users\boyof\AppData\Local\Programs\Microsoft VS Code\bin;G:\program files\apache;C:\Users\boyof\AppData\Roaming\npm;G:\cursor\resources\app\bin;
USERNAME=boyof
OS=Windows_NT
PROCESSOR_IDENTIFIER=Intel64 Family 6 Model 158 Stepping 10, GenuineIntel



---------------  S Y S T E M  ---------------

OS:
 Windows 11 , 64 bit Build 26100 (10.0.26100.8246)
OS uptime: 13 days 0:26 hours
Hyper-V role detected

CPU: total 12 (initial active 12) (6 cores per cpu, 2 threads per core) family 6 model 158 stepping 10 microcode 0xf0, cx8, cmov, fxsr, ht, mmx, 3dnowpref, sse, sse2, sse3, ssse3, sse4.1, sse4.2, popcnt, lzcnt, tsc, tscinvbit, avx, avx2, aes, erms, clmul, bmi1, bmi2, adx, fma, vzeroupper, clflush, clflushopt, hv

Memory: 4k page, system-wide physical 16228M (1494M free)
TotalPageFile size 27296M (AvailPageFile size 150M)
current process WorkingSet (physical memory assigned to process): 12M, peak: 12M
current process commit charge ("private bytes"): 64M, peak: 318M

vm_info: Java HotSpot(TM) 64-Bit Server VM (17.0.12+8-LTS-286) for windows-amd64 JRE (17.0.12+8-LTS-286), built on Jun  5 2024 06:46:59 by "mach5one" with MS VC++ 17.6 (VS2022)

END.
