#
# There is insufficient memory for the Java Runtime Environment to continue.
# Native memory allocation (mmap) failed to map 266338304 bytes for G1 virtual space
# Possible reasons:
#   The system is out of physical RAM or swap space
#   The process is running with CompressedOops enabled, and the Java Heap may be blocking the growth of the native heap
# Possible solutions:
#   Reduce memory load on the system
#   Increase physical memory or swap space
#   Check if swap backing store is full
#   Decrease Java heap size (-Xmx/-Xms)
#   Decrease number of Java threads
#   Decrease Java thread stack sizes (-Xss)
#   Set larger code cache with -XX:ReservedCodeCacheSize=
#   JVM is running with Zero Based Compressed Oops mode in which the Java heap is
#     placed in the first 32GB address space. The Java Heap base address is the
#     maximum limit for the native heap growth. Please use -XX:HeapBaseMinAddress
#     to set the Java Heap base and to place the Java Heap above 32GB virtual address.
# This output file may be truncated or incomplete.
#
#  Out of Memory Error (os_windows.cpp:3548), pid=22112, tid=17100
#
# JRE version:  (17.0.12+8) (build )
# Java VM: Java HotSpot(TM) 64-Bit Server VM (17.0.12+8-LTS-286, mixed mode, emulated-client, sharing, tiered, compressed oops, compressed class ptrs, g1 gc, windows-amd64)
# No core dump will be written. Minidumps are not enabled by default on client versions of Windows
#

---------------  S U M M A R Y ------------

Command Line: -XX:TieredStopAtLevel=1 com.projectmission.ProjectMissionApplication

Host: Intel(R) Core(TM) i7-8750H CPU @ 2.20GHz, 12 cores, 15G,  Windows 11 , 64 bit Build 26100 (10.0.26100.8246)
Time: Thu May 21 17:01:53 2026 W. Central Africa Standard Time elapsed time: 0.016977 seconds (0d 0h 0m 0s)

---------------  T H R E A D  ---------------

Current thread (0x000002459d10a990):  JavaThread "Unknown thread" [_thread_in_vm, id=17100, stack(0x000000c12d400000,0x000000c12d500000)]

Stack: [0x000000c12d400000,0x000000c12d500000]
Native frames: (J=compiled Java code, j=interpreted, Vv=VM code, C=native code)
V  [jvm.dll+0x67a04a]
V  [jvm.dll+0x7da4ed]
V  [jvm.dll+0x7dbe33]
V  [jvm.dll+0x7dc4a3]
V  [jvm.dll+0x24508f]
V  [jvm.dll+0x677089]
V  [jvm.dll+0x66bd32]
V  [jvm.dll+0x301fa6]
V  [jvm.dll+0x309546]
V  [jvm.dll+0x359d2e]
V  [jvm.dll+0x359f5f]
V  [jvm.dll+0x2d9078]
V  [jvm.dll+0x2d9fe4]
V  [jvm.dll+0x7aca21]
V  [jvm.dll+0x367591]
V  [jvm.dll+0x78b999]
V  [jvm.dll+0x3ec83f]
V  [jvm.dll+0x3ee471]
C  [jli.dll+0x5297]
C  [ucrtbase.dll+0x37b0]
C  [KERNEL32.DLL+0x2e8d7]
C  [ntdll.dll+0x8c3fc]


---------------  P R O C E S S  ---------------

Threads class SMR info:
_java_thread_list=0x00007ffc98437a18, length=0, elements={
}

Java Threads: ( => current thread )

Other Threads:
  0x000002459d1780c0 GCTaskThread "GC Thread#0" [stack: 0x000000c12d500000,0x000000c12d600000] [id=20564]
  0x000002459d188da0 ConcurrentGCThread "G1 Main Marker" [stack: 0x000000c12d600000,0x000000c12d700000] [id=21104]
  0x000002459d18a480 ConcurrentGCThread "G1 Conc#0" [stack: 0x000000c12d700000,0x000000c12d800000] [id=20500]

[error occurred during error reporting (printing all threads), id 0xc0000005, EXCEPTION_ACCESS_VIOLATION (0xc0000005) at pc=0x00007ffc97c69b67]

VM state: not at safepoint (not fully initialized)

VM Mutex/Monitor currently owned by a thread:  ([mutex/lock_event])
[0x000002459cdcdb00] Heap_lock - owner thread: 0x000002459d10a990

Heap address: 0x0000000702600000, size: 4058 MB, Compressed Oops mode: Zero based, Oop shift amount: 3

CDS archive(s) mapped at: [0x0000000000000000-0x0000000000000000-0x0000000000000000), size 0, SharedBaseAddress: 0x0000000800000000, ArchiveRelocationMode: 1.
Narrow klass base: 0x0000000000000000, Narrow klass shift: 0, Narrow klass range: 0x0

GC Precious Log:
<Empty>

Heap:
 garbage-first heap   total 0K, used 0K [0x0000000702600000, 0x0000000800000000)
  region size 2048K, 0 young (0K), 0 survivors (0K)

[error occurred during error reporting (printing heap information), id 0xc0000005, EXCEPTION_ACCESS_VIOLATION (0xc0000005) at pc=0x00007ffc98053859]

GC Heap History (0 events):
No events

Deoptimization events (0 events):
No events

Classes unloaded (0 events):
No events

Classes redefined (0 events):
No events

Internal exceptions (0 events):
No events

VM Operations (0 events):
No events

Events (1 events):
Event: 0.009 Loaded shared library C:\Program Files\Java\jdk-17\bin\java.dll


Dynamic libraries:
0x00007ff765820000 - 0x00007ff765830000 	C:\Program Files\Java\jdk-17\bin\java.exe
0x00007ffda3680000 - 0x00007ffda38e7000 	C:\WINDOWS\SYSTEM32\ntdll.dll
0x00007ffda2910000 - 0x00007ffda29d9000 	C:\WINDOWS\System32\KERNEL32.DLL
0x00007ffda0c10000 - 0x00007ffda1004000 	C:\WINDOWS\System32\KERNELBASE.dll
0x00007ffd9ff50000 - 0x00007ffda009b000 	C:\WINDOWS\System32\ucrtbase.dll
0x00007ffd63590000 - 0x00007ffd635ab000 	C:\Program Files\Java\jdk-17\bin\VCRUNTIME140.dll
0x00007ffd624f0000 - 0x00007ffd62509000 	C:\Program Files\Java\jdk-17\bin\jli.dll
0x00007ffda1830000 - 0x00007ffda18e6000 	C:\WINDOWS\System32\ADVAPI32.dll
0x00007ffda3480000 - 0x00007ffda3529000 	C:\WINDOWS\System32\msvcrt.dll
0x00007ffda2860000 - 0x00007ffda2907000 	C:\WINDOWS\System32\sechost.dll
0x00007ffda15e0000 - 0x00007ffda16f8000 	C:\WINDOWS\System32\RPCRT4.dll
0x00007ffda2620000 - 0x00007ffda27e5000 	C:\WINDOWS\System32\USER32.dll
0x00007ffda0210000 - 0x00007ffda0237000 	C:\WINDOWS\System32\win32u.dll
0x00007ffd8b160000 - 0x00007ffd8b3f3000 	C:\WINDOWS\WinSxS\amd64_microsoft.windows.common-controls_6595b64144ccf1df_6.0.26100.8115_none_3e075c82e3354f9c\COMCTL32.dll
0x00007ffda2ac0000 - 0x00007ffda2aeb000 	C:\WINDOWS\System32\GDI32.dll
0x00007ffda1010000 - 0x00007ffda113b000 	C:\WINDOWS\System32\gdi32full.dll
0x00007ffda0b60000 - 0x00007ffda0c03000 	C:\WINDOWS\System32\msvcp_win.dll
0x00007ffd92980000 - 0x00007ffd9298b000 	C:\WINDOWS\SYSTEM32\VERSION.dll
0x00007ffda2a70000 - 0x00007ffda2aa2000 	C:\WINDOWS\System32\IMM32.DLL
0x00007ffd7bc20000 - 0x00007ffd7bc2c000 	C:\Program Files\Java\jdk-17\bin\vcruntime140_1.dll
0x00007ffd14250000 - 0x00007ffd142de000 	C:\Program Files\Java\jdk-17\bin\msvcp140.dll
0x00007ffc97980000 - 0x00007ffc98560000 	C:\Program Files\Java\jdk-17\bin\server\jvm.dll
0x00007ffda3630000 - 0x00007ffda3638000 	C:\WINDOWS\System32\PSAPI.DLL
0x00007ffd8c180000 - 0x00007ffd8c18a000 	C:\WINDOWS\SYSTEM32\WSOCK32.dll
0x00007ffda3160000 - 0x00007ffda31e0000 	C:\WINDOWS\System32\WS2_32.dll
0x00007ffd8b400000 - 0x00007ffd8b436000 	C:\WINDOWS\SYSTEM32\WINMM.dll
0x00007ffd9eca0000 - 0x00007ffd9ecbb000 	C:\WINDOWS\SYSTEM32\kernel.appcore.dll
0x00007ffd7b890000 - 0x00007ffd7b89a000 	C:\Program Files\Java\jdk-17\bin\jimage.dll
0x00007ffd8b440000 - 0x00007ffd8b682000 	C:\WINDOWS\SYSTEM32\DBGHELP.DLL
0x00007ffda2190000 - 0x00007ffda2512000 	C:\WINDOWS\System32\combase.dll
0x00007ffda31f0000 - 0x00007ffda32c8000 	C:\WINDOWS\System32\OLEAUT32.dll
0x00007ffd8bed0000 - 0x00007ffd8bf0b000 	C:\WINDOWS\SYSTEM32\dbgcore.DLL
0x00007ffda0240000 - 0x00007ffda02e5000 	C:\WINDOWS\System32\bcryptPrimitives.dll
0x00007ffd5f5c0000 - 0x00007ffd5f5e5000 	C:\Program Files\Java\jdk-17\bin\java.dll

dbghelp: loaded successfully - version: 4.0.5 - missing functions: none
symbol engine: initialized successfully - sym options: 0x614 - pdb path: .;C:\Program Files\Java\jdk-17\bin;C:\WINDOWS\SYSTEM32;C:\WINDOWS\WinSxS\amd64_microsoft.windows.common-controls_6595b64144ccf1df_6.0.26100.8115_none_3e075c82e3354f9c;C:\Program Files\Java\jdk-17\bin\server

VM Arguments:
jvm_args: -XX:TieredStopAtLevel=1 
java_command: com.projectmission.ProjectMissionApplication
java_class_path (initial): G:\mission - Copy\target\classes;C:\Users\boyof\.m2\repository\org\springframework\boot\spring-boot\3.2.0\spring-boot-3.2.0.jar;C:\Users\boyof\.m2\repository\org\springframework\boot\spring-boot-autoconfigure\3.2.0\spring-boot-autoconfigure-3.2.0.jar;C:\Users\boyof\.m2\repository\ch\qos\logback\logback-classic\1.4.11\logback-classic-1.4.11.jar;C:\Users\boyof\.m2\repository\ch\qos\logback\logback-core\1.4.11\logback-core-1.4.11.jar;C:\Users\boyof\.m2\repository\org\apache\logging\log4j\log4j-to-slf4j\2.21.1\log4j-to-slf4j-2.21.1.jar;C:\Users\boyof\.m2\repository\org\apache\logging\log4j\log4j-api\2.21.1\log4j-api-2.21.1.jar;C:\Users\boyof\.m2\repository\org\slf4j\jul-to-slf4j\2.0.9\jul-to-slf4j-2.0.9.jar;C:\Users\boyof\.m2\repository\jakarta\annotation\jakarta.annotation-api\2.1.1\jakarta.annotation-api-2.1.1.jar;C:\Users\boyof\.m2\repository\org\yaml\snakeyaml\2.2\snakeyaml-2.2.jar;C:\Users\boyof\.m2\repository\com\fasterxml\jackson\datatype\jackson-datatype-jdk8\2.15.3\jackson-datatype-jdk8-2.15.3.jar;C:\Users\boyof\.m2\repository\com\fasterxml\jackson\datatype\jackson-datatype-jsr310\2.15.3\jackson-datatype-jsr310-2.15.3.jar;C:\Users\boyof\.m2\repository\com\fasterxml\jackson\module\jackson-module-parameter-names\2.15.3\jackson-module-parameter-names-2.15.3.jar;C:\Users\boyof\.m2\repository\org\apache\tomcat\embed\tomcat-embed-core\10.1.16\tomcat-embed-core-10.1.16.jar;C:\Users\boyof\.m2\repository\org\apache\tomcat\embed\tomcat-embed-el\10.1.16\tomcat-embed-el-10.1.16.jar;C:\Users\boyof\.m2\repository\org\apache\tomcat\embed\tomcat-embed-websocket\10.1.16\tomcat-embed-websocket-10.1.16.jar;C:\Users\boyof\.m2\repository\org\springframework\spring-web\6.1.1\spring-web-6.1.1.jar;C:\Users\boyof\.m2\repository\org\springframework\spring-beans\6.1.1\spring-beans-6.1.1.jar;C:\Users\boyof\.m2\repository\io\micrometer\micrometer-observation\1.12.0\micrometer-observation-1.12.0.jar;C:\Users\boyof\.m2\repository\io\micrometer\micrometer-commons\
Launcher Type: SUN_STANDARD

[Global flags]
     intx CICompilerCount                          = 4                                         {product} {ergonomic}
     uint ConcGCThreads                            = 3                                         {product} {ergonomic}
     uint G1ConcRefinementThreads                  = 10                                        {product} {ergonomic}
   size_t G1HeapRegionSize                         = 2097152                                   {product} {ergonomic}
    uintx GCDrainStackTargetSize                   = 64                                        {product} {ergonomic}
   size_t InitialHeapSize                          = 266338304                                 {product} {ergonomic}
   size_t MarkStackSize                            = 4194304                                   {product} {ergonomic}
   size_t MaxHeapSize                              = 4255121408                                {product} {ergonomic}
   size_t MinHeapDeltaBytes                        = 2097152                                   {product} {ergonomic}
   size_t MinHeapSize                              = 8388608                                   {product} {ergonomic}
    uintx NonProfiledCodeHeapSize                  = 0                                      {pd product} {ergonomic}
     bool ProfileInterpreter                       = false                                  {pd product} {command line}
    uintx ProfiledCodeHeapSize                     = 0                                      {pd product} {ergonomic}
   size_t SoftMaxHeapSize                          = 4255121408                             {manageable} {ergonomic}
     intx TieredStopAtLevel                        = 1                                         {product} {command line}
     bool UseCompressedClassPointers               = true                           {product lp64_product} {ergonomic}
     bool UseCompressedOops                        = true                           {product lp64_product} {ergonomic}
     bool UseG1GC                                  = true                                      {product} {ergonomic}
     bool UseLargePagesIndividualAllocation        = false                                  {pd product} {ergonomic}

Logging:
Log output configuration:
 #0: stdout all=warning uptime,level,tags
 #1: stderr all=off uptime,level,tags

Environment Variables:
PATH=C:\Program Files\Common Files\Oracle\Java\javapath;C:\Program Files (x86)\Common Files\Oracle\Java\javapath;C:\WINDOWS\system32;C:\WINDOWS;C:\WINDOWS\System32\Wbem;C:\WINDOWS\System32\WindowsPowerShell\v1.0\;C:\WINDOWS\System32\OpenSSH\;C:\Windows\System32\Wbem;C:\Program Files\Apache Software Foundation\Tomcat 9.0;G:\program files\nodejs\;C:\ProgramData\chocolatey\bin;C:\Program Files\Docker\Docker\resources;G:\program files\apache;G:\program files\tomcat\bin;G:\program files\Git\cmd;G:\Downloads\apache-maven-3.9.12-bin\apache-maven-3.9.12\bin;C:\Users\boyof\AppData\Local\Microsoft\WindowsApps;C:\Users\boyof\AppData\Local\Programs\Microsoft VS Code\bin;G:\program files\apache;C:\Users\boyof\AppData\Roaming\npm;G:\cursor\resources\app\bin;
USERNAME=boyof
LANG=en_US.UTF-8
OS=Windows_NT
PROCESSOR_IDENTIFIER=Intel64 Family 6 Model 158 Stepping 10, GenuineIntel



---------------  S Y S T E M  ---------------

OS:
 Windows 11 , 64 bit Build 26100 (10.0.26100.8246)
OS uptime: 13 days 0:24 hours
Hyper-V role detected

CPU: total 12 (initial active 12) (6 cores per cpu, 2 threads per core) family 6 model 158 stepping 10 microcode 0xf0, cx8, cmov, fxsr, ht, mmx, 3dnowpref, sse, sse2, sse3, ssse3, sse4.1, sse4.2, popcnt, lzcnt, tsc, tscinvbit, avx, avx2, aes, erms, clmul, bmi1, bmi2, adx, fma, vzeroupper, clflush, clflushopt, hv

Memory: 4k page, system-wide physical 16228M (1229M free)
TotalPageFile size 27296M (AvailPageFile size 16M)
current process WorkingSet (physical memory assigned to process): 12M, peak: 12M
current process commit charge ("private bytes"): 59M, peak: 313M

vm_info: Java HotSpot(TM) 64-Bit Server VM (17.0.12+8-LTS-286) for windows-amd64 JRE (17.0.12+8-LTS-286), built on Jun  5 2024 06:46:59 by "mach5one" with MS VC++ 17.6 (VS2022)

END.
