#
# There is insufficient memory for the Java Runtime Environment to continue.
# Native memory allocation (malloc) failed to allocate 1451840 bytes for Chunk::new
# Possible reasons:
#   The system is out of physical RAM or swap space
#   The process is running with CompressedOops enabled, and the Java Heap may be blocking the growth of the native heap
# Possible solutions:
#   Reduce memory load on the system
#   Increase physical memory or swap space
#   Check if swap backing store is full
#   Decrease Java heap size (-Xmx/-Xms)
#   Decrease number of Java threads
#   Decrease Java thread stack sizes (-Xss)
#   Set larger code cache with -XX:ReservedCodeCacheSize=
#   JVM is running with Unscaled Compressed Oops mode in which the Java heap is
#     placed in the first 4GB address space. The Java Heap base address is the
#     maximum limit for the native heap growth. Please use -XX:HeapBaseMinAddress
#     to set the Java Heap base and to place the Java Heap above 4GB virtual address.
# This output file may be truncated or incomplete.
#
#  Out of Memory Error (arena.cpp:189), pid=23860, tid=15180
#
# JRE version: Java(TM) SE Runtime Environment (17.0.12+8) (build 17.0.12+8-LTS-286)
# Java VM: Java HotSpot(TM) 64-Bit Server VM (17.0.12+8-LTS-286, mixed mode, sharing, tiered, compressed oops, compressed class ptrs, g1 gc, windows-amd64)
# No core dump will be written. Minidumps are not enabled by default on client versions of Windows
#

---------------  S U M M A R Y ------------

Command Line: -Xmx96m -Xms64m -Dclassworlds.conf=G:\Downloads\apache-maven-3.9.12-bin\apache-maven-3.9.12\bin\m2.conf -Dmaven.home=G:\Downloads\apache-maven-3.9.12-bin\apache-maven-3.9.12 -Dlibrary.jansi.path=G:\Downloads\apache-maven-3.9.12-bin\apache-maven-3.9.12\lib\jansi-native -Dmaven.multiModuleProjectDirectory=G:\mission - Copy org.codehaus.plexus.classworlds.launcher.Launcher -q spring-boot:run -Dspring-boot.run.profiles=dev -Dspring-boot.run.jvmArguments=-Xmx192m -Xms128m -XX:MaxMetaspaceSize=192m -XX:+UseSerialGC

Host: Intel(R) Core(TM) i7-8750H CPU @ 2.20GHz, 12 cores, 15G,  Windows 11 , 64 bit Build 26100 (10.0.26100.8246)
Time: Thu May 21 17:04:10 2026 W. Central Africa Standard Time elapsed time: 3.905647 seconds (0d 0h 0m 3s)

---------------  T H R E A D  ---------------

Current thread (0x000001ead082a020):  JavaThread "C2 CompilerThread1" daemon [_thread_in_native, id=15180, stack(0x000000d6a8200000,0x000000d6a8300000)]


Current CompileTask:
C2:   3905 4504       4       org.codehaus.plexus.interpolation.PrefixedValueSourceWrapper::getValue (39 bytes)

Stack: [0x000000d6a8200000,0x000000d6a8300000]
Native frames: (J=compiled Java code, j=interpreted, Vv=VM code, C=native code)
V  [jvm.dll+0x67a04a]
V  [jvm.dll+0x7da4ed]
V  [jvm.dll+0x7dbe33]
V  [jvm.dll+0x7dc4a3]
V  [jvm.dll+0x24508f]
V  [jvm.dll+0xab773]
V  [jvm.dll+0xabd3c]
V  [jvm.dll+0x361bee]
V  [jvm.dll+0x1ba64a]
V  [jvm.dll+0x216997]
V  [jvm.dll+0x215c6f]
V  [jvm.dll+0x1a2960]
V  [jvm.dll+0x22610b]
V  [jvm.dll+0x2242ab]
V  [jvm.dll+0x79075c]
V  [jvm.dll+0x78abea]
V  [jvm.dll+0x678f35]
C  [ucrtbase.dll+0x37b0]
C  [KERNEL32.DLL+0x2e8d7]
C  [ntdll.dll+0x8c3fc]


---------------  P R O C E S S  ---------------

Threads class SMR info:
_java_thread_list=0x000001ead5009230, length=14, elements={
0x000001eaf53f3e00, 0x000001ead0129b20, 0x000001ead012a3f0, 0x000001ead0144d50,
0x000001ead0145620, 0x000001ead0146a60, 0x000001ead0147ea0, 0x000001ead014c190,
0x000001ead014cb50, 0x000001ead0151020, 0x000001ead03ded80, 0x000001ead04096c0,
0x000001ead082a020, 0x000001ead07f4930
}

Java Threads: ( => current thread )
  0x000001eaf53f3e00 JavaThread "main" [_thread_in_Java, id=2896, stack(0x000000d6a6f00000,0x000000d6a7000000)]
  0x000001ead0129b20 JavaThread "Reference Handler" daemon [_thread_blocked, id=17420, stack(0x000000d6a7600000,0x000000d6a7700000)]
  0x000001ead012a3f0 JavaThread "Finalizer" daemon [_thread_blocked, id=20356, stack(0x000000d6a7700000,0x000000d6a7800000)]
  0x000001ead0144d50 JavaThread "Signal Dispatcher" daemon [_thread_blocked, id=17136, stack(0x000000d6a7800000,0x000000d6a7900000)]
  0x000001ead0145620 JavaThread "Attach Listener" daemon [_thread_blocked, id=32704, stack(0x000000d6a7900000,0x000000d6a7a00000)]
  0x000001ead0146a60 JavaThread "Service Thread" daemon [_thread_blocked, id=6404, stack(0x000000d6a7a00000,0x000000d6a7b00000)]
  0x000001ead0147ea0 JavaThread "Monitor Deflation Thread" daemon [_thread_blocked, id=9460, stack(0x000000d6a7b00000,0x000000d6a7c00000)]
  0x000001ead014c190 JavaThread "C2 CompilerThread0" daemon [_thread_blocked, id=19876, stack(0x000000d6a7c00000,0x000000d6a7d00000)]
  0x000001ead014cb50 JavaThread "C1 CompilerThread0" daemon [_thread_in_native, id=1520, stack(0x000000d6a7d00000,0x000000d6a7e00000)]
  0x000001ead0151020 JavaThread "Sweeper thread" daemon [_thread_blocked, id=21312, stack(0x000000d6a7e00000,0x000000d6a7f00000)]
  0x000001ead03ded80 JavaThread "Notification Thread" daemon [_thread_blocked, id=3572, stack(0x000000d6a7f00000,0x000000d6a8000000)]
  0x000001ead04096c0 JavaThread "Common-Cleaner" daemon [_thread_blocked, id=28300, stack(0x000000d6a8100000,0x000000d6a8200000)]
=>0x000001ead082a020 JavaThread "C2 CompilerThread1" daemon [_thread_in_native, id=15180, stack(0x000000d6a8200000,0x000000d6a8300000)]
  0x000001ead07f4930 JavaThread "C2 CompilerThread2" daemon [_thread_in_native, id=1548, stack(0x000000d6a8300000,0x000000d6a8400000)]

Other Threads:
  0x000001ead0126700 VMThread "VM Thread" [stack: 0x000000d6a7500000,0x000000d6a7600000] [id=2368]
  0x000001eaf5467a00 WatcherThread [stack: 0x000000d6a8000000,0x000000d6a8100000] [id=12284]
  0x000001eaf5414e30 GCTaskThread "GC Thread#0" [stack: 0x000000d6a7000000,0x000000d6a7100000] [id=20456]
  0x000001ead0416df0 GCTaskThread "GC Thread#1" [stack: 0x000000d6a8400000,0x000000d6a8500000] [id=19124]
  0x000001ead5039c50 GCTaskThread "GC Thread#2" [stack: 0x000000d6a8500000,0x000000d6a8600000] [id=7632]
  0x000001ead0a67790 GCTaskThread "GC Thread#3" [stack: 0x000000d6a8600000,0x000000d6a8700000] [id=30896]
  0x000001ead0a67a50 GCTaskThread "GC Thread#4" [stack: 0x000000d6a8700000,0x000000d6a8800000] [id=20124]
  0x000001ead0f18750 GCTaskThread "GC Thread#5" [stack: 0x000000d6a8800000,0x000000d6a8900000] [id=6104]
  0x000001ead0f18a10 GCTaskThread "GC Thread#6" [stack: 0x000000d6a8900000,0x000000d6a8a00000] [id=2152]
  0x000001ead53d5cb0 GCTaskThread "GC Thread#7" [stack: 0x000000d6a8a00000,0x000000d6a8b00000] [id=15288]
  0x000001ead55faad0 GCTaskThread "GC Thread#8" [stack: 0x000000d6a8b00000,0x000000d6a8c00000] [id=15516]
  0x000001ead5c4c380 GCTaskThread "GC Thread#9" [stack: 0x000000d6a8c00000,0x000000d6a8d00000] [id=24512]
  0x000001eaf5416890 ConcurrentGCThread "G1 Main Marker" [stack: 0x000000d6a7100000,0x000000d6a7200000] [id=7740]
  0x000001eaf54181c0 ConcurrentGCThread "G1 Conc#0" [stack: 0x000000d6a7200000,0x000000d6a7300000] [id=10088]
  0x000001eaf54aa3c0 ConcurrentGCThread "G1 Refine#0" [stack: 0x000000d6a7300000,0x000000d6a7400000] [id=14000]
  0x000001eaf54acab0 ConcurrentGCThread "G1 Service" [stack: 0x000000d6a7400000,0x000000d6a7500000] [id=24236]

Threads with active compile tasks:
C2 CompilerThread0     3931 4719       4       jdk.internal.org.objectweb.asm.Frame::execute (2305 bytes)
C1 CompilerThread0     3931 4714       3       java.lang.invoke.LambdaForm$Name::<init> (54 bytes)
C2 CompilerThread1     3931 4504       4       org.codehaus.plexus.interpolation.PrefixedValueSourceWrapper::getValue (39 bytes)
C2 CompilerThread2     3931 4664 %     4       java.util.zip.ZipFile$Source::initCEN @ 240 (591 bytes)

VM state: not at safepoint (normal execution)

VM Mutex/Monitor currently owned by a thread:  ([mutex/lock_event])
[0x000001eaf53f0c80] MethodData_lock - owner thread: 0x0000000000000000

Heap address: 0x00000000fa000000, size: 96 MB, Compressed Oops mode: 32-bit

CDS archive(s) mapped at: [0x000001ea8f000000-0x000001ea8fbd0000-0x000001ea8fbd0000), size 12386304, SharedBaseAddress: 0x000001ea8f000000, ArchiveRelocationMode: 1.
Compressed class space mapped at: 0x000001ea90000000-0x000001ead0000000, reserved size: 1073741824
Narrow klass base: 0x000001ea8f000000, Narrow klass shift: 0, Narrow klass range: 0x100000000

GC Precious Log:
 CPUs: 12 total, 12 available
 Memory: 16228M
 Large Page Support: Disabled
 NUMA Support: Disabled
 Compressed Oops: Enabled (32-bit)
 Heap Region Size: 1M
 Heap Min Capacity: 64M
 Heap Initial Capacity: 64M
 Heap Max Capacity: 96M
 Pre-touch: Disabled
 Parallel Workers: 10
 Concurrent Workers: 3
 Concurrent Refinement Workers: 10
 Periodic GC: Disabled

Heap:
 garbage-first heap   total 65536K, used 44382K [0x00000000fa000000, 0x0000000100000000)
  region size 1024K, 32 young (32768K), 4 survivors (4096K)
 Metaspace       used 18572K, committed 18880K, reserved 1114112K
  class space    used 2123K, committed 2304K, reserved 1048576K

Heap Regions: E=young(eden), S=young(survivor), O=old, HS=humongous(starts), HC=humongous(continues), CS=collection set, F=free, OA=open archive, CA=closed archive, TAMS=top-at-mark-start (previous, next)
|   0|0x00000000fa000000, 0x00000000fa100000, 0x00000000fa100000|100%| O|  |TAMS 0x00000000fa000000, 0x00000000fa000000| Untracked 
|   1|0x00000000fa100000, 0x00000000fa200000, 0x00000000fa200000|100%| O|  |TAMS 0x00000000fa100000, 0x00000000fa100000| Untracked 
|   2|0x00000000fa200000, 0x00000000fa300000, 0x00000000fa300000|100%| O|  |TAMS 0x00000000fa200000, 0x00000000fa200000| Untracked 
|   3|0x00000000fa300000, 0x00000000fa400000, 0x00000000fa400000|100%| O|  |TAMS 0x00000000fa300000, 0x00000000fa300000| Untracked 
|   4|0x00000000fa400000, 0x00000000fa500000, 0x00000000fa500000|100%| O|  |TAMS 0x00000000fa400000, 0x00000000fa400000| Untracked 
|   5|0x00000000fa500000, 0x00000000fa600000, 0x00000000fa600000|100%| O|  |TAMS 0x00000000fa500000, 0x00000000fa500000| Untracked 
|   6|0x00000000fa600000, 0x00000000fa700000, 0x00000000fa700000|100%| O|  |TAMS 0x00000000fa600000, 0x00000000fa600000| Untracked 
|   7|0x00000000fa700000, 0x00000000fa800000, 0x00000000fa800000|100%| O|  |TAMS 0x00000000fa700000, 0x00000000fa700000| Untracked 
|   8|0x00000000fa800000, 0x00000000fa900000, 0x00000000fa900000|100%| O|  |TAMS 0x00000000fa800000, 0x00000000fa800000| Untracked 
|   9|0x00000000fa900000, 0x00000000faa00000, 0x00000000faa00000|100%| O|  |TAMS 0x00000000fa900000, 0x00000000fa900000| Untracked 
|  10|0x00000000faa00000, 0x00000000fab00000, 0x00000000fab00000|100%| O|  |TAMS 0x00000000faa00000, 0x00000000faa00000| Untracked 
|  11|0x00000000fab00000, 0x00000000fab60a00, 0x00000000fac00000| 37%| O|  |TAMS 0x00000000fab00000, 0x00000000fab00000| Untracked 
|  12|0x00000000fac00000, 0x00000000fad00000, 0x00000000fad00000|100%|HS|  |TAMS 0x00000000fac00000, 0x00000000fac00000| Complete 
|  13|0x00000000fad00000, 0x00000000fad00000, 0x00000000fae00000|  0%| F|  |TAMS 0x00000000fad00000, 0x00000000fad00000| Untracked 
|  14|0x00000000fae00000, 0x00000000fae00000, 0x00000000faf00000|  0%| F|  |TAMS 0x00000000fae00000, 0x00000000fae00000| Untracked 
|  15|0x00000000faf00000, 0x00000000faf00000, 0x00000000fb000000|  0%| F|  |TAMS 0x00000000faf00000, 0x00000000faf00000| Untracked 
|  16|0x00000000fb000000, 0x00000000fb000000, 0x00000000fb100000|  0%| F|  |TAMS 0x00000000fb000000, 0x00000000fb000000| Untracked 
|  17|0x00000000fb100000, 0x00000000fb100000, 0x00000000fb200000|  0%| F|  |TAMS 0x00000000fb100000, 0x00000000fb100000| Untracked 
|  18|0x00000000fb200000, 0x00000000fb200000, 0x00000000fb300000|  0%| F|  |TAMS 0x00000000fb200000, 0x00000000fb200000| Untracked 
|  19|0x00000000fb300000, 0x00000000fb300000, 0x00000000fb400000|  0%| F|  |TAMS 0x00000000fb300000, 0x00000000fb300000| Untracked 
|  20|0x00000000fb400000, 0x00000000fb400000, 0x00000000fb500000|  0%| F|  |TAMS 0x00000000fb400000, 0x00000000fb400000| Untracked 
|  21|0x00000000fb500000, 0x00000000fb500000, 0x00000000fb600000|  0%| F|  |TAMS 0x00000000fb500000, 0x00000000fb500000| Untracked 
|  22|0x00000000fb600000, 0x00000000fb600000, 0x00000000fb700000|  0%| F|  |TAMS 0x00000000fb600000, 0x00000000fb600000| Untracked 
|  23|0x00000000fb700000, 0x00000000fb700000, 0x00000000fb800000|  0%| F|  |TAMS 0x00000000fb700000, 0x00000000fb700000| Untracked 
|  24|0x00000000fb800000, 0x00000000fb800000, 0x00000000fb900000|  0%| F|  |TAMS 0x00000000fb800000, 0x00000000fb800000| Untracked 
|  25|0x00000000fb900000, 0x00000000fb9f7080, 0x00000000fba00000| 96%| S|CS|TAMS 0x00000000fb900000, 0x00000000fb900000| Complete 
|  26|0x00000000fba00000, 0x00000000fba00000, 0x00000000fbb00000|  0%| F|  |TAMS 0x00000000fba00000, 0x00000000fba00000| Untracked 
|  27|0x00000000fbb00000, 0x00000000fbb00000, 0x00000000fbc00000|  0%| F|  |TAMS 0x00000000fbb00000, 0x00000000fbb00000| Untracked 
|  28|0x00000000fbc00000, 0x00000000fbd00000, 0x00000000fbd00000|100%| S|CS|TAMS 0x00000000fbc00000, 0x00000000fbc00000| Complete 
|  29|0x00000000fbd00000, 0x00000000fbe00000, 0x00000000fbe00000|100%| S|CS|TAMS 0x00000000fbd00000, 0x00000000fbd00000| Complete 
|  30|0x00000000fbe00000, 0x00000000fbf00000, 0x00000000fbf00000|100%| S|CS|TAMS 0x00000000fbe00000, 0x00000000fbe00000| Complete 
|  31|0x00000000fbf00000, 0x00000000fbf00000, 0x00000000fc000000|  0%| F|  |TAMS 0x00000000fbf00000, 0x00000000fbf00000| Untracked 
|  32|0x00000000fc000000, 0x00000000fc000000, 0x00000000fc100000|  0%| F|  |TAMS 0x00000000fc000000, 0x00000000fc000000| Untracked 
|  33|0x00000000fc100000, 0x00000000fc100000, 0x00000000fc200000|  0%| F|  |TAMS 0x00000000fc100000, 0x00000000fc100000| Untracked 
|  34|0x00000000fc200000, 0x00000000fc200000, 0x00000000fc300000|  0%| F|  |TAMS 0x00000000fc200000, 0x00000000fc200000| Untracked 
|  35|0x00000000fc300000, 0x00000000fc300000, 0x00000000fc400000|  0%| F|  |TAMS 0x00000000fc300000, 0x00000000fc300000| Untracked 
|  36|0x00000000fc400000, 0x00000000fc500000, 0x00000000fc500000|100%| E|  |TAMS 0x00000000fc400000, 0x00000000fc400000| Complete 
|  37|0x00000000fc500000, 0x00000000fc600000, 0x00000000fc600000|100%| E|CS|TAMS 0x00000000fc500000, 0x00000000fc500000| Complete 
|  38|0x00000000fc600000, 0x00000000fc700000, 0x00000000fc700000|100%| E|CS|TAMS 0x00000000fc600000, 0x00000000fc600000| Complete 
|  39|0x00000000fc700000, 0x00000000fc800000, 0x00000000fc800000|100%| E|CS|TAMS 0x00000000fc700000, 0x00000000fc700000| Complete 
|  40|0x00000000fc800000, 0x00000000fc900000, 0x00000000fc900000|100%| E|CS|TAMS 0x00000000fc800000, 0x00000000fc800000| Complete 
|  41|0x00000000fc900000, 0x00000000fca00000, 0x00000000fca00000|100%| E|CS|TAMS 0x00000000fc900000, 0x00000000fc900000| Complete 
|  42|0x00000000fca00000, 0x00000000fcb00000, 0x00000000fcb00000|100%| E|CS|TAMS 0x00000000fca00000, 0x00000000fca00000| Complete 
|  43|0x00000000fcb00000, 0x00000000fcc00000, 0x00000000fcc00000|100%| E|CS|TAMS 0x00000000fcb00000, 0x00000000fcb00000| Complete 
|  44|0x00000000fcc00000, 0x00000000fcd00000, 0x00000000fcd00000|100%| E|CS|TAMS 0x00000000fcc00000, 0x00000000fcc00000| Complete 
|  45|0x00000000fcd00000, 0x00000000fce00000, 0x00000000fce00000|100%| E|CS|TAMS 0x00000000fcd00000, 0x00000000fcd00000| Complete 
|  46|0x00000000fce00000, 0x00000000fcf00000, 0x00000000fcf00000|100%| E|CS|TAMS 0x00000000fce00000, 0x00000000fce00000| Complete 
|  47|0x00000000fcf00000, 0x00000000fd000000, 0x00000000fd000000|100%| E|CS|TAMS 0x00000000fcf00000, 0x00000000fcf00000| Complete 
|  48|0x00000000fd000000, 0x00000000fd100000, 0x00000000fd100000|100%| E|CS|TAMS 0x00000000fd000000, 0x00000000fd000000| Complete 
|  49|0x00000000fd100000, 0x00000000fd200000, 0x00000000fd200000|100%| E|CS|TAMS 0x00000000fd100000, 0x00000000fd100000| Complete 
|  50|0x00000000fd200000, 0x00000000fd300000, 0x00000000fd300000|100%| E|CS|TAMS 0x00000000fd200000, 0x00000000fd200000| Complete 
|  51|0x00000000fd300000, 0x00000000fd400000, 0x00000000fd400000|100%| E|CS|TAMS 0x00000000fd300000, 0x00000000fd300000| Complete 
|  52|0x00000000fd400000, 0x00000000fd500000, 0x00000000fd500000|100%| E|CS|TAMS 0x00000000fd400000, 0x00000000fd400000| Complete 
|  53|0x00000000fd500000, 0x00000000fd600000, 0x00000000fd600000|100%| E|CS|TAMS 0x00000000fd500000, 0x00000000fd500000| Complete 
|  54|0x00000000fd600000, 0x00000000fd700000, 0x00000000fd700000|100%| E|CS|TAMS 0x00000000fd600000, 0x00000000fd600000| Complete 
|  55|0x00000000fd700000, 0x00000000fd800000, 0x00000000fd800000|100%| E|CS|TAMS 0x00000000fd700000, 0x00000000fd700000| Complete 
|  56|0x00000000fd800000, 0x00000000fd900000, 0x00000000fd900000|100%| E|CS|TAMS 0x00000000fd800000, 0x00000000fd800000| Complete 
|  57|0x00000000fd900000, 0x00000000fda00000, 0x00000000fda00000|100%| E|CS|TAMS 0x00000000fd900000, 0x00000000fd900000| Complete 
|  58|0x00000000fda00000, 0x00000000fdb00000, 0x00000000fdb00000|100%| E|CS|TAMS 0x00000000fda00000, 0x00000000fda00000| Complete 
|  59|0x00000000fdb00000, 0x00000000fdc00000, 0x00000000fdc00000|100%| E|CS|TAMS 0x00000000fdb00000, 0x00000000fdb00000| Complete 
|  60|0x00000000fdc00000, 0x00000000fdd00000, 0x00000000fdd00000|100%| E|CS|TAMS 0x00000000fdc00000, 0x00000000fdc00000| Complete 
|  61|0x00000000fdd00000, 0x00000000fde00000, 0x00000000fde00000|100%| E|CS|TAMS 0x00000000fdd00000, 0x00000000fdd00000| Complete 
|  62|0x00000000fde00000, 0x00000000fdf00000, 0x00000000fdf00000|100%| E|CS|TAMS 0x00000000fde00000, 0x00000000fde00000| Complete 
|  63|0x00000000fdf00000, 0x00000000fe000000, 0x00000000fe000000|100%| E|CS|TAMS 0x00000000fdf00000, 0x00000000fdf00000| Complete 

Card table byte_map: [0x000001eaf3350000,0x000001eaf3380000] _byte_map_base: 0x000001eaf2b80000

Marking Bits (Prev, Next): (CMBitMap*) 0x000001eaf5415360, (CMBitMap*) 0x000001eaf54153a0
 Prev Bits: [0x000001eafd200000, 0x000001eafd380000)
 Next Bits: [0x000001eafd380000, 0x000001eafd500000)

Polling page: 0x000001eaf32c0000

Metaspace:

Usage:
  Non-class:     16.07 MB used.
      Class:      2.07 MB used.
       Both:     18.15 MB used.

Virtual space:
  Non-class space:       64.00 MB reserved,      16.25 MB ( 25%) committed,  1 nodes.
      Class space:        1.00 GB reserved,       2.25 MB ( <1%) committed,  1 nodes.
             Both:        1.06 GB reserved,      18.50 MB (  2%) committed. 

Chunk freelists:
   Non-Class:  15.68 MB
       Class:  13.66 MB
        Both:  29.34 MB

MaxMetaspaceSize: unlimited
CompressedClassSpaceSize: 1.00 GB
Initial GC threshold: 21.00 MB
Current GC threshold: 21.00 MB
CDS: on
MetaspaceReclaimPolicy: balanced
 - commit_granule_bytes: 65536.
 - commit_granule_words: 8192.
 - virtual_space_node_default_size: 8388608.
 - enlarge_chunks_in_place: 1.
 - new_chunks_are_fully_committed: 0.
 - uncommit_free_chunks: 1.
 - use_allocation_guard: 0.
 - handle_deallocations: 1.


Internal statistics:

num_allocs_failed_limit: 0.
num_arena_births: 162.
num_arena_deaths: 0.
num_vsnodes_births: 2.
num_vsnodes_deaths: 0.
num_space_committed: 296.
num_space_uncommitted: 0.
num_chunks_returned_to_freelist: 0.
num_chunks_taken_from_freelist: 847.
num_chunk_merges: 0.
num_chunk_splits: 571.
num_chunks_enlarged: 436.
num_inconsistent_stats: 0.

CodeHeap 'non-profiled nmethods': size=120000Kb used=2568Kb max_used=2568Kb free=117431Kb
 bounds [0x000001ea87ad0000, 0x000001ea87d60000, 0x000001ea8f000000]
CodeHeap 'profiled nmethods': size=120000Kb used=10280Kb max_used=10280Kb free=109719Kb
 bounds [0x000001ea80000000, 0x000001ea80a10000, 0x000001ea87530000]
CodeHeap 'non-nmethods': size=5760Kb used=1186Kb max_used=1258Kb free=4573Kb
 bounds [0x000001ea87530000, 0x000001ea877a0000, 0x000001ea87ad0000]
 total_blobs=5208 nmethods=4729 adapters=391
 compilation: enabled
              stopped_count=0, restarted_count=0
 full_count=0

Compilation events (20 events):
Event: 3.869 Thread 0x000001ead014cb50 4687       1       java.util.jar.JarFile$JarFileEntry::getName (5 bytes)
Event: 3.869 Thread 0x000001ead014cb50 nmethod 4687 0x000001ea87d47290 code [0x000001ea87d47420, 0x000001ea87d474f8]
Event: 3.871 Thread 0x000001ead014cb50 4688       3       java.util.zip.ZipFile$CleanableResource::<init> (63 bytes)
Event: 3.872 Thread 0x000001ead014cb50 nmethod 4688 0x000001ea809fd310 code [0x000001ea809fd560, 0x000001ea809fde18]
Event: 3.876 Thread 0x000001ead014cb50 4689       3       java.net.URI$Parser::scan (41 bytes)
Event: 3.877 Thread 0x000001ead014cb50 nmethod 4689 0x000001ea809fe110 code [0x000001ea809fe360, 0x000001ea809fecd8]
Event: 3.880 Thread 0x000001ead014cb50 4690       3       java.net.URI$Parser::<init> (30 bytes)
Event: 3.880 Thread 0x000001ead014cb50 nmethod 4690 0x000001ea809ff110 code [0x000001ea809ff2c0, 0x000001ea809ff558]
Event: 3.880 Thread 0x000001ead014cb50 4691       3       java.net.URI$Parser::parse (243 bytes)
Event: 3.882 Thread 0x000001ead014cb50 nmethod 4691 0x000001ea809ff690 code [0x000001ea809ffb20, 0x000001ea80a018d8]
Event: 3.886 Thread 0x000001ead014cb50 4692       3       java.lang.ProcessEnvironment$CheckedEntrySet$1::hasNext (10 bytes)
Event: 3.886 Thread 0x000001ead014cb50 nmethod 4692 0x000001ea80a02410 code [0x000001ea80a025c0, 0x000001ea80a02788]
Event: 3.886 Thread 0x000001ead014cb50 4693       3       java.lang.ProcessEnvironment$CheckedEntrySet$1::next (5 bytes)
Event: 3.887 Thread 0x000001ead014cb50 nmethod 4693 0x000001ea80a02890 code [0x000001ea80a02a60, 0x000001ea80a02f48]
Event: 3.887 Thread 0x000001ead014cb50 4695       3       java.lang.ProcessEnvironment$CheckedEntry::getKey (13 bytes)
Event: 3.887 Thread 0x000001ead014cb50 nmethod 4695 0x000001ea80a03110 code [0x000001ea80a032c0, 0x000001ea80a03588]
Event: 3.887 Thread 0x000001ead014cb50 4694       3       java.lang.ProcessEnvironment$CheckedEntry::getKey (5 bytes)
Event: 3.887 Thread 0x000001ead014cb50 nmethod 4694 0x000001ea80a03690 code [0x000001ea80a03840, 0x000001ea80a03b68]
Event: 3.887 Thread 0x000001ead014cb50 4696       3       java.lang.ProcessEnvironment$CheckedEntry::getValue (5 bytes)
Event: 3.887 Thread 0x000001ead014cb50 nmethod 4696 0x000001ea80a03c90 code [0x000001ea80a03e40, 0x000001ea80a04188]

GC Heap History (12 events):
Event: 0.619 GC heap before
{Heap before GC invocations=0 (full 0):
 garbage-first heap   total 65536K, used 23552K [0x00000000fa000000, 0x0000000100000000)
  region size 1024K, 23 young (23552K), 0 survivors (0K)
 Metaspace       used 5385K, committed 5632K, reserved 1114112K
  class space    used 650K, committed 768K, reserved 1048576K
}
Event: 0.624 GC heap after
{Heap after GC invocations=1 (full 0):
 garbage-first heap   total 65536K, used 3832K [0x00000000fa000000, 0x0000000100000000)
  region size 1024K, 3 young (3072K), 3 survivors (3072K)
 Metaspace       used 5385K, committed 5632K, reserved 1114112K
  class space    used 650K, committed 768K, reserved 1048576K
}
Event: 1.115 GC heap before
{Heap before GC invocations=1 (full 0):
 garbage-first heap   total 65536K, used 31480K [0x00000000fa000000, 0x0000000100000000)
  region size 1024K, 30 young (30720K), 3 survivors (3072K)
 Metaspace       used 8801K, committed 8960K, reserved 1114112K
  class space    used 1072K, committed 1152K, reserved 1048576K
}
Event: 1.120 GC heap after
{Heap after GC invocations=2 (full 0):
 garbage-first heap   total 65536K, used 5023K [0x00000000fa000000, 0x0000000100000000)
  region size 1024K, 2 young (2048K), 2 survivors (2048K)
 Metaspace       used 8801K, committed 8960K, reserved 1114112K
  class space    used 1072K, committed 1152K, reserved 1048576K
}
Event: 1.946 GC heap before
{Heap before GC invocations=2 (full 0):
 garbage-first heap   total 65536K, used 41887K [0x00000000fa000000, 0x0000000100000000)
  region size 1024K, 38 young (38912K), 2 survivors (2048K)
 Metaspace       used 14268K, committed 14528K, reserved 1114112K
  class space    used 1757K, committed 1856K, reserved 1048576K
}
Event: 1.960 GC heap after
{Heap after GC invocations=3 (full 0):
 garbage-first heap   total 65536K, used 9012K [0x00000000fa000000, 0x0000000100000000)
  region size 1024K, 5 young (5120K), 5 survivors (5120K)
 Metaspace       used 14268K, committed 14528K, reserved 1114112K
  class space    used 1757K, committed 1856K, reserved 1048576K
}
Event: 2.539 GC heap before
{Heap before GC invocations=3 (full 0):
 garbage-first heap   total 65536K, used 42804K [0x00000000fa000000, 0x0000000100000000)
  region size 1024K, 38 young (38912K), 5 survivors (5120K)
 Metaspace       used 15278K, committed 15488K, reserved 1114112K
  class space    used 1843K, committed 1920K, reserved 1048576K
}
Event: 2.550 GC heap after
{Heap after GC invocations=4 (full 0):
 garbage-first heap   total 65536K, used 12115K [0x00000000fa000000, 0x0000000100000000)
  region size 1024K, 3 young (3072K), 3 survivors (3072K)
 Metaspace       used 15278K, committed 15488K, reserved 1114112K
  class space    used 1843K, committed 1920K, reserved 1048576K
}
Event: 2.972 GC heap before
{Heap before GC invocations=4 (full 0):
 garbage-first heap   total 65536K, used 45907K [0x00000000fa000000, 0x0000000100000000)
  region size 1024K, 36 young (36864K), 3 survivors (3072K)
 Metaspace       used 15774K, committed 16000K, reserved 1114112K
  class space    used 1860K, committed 1984K, reserved 1048576K
}
Event: 2.979 GC heap after
{Heap after GC invocations=5 (full 0):
 garbage-first heap   total 65536K, used 13289K [0x00000000fa000000, 0x0000000100000000)
  region size 1024K, 2 young (2048K), 2 survivors (2048K)
 Metaspace       used 15774K, committed 16000K, reserved 1114112K
  class space    used 1860K, committed 1984K, reserved 1048576K
}
Event: 3.530 GC heap before
{Heap before GC invocations=5 (full 0):
 garbage-first heap   total 65536K, used 47081K [0x00000000fa000000, 0x0000000100000000)
  region size 1024K, 35 young (35840K), 2 survivors (2048K)
 Metaspace       used 17592K, committed 17984K, reserved 1114112K
  class space    used 2030K, committed 2240K, reserved 1048576K
}
Event: 3.537 GC heap after
{Heap after GC invocations=6 (full 0):
 garbage-first heap   total 65536K, used 15710K [0x00000000fa000000, 0x0000000100000000)
  region size 1024K, 4 young (4096K), 4 survivors (4096K)
 Metaspace       used 17592K, committed 17984K, reserved 1114112K
  class space    used 2030K, committed 2240K, reserved 1048576K
}

Deoptimization events (20 events):
Event: 3.866 Thread 0x000001eaf53f3e00 Uncommon trap: trap_request=0xffffff45 fr.pc=0x000001ea87ae79e0 relative=0x00000000000004a0
Event: 3.866 Thread 0x000001eaf53f3e00 Uncommon trap: reason=unstable_if action=reinterpret pc=0x000001ea87ae79e0 method=java.util.jar.Manifest$FastInputStream.readLine([BII)I @ 106 c2
Event: 3.866 Thread 0x000001eaf53f3e00 DEOPT PACKING pc=0x000001ea87ae79e0 sp=0x000000d6a6ffd710
Event: 3.866 Thread 0x000001eaf53f3e00 DEOPT UNPACKING pc=0x000001ea875823a3 sp=0x000000d6a6ffd6a0 mode 2
Event: 3.886 Thread 0x000001eaf53f3e00 Uncommon trap: trap_request=0xffffffbe fr.pc=0x000001ea87bbf510 relative=0x0000000000001f30
Event: 3.886 Thread 0x000001eaf53f3e00 Uncommon trap: reason=profile_predicate action=maybe_recompile pc=0x000001ea87bbf510 method=java.util.TimSort.binarySort([Ljava/lang/Object;IIILjava/util/Comparator;)V @ 34 c2
Event: 3.886 Thread 0x000001eaf53f3e00 DEOPT PACKING pc=0x000001ea87bbf510 sp=0x000000d6a6ffd800
Event: 3.886 Thread 0x000001eaf53f3e00 DEOPT UNPACKING pc=0x000001ea875823a3 sp=0x000000d6a6ffd7e0 mode 2
Event: 3.886 Thread 0x000001eaf53f3e00 Uncommon trap: trap_request=0xffffffbe fr.pc=0x000001ea87bbf510 relative=0x0000000000001f30
Event: 3.886 Thread 0x000001eaf53f3e00 Uncommon trap: reason=profile_predicate action=maybe_recompile pc=0x000001ea87bbf510 method=java.util.TimSort.binarySort([Ljava/lang/Object;IIILjava/util/Comparator;)V @ 34 c2
Event: 3.887 Thread 0x000001eaf53f3e00 DEOPT PACKING pc=0x000001ea87bbf510 sp=0x000000d6a6ffd800
Event: 3.887 Thread 0x000001eaf53f3e00 DEOPT UNPACKING pc=0x000001ea875823a3 sp=0x000000d6a6ffd7e0 mode 2
Event: 3.887 Thread 0x000001eaf53f3e00 Uncommon trap: trap_request=0xffffffbe fr.pc=0x000001ea87bbf510 relative=0x0000000000001f30
Event: 3.887 Thread 0x000001eaf53f3e00 Uncommon trap: reason=profile_predicate action=maybe_recompile pc=0x000001ea87bbf510 method=java.util.TimSort.binarySort([Ljava/lang/Object;IIILjava/util/Comparator;)V @ 34 c2
Event: 3.887 Thread 0x000001eaf53f3e00 DEOPT PACKING pc=0x000001ea87bbf510 sp=0x000000d6a6ffd800
Event: 3.887 Thread 0x000001eaf53f3e00 DEOPT UNPACKING pc=0x000001ea875823a3 sp=0x000000d6a6ffd7e0 mode 2
Event: 3.887 Thread 0x000001eaf53f3e00 Uncommon trap: trap_request=0xffffffbe fr.pc=0x000001ea87bbf510 relative=0x0000000000001f30
Event: 3.887 Thread 0x000001eaf53f3e00 Uncommon trap: reason=profile_predicate action=maybe_recompile pc=0x000001ea87bbf510 method=java.util.TimSort.binarySort([Ljava/lang/Object;IIILjava/util/Comparator;)V @ 34 c2
Event: 3.887 Thread 0x000001eaf53f3e00 DEOPT PACKING pc=0x000001ea87bbf510 sp=0x000000d6a6ffd800
Event: 3.887 Thread 0x000001eaf53f3e00 DEOPT UNPACKING pc=0x000001ea875823a3 sp=0x000000d6a6ffd7e0 mode 2

Classes unloaded (0 events):
No events

Classes redefined (0 events):
No events

Internal exceptions (20 events):
Event: 1.526 Thread 0x000001eaf53f3e00 Exception <a 'java/lang/NoClassDefFoundError'{0x00000000fcec2230}: com/google/inject/servlet/ServletModuleTargetVisitor> (0x00000000fcec2230) 
thrown [s\open\src\hotspot\share\classfile\systemDictionary.cpp, line 245]
Event: 1.619 Thread 0x000001eaf53f3e00 Exception <a 'java/lang/NoSuchMethodError'{0x00000000fccf7450}: 'java.lang.Object java.lang.invoke.DirectMethodHandle$Holder.invokeStaticInit(java.lang.Object, int, int, int, int)'> (0x00000000fccf7450) 
thrown [s\open\src\hotspot\share\interpreter\linkResolver.cpp, line 759]
Event: 1.687 Thread 0x000001eaf53f3e00 Implicit null exception at 0x000001ea87af2a72 to 0x000001ea87af308c
Event: 1.688 Thread 0x000001eaf53f3e00 Implicit null exception at 0x000001ea87af5e72 to 0x000001ea87af64ac
Event: 1.696 Thread 0x000001eaf53f3e00 Exception <a 'java/lang/NoSuchMethodError'{0x00000000fc861458}: 'java.lang.Object java.lang.invoke.DirectMethodHandle$Holder.invokeVirtual(java.lang.Object, java.lang.Object, java.lang.Object)'> (0x00000000fc861458) 
thrown [s\open\src\hotspot\share\interpreter\linkResolver.cpp, line 759]
Event: 1.698 Thread 0x000001eaf53f3e00 Exception <a 'java/lang/NoSuchMethodError'{0x00000000fc8706c8}: 'void java.lang.invoke.DirectMethodHandle$Holder.invokeSpecial(java.lang.Object, java.lang.Object, java.lang.Object, java.lang.Object, java.lang.Object, java.lang.Object)'> (0x00000000fc8706c8) 
thrown [s\open\src\hotspot\share\interpreter\linkResolver.cpp, line 759]
Event: 2.215 Thread 0x000001eaf53f3e00 Implicit null exception at 0x000001ea87c05436 to 0x000001ea87c05530
Event: 2.215 Thread 0x000001eaf53f3e00 Implicit null exception at 0x000001ea87b8456f to 0x000001ea87b8474c
Event: 2.215 Thread 0x000001eaf53f3e00 Implicit null exception at 0x000001ea87b523e0 to 0x000001ea87b5247a
Event: 2.218 Thread 0x000001eaf53f3e00 Exception <a 'java/lang/NoSuchMethodError'{0x00000000fd49de28}: 'void java.lang.invoke.DirectMethodHandle$Holder.invokeStatic(java.lang.Object, java.lang.Object, java.lang.Object, java.lang.Object)'> (0x00000000fd49de28) 
thrown [s\open\src\hotspot\share\interpreter\linkResolver.cpp, line 759]
Event: 2.230 Thread 0x000001eaf53f3e00 Exception <a 'java/lang/NoSuchMethodError'{0x00000000fd304cf0}: 'int java.lang.invoke.DirectMethodHandle$Holder.invokeSpecialIFC(java.lang.Object, java.lang.Object, java.lang.Object, java.lang.Object)'> (0x00000000fd304cf0) 
thrown [s\open\src\hotspot\share\interpreter\linkResolver.cpp, line 759]
Event: 2.871 Thread 0x000001eaf53f3e00 Implicit null exception at 0x000001ea87bb160f to 0x000001ea87bb1689
Event: 2.990 Thread 0x000001eaf53f3e00 Exception <a 'java/lang/NoSuchMethodError'{0x00000000fdf66040}: 'java.lang.Object java.lang.invoke.DirectMethodHandle$Holder.newInvokeSpecial(java.lang.Object, java.lang.Object, java.lang.Object, java.lang.Object, java.lang.Object, java.lang.Object, java.lang.Object)'> (0x00000000fdf66040) 
thrown [s\open\src\hotspot\share\interpreter\linkResolver.cpp, line 759]
Event: 2.990 Thread 0x000001eaf53f3e00 Exception <a 'java/lang/NoSuchMethodError'{0x00000000fdf6a950}: 'java.lang.Object java.lang.invoke.Invokers$Holder.linkToTargetMethod(java.lang.Object, java.lang.Object, java.lang.Object, java.lang.Object, java.lang.Object, java.lang.Object, java.lang.Object)'> (0x00000000fdf6a950) 
thrown [s\open\src\hotspot\share\interpreter\linkResolver.cpp, line 759]
Event: 2.992 Thread 0x000001eaf53f3e00 Implicit null exception at 0x000001ea87cb75e6 to 0x000001ea87cb82f8
Event: 3.174 Thread 0x000001eaf53f3e00 Exception <a 'java/lang/NoSuchMethodError'{0x00000000fd57f9f8}: 'int java.lang.invoke.DirectMethodHandle$Holder.invokeVirtual(java.lang.Object, java.lang.Object)'> (0x00000000fd57f9f8) 
thrown [s\open\src\hotspot\share\interpreter\linkResolver.cpp, line 759]
Event: 3.203 Thread 0x000001eaf53f3e00 Exception <a 'java/lang/NoSuchMethodError'{0x00000000fd3738d0}: 'int java.lang.invoke.DirectMethodHandle$Holder.invokeStatic(java.lang.Object, java.lang.Object, int)'> (0x00000000fd3738d0) 
thrown [s\open\src\hotspot\share\interpreter\linkResolver.cpp, line 759]
Event: 3.780 Thread 0x000001eaf53f3e00 Exception <a 'java/lang/NoClassDefFoundError'{0x00000000fcc4bff8}: org/codehaus/plexus/util/io/CachingOutputStream> (0x00000000fcc4bff8) 
thrown [s\open\src\hotspot\share\classfile\systemDictionary.cpp, line 245]
Event: 3.895 Thread 0x000001eaf53f3e00 Exception <a 'java/lang/NoSuchMethodError'{0x00000000fc4625e8}: 'void java.lang.invoke.DirectMethodHandle$Holder.invokeStatic(java.lang.Object, long)'> (0x00000000fc4625e8) 
thrown [s\open\src\hotspot\share\interpreter\linkResolver.cpp, line 759]
Event: 3.896 Thread 0x000001eaf53f3e00 Exception <a 'java/lang/NoSuchMethodError'{0x00000000fc467fb0}: 'java.lang.Object java.lang.invoke.DirectMethodHandle$Holder.newInvokeSpecial(java.lang.Object, long)'> (0x00000000fc467fb0) 
thrown [s\open\src\hotspot\share\interpreter\linkResolver.cpp, line 759]

VM Operations (20 events):
Event: 1.833 Executing VM operation: ICBufferFull
Event: 1.833 Executing VM operation: ICBufferFull done
Event: 1.946 Executing VM operation: G1CollectForAllocation
Event: 1.960 Executing VM operation: G1CollectForAllocation done
Event: 2.225 Executing VM operation: ICBufferFull
Event: 2.225 Executing VM operation: ICBufferFull done
Event: 2.414 Executing VM operation: HandshakeAllThreads
Event: 2.414 Executing VM operation: HandshakeAllThreads done
Event: 2.426 Executing VM operation: ICBufferFull
Event: 2.426 Executing VM operation: ICBufferFull done
Event: 2.539 Executing VM operation: G1CollectForAllocation
Event: 2.550 Executing VM operation: G1CollectForAllocation done
Event: 2.972 Executing VM operation: G1CollectForAllocation
Event: 2.980 Executing VM operation: G1CollectForAllocation done
Event: 3.162 Executing VM operation: ICBufferFull
Event: 3.162 Executing VM operation: ICBufferFull done
Event: 3.515 Executing VM operation: ICBufferFull
Event: 3.515 Executing VM operation: ICBufferFull done
Event: 3.530 Executing VM operation: G1CollectForAllocation
Event: 3.537 Executing VM operation: G1CollectForAllocation done

Events (20 events):
Event: 3.780 loading class java/util/zip/ZipException
Event: 3.780 loading class java/util/zip/ZipException done
Event: 3.800 loading class java/io/FileFilter
Event: 3.800 loading class java/io/FileFilter done
Event: 3.816 loading class java/lang/IllegalThreadStateException
Event: 3.816 loading class java/lang/IllegalThreadStateException done
Event: 3.885 loading class java/lang/ProcessBuilder
Event: 3.885 loading class java/lang/ProcessBuilder done
Event: 3.885 loading class java/lang/ProcessBuilder$Redirect
Event: 3.885 loading class java/lang/ProcessBuilder$Redirect done
Event: 3.885 loading class java/lang/ProcessBuilder$Redirect$1
Event: 3.885 loading class java/lang/ProcessBuilder$Redirect$1 done
Event: 3.885 loading class java/lang/ProcessBuilder$Redirect$2
Event: 3.885 loading class java/lang/ProcessBuilder$Redirect$2 done
Event: 3.885 loading class java/lang/ProcessBuilder$Redirect$3
Event: 3.885 loading class java/lang/ProcessBuilder$Redirect$3 done
Event: 3.885 loading class java/lang/ProcessImpl
Event: 3.886 loading class java/lang/Process
Event: 3.886 loading class java/lang/Process done
Event: 3.886 loading class java/lang/ProcessImpl done


Dynamic libraries:
0x00007ff765820000 - 0x00007ff765830000 	C:\Program Files\Java\jdk-17\bin\java.exe
0x00007ffda3680000 - 0x00007ffda38e7000 	C:\WINDOWS\SYSTEM32\ntdll.dll
0x00007ffda2910000 - 0x00007ffda29d9000 	C:\WINDOWS\System32\KERNEL32.DLL
0x00007ffda0c10000 - 0x00007ffda1004000 	C:\WINDOWS\System32\KERNELBASE.dll
0x00007ffd9ff50000 - 0x00007ffda009b000 	C:\WINDOWS\System32\ucrtbase.dll
0x00007ffd314a0000 - 0x00007ffd314b9000 	C:\Program Files\Java\jdk-17\bin\jli.dll
0x00007ffd314c0000 - 0x00007ffd314db000 	C:\Program Files\Java\jdk-17\bin\VCRUNTIME140.dll
0x00007ffda1830000 - 0x00007ffda18e6000 	C:\WINDOWS\System32\ADVAPI32.dll
0x00007ffda3480000 - 0x00007ffda3529000 	C:\WINDOWS\System32\msvcrt.dll
0x00007ffda2860000 - 0x00007ffda2907000 	C:\WINDOWS\System32\sechost.dll
0x00007ffda15e0000 - 0x00007ffda16f8000 	C:\WINDOWS\System32\RPCRT4.dll
0x00007ffda2620000 - 0x00007ffda27e5000 	C:\WINDOWS\System32\USER32.dll
0x00007ffd8b160000 - 0x00007ffd8b3f3000 	C:\WINDOWS\WinSxS\amd64_microsoft.windows.common-controls_6595b64144ccf1df_6.0.26100.8115_none_3e075c82e3354f9c\COMCTL32.dll
0x00007ffda0210000 - 0x00007ffda0237000 	C:\WINDOWS\System32\win32u.dll
0x00007ffda2ac0000 - 0x00007ffda2aeb000 	C:\WINDOWS\System32\GDI32.dll
0x00007ffda1010000 - 0x00007ffda113b000 	C:\WINDOWS\System32\gdi32full.dll
0x00007ffda0b60000 - 0x00007ffda0c03000 	C:\WINDOWS\System32\msvcp_win.dll
0x00007ffd92980000 - 0x00007ffd9298b000 	C:\WINDOWS\SYSTEM32\VERSION.dll
0x00007ffda2a70000 - 0x00007ffda2aa2000 	C:\WINDOWS\System32\IMM32.DLL
0x00007ffd7b670000 - 0x00007ffd7b67c000 	C:\Program Files\Java\jdk-17\bin\vcruntime140_1.dll
0x00007ffd0f3e0000 - 0x00007ffd0f46e000 	C:\Program Files\Java\jdk-17\bin\msvcp140.dll
0x00007ffc97980000 - 0x00007ffc98560000 	C:\Program Files\Java\jdk-17\bin\server\jvm.dll
0x00007ffda3630000 - 0x00007ffda3638000 	C:\WINDOWS\System32\PSAPI.DLL
0x00007ffd8c180000 - 0x00007ffd8c18a000 	C:\WINDOWS\SYSTEM32\WSOCK32.dll
0x00007ffd8b400000 - 0x00007ffd8b436000 	C:\WINDOWS\SYSTEM32\WINMM.dll
0x00007ffda3160000 - 0x00007ffda31e0000 	C:\WINDOWS\System32\WS2_32.dll
0x00007ffd9eca0000 - 0x00007ffd9ecbb000 	C:\WINDOWS\SYSTEM32\kernel.appcore.dll
0x00007ffd76480000 - 0x00007ffd7648a000 	C:\Program Files\Java\jdk-17\bin\jimage.dll
0x00007ffd8b440000 - 0x00007ffd8b682000 	C:\WINDOWS\SYSTEM32\DBGHELP.DLL
0x00007ffda2190000 - 0x00007ffda2512000 	C:\WINDOWS\System32\combase.dll
0x00007ffda31f0000 - 0x00007ffda32c8000 	C:\WINDOWS\System32\OLEAUT32.dll
0x00007ffd8bed0000 - 0x00007ffd8bf0b000 	C:\WINDOWS\SYSTEM32\dbgcore.DLL
0x00007ffda0240000 - 0x00007ffda02e5000 	C:\WINDOWS\System32\bcryptPrimitives.dll
0x00007ffd2cfd0000 - 0x00007ffd2cff5000 	C:\Program Files\Java\jdk-17\bin\java.dll
0x00007ffd08cb0000 - 0x00007ffd08d87000 	C:\Program Files\Java\jdk-17\bin\jsvml.dll
0x00007ffda1a20000 - 0x00007ffda2187000 	C:\WINDOWS\System32\SHELL32.dll
0x00007ffda00a0000 - 0x00007ffda020a000 	C:\WINDOWS\System32\wintypes.dll
0x00007ffda02f0000 - 0x00007ffda0b58000 	C:\WINDOWS\System32\windows.storage.dll
0x00007ffda3530000 - 0x00007ffda3628000 	C:\WINDOWS\System32\SHCORE.dll
0x00007ffda27f0000 - 0x00007ffda2856000 	C:\WINDOWS\System32\shlwapi.dll
0x00007ffd9fe70000 - 0x00007ffd9fe99000 	C:\WINDOWS\SYSTEM32\profapi.dll
0x00007ffd2e8a0000 - 0x00007ffd2e8b9000 	C:\Program Files\Java\jdk-17\bin\net.dll
0x00007ffd939c0000 - 0x00007ffd93aed000 	C:\WINDOWS\SYSTEM32\WINHTTP.dll
0x00007ffd9f1f0000 - 0x00007ffd9f25c000 	C:\WINDOWS\system32\mswsock.dll
0x00007ffd2d350000 - 0x00007ffd2d366000 	C:\Program Files\Java\jdk-17\bin\nio.dll
0x00007ffd2c9d0000 - 0x00007ffd2c9e8000 	C:\Program Files\Java\jdk-17\bin\zip.dll
0x00007ffd27e30000 - 0x00007ffd27e54000 	G:\Downloads\apache-maven-3.9.12-bin\apache-maven-3.9.12\lib\jansi-native\Windows\x86_64\jansi.dll
0x00007ffd73030000 - 0x00007ffd73040000 	C:\Program Files\Java\jdk-17\bin\verify.dll

dbghelp: loaded successfully - version: 4.0.5 - missing functions: none
symbol engine: initialized successfully - sym options: 0x614 - pdb path: .;C:\Program Files\Java\jdk-17\bin;C:\WINDOWS\SYSTEM32;C:\WINDOWS\WinSxS\amd64_microsoft.windows.common-controls_6595b64144ccf1df_6.0.26100.8115_none_3e075c82e3354f9c;C:\Program Files\Java\jdk-17\bin\server;G:\Downloads\apache-maven-3.9.12-bin\apache-maven-3.9.12\lib\jansi-native\Windows\x86_64

VM Arguments:
jvm_args: -Xmx96m -Xms64m -Dclassworlds.conf=G:\Downloads\apache-maven-3.9.12-bin\apache-maven-3.9.12\bin\m2.conf -Dmaven.home=G:\Downloads\apache-maven-3.9.12-bin\apache-maven-3.9.12 -Dlibrary.jansi.path=G:\Downloads\apache-maven-3.9.12-bin\apache-maven-3.9.12\lib\jansi-native -Dmaven.multiModuleProjectDirectory=G:\mission - Copy 
java_command: org.codehaus.plexus.classworlds.launcher.Launcher -q spring-boot:run -Dspring-boot.run.profiles=dev -Dspring-boot.run.jvmArguments=-Xmx192m -Xms128m -XX:MaxMetaspaceSize=192m -XX:+UseSerialGC
java_class_path (initial): G:\Downloads\apache-maven-3.9.12-bin\apache-maven-3.9.12\boot\plexus-classworlds-2.9.0.jar
Launcher Type: SUN_STANDARD

[Global flags]
     intx CICompilerCount                          = 4                                         {product} {ergonomic}
     uint ConcGCThreads                            = 3                                         {product} {ergonomic}
     uint G1ConcRefinementThreads                  = 10                                        {product} {ergonomic}
   size_t G1HeapRegionSize                         = 1048576                                   {product} {ergonomic}
    uintx GCDrainStackTargetSize                   = 64                                        {product} {ergonomic}
   size_t InitialHeapSize                          = 67108864                                  {product} {command line}
   size_t MarkStackSize                            = 4194304                                   {product} {ergonomic}
   size_t MaxHeapSize                              = 100663296                                 {product} {command line}
   size_t MaxNewSize                               = 59768832                                  {product} {ergonomic}
   size_t MinHeapDeltaBytes                        = 1048576                                   {product} {ergonomic}
   size_t MinHeapSize                              = 67108864                                  {product} {command line}
    uintx NonNMethodCodeHeapSize                   = 5839372                                {pd product} {ergonomic}
    uintx NonProfiledCodeHeapSize                  = 122909434                              {pd product} {ergonomic}
    uintx ProfiledCodeHeapSize                     = 122909434                              {pd product} {ergonomic}
    uintx ReservedCodeCacheSize                    = 251658240                              {pd product} {ergonomic}
     bool SegmentedCodeCache                       = true                                      {product} {ergonomic}
   size_t SoftMaxHeapSize                          = 100663296                              {manageable} {ergonomic}
     bool UseCompressedClassPointers               = true                           {product lp64_product} {ergonomic}
     bool UseCompressedOops                        = true                           {product lp64_product} {ergonomic}
     bool UseG1GC                                  = true                                      {product} {ergonomic}
     bool UseLargePagesIndividualAllocation        = false                                  {pd product} {ergonomic}

Logging:
Log output configuration:
 #0: stdout all=warning uptime,level,tags
 #1: stderr all=off uptime,level,tags

Environment Variables:
PATH=C:\Program Files\Common Files\Oracle\Java\javapath;C:\Program Files (x86)\Common Files\Oracle\Java\javapath;C:\WINDOWS\system32;C:\WINDOWS;C:\WINDOWS\System32\Wbem;C:\WINDOWS\System32\WindowsPowerShell\v1.0\;C:\WINDOWS\System32\OpenSSH\;C:\Windows\System32\Wbem;C:\Program Files\Apache Software Foundation\Tomcat 9.0;G:\program files\nodejs\;C:\ProgramData\chocolatey\bin;C:\Program Files\Docker\Docker\resources;G:\program files\apache;G:\program files\tomcat\bin;G:\program files\Git\cmd;G:\Downloads\apache-maven-3.9.12-bin\apache-maven-3.9.12\bin;C:\Users\boyof\AppData\Local\Microsoft\WindowsApps;C:\Users\boyof\AppData\Local\Programs\Microsoft VS Code\bin;G:\program files\apache;C:\Users\boyof\AppData\Roaming\npm;G:\cursor\resources\app\bin;
USERNAME=boyof
OS=Windows_NT
PROCESSOR_IDENTIFIER=Intel64 Family 6 Model 158 Stepping 10, GenuineIntel



---------------  S Y S T E M  ---------------

OS:
 Windows 11 , 64 bit Build 26100 (10.0.26100.8246)
OS uptime: 13 days 0:26 hours
Hyper-V role detected

CPU: total 12 (initial active 12) (6 cores per cpu, 2 threads per core) family 6 model 158 stepping 10 microcode 0xf0, cx8, cmov, fxsr, ht, mmx, 3dnowpref, sse, sse2, sse3, ssse3, sse4.1, sse4.2, popcnt, lzcnt, tsc, tscinvbit, avx, avx2, aes, erms, clmul, bmi1, bmi2, adx, fma, vzeroupper, clflush, clflushopt, hv

Memory: 4k page, system-wide physical 16228M (1373M free)
TotalPageFile size 27296M (AvailPageFile size 4M)
current process WorkingSet (physical memory assigned to process): 164M, peak: 167M
current process commit charge ("private bytes"): 218M, peak: 219M

vm_info: Java HotSpot(TM) 64-Bit Server VM (17.0.12+8-LTS-286) for windows-amd64 JRE (17.0.12+8-LTS-286), built on Jun  5 2024 06:46:59 by "mach5one" with MS VC++ 17.6 (VS2022)

END.
